ARM Linker, 5.03 [Build 76] [MDK-ARM Standard]

==============================================================================

Section Cross References

    startup_stm32f10x_hd.o(STACK) refers (Special) to heapauxi.o(.text) for __use_two_region_memory
    startup_stm32f10x_hd.o(HEAP) refers (Special) to heapauxi.o(.text) for __use_two_region_memory
    startup_stm32f10x_hd.o(RESET) refers (Special) to heapauxi.o(.text) for __use_two_region_memory
    startup_stm32f10x_hd.o(RESET) refers to startup_stm32f10x_hd.o(STACK) for __initial_sp
    startup_stm32f10x_hd.o(RESET) refers to startup_stm32f10x_hd.o(.text) for Reset_Handler
    startup_stm32f10x_hd.o(RESET) refers to stm32f10x_it.o(i.NMI_Handler) for NMI_Handler
    startup_stm32f10x_hd.o(RESET) refers to stm32f10x_it.o(i.HardFault_Handler) for HardFault_Handler
    startup_stm32f10x_hd.o(RESET) refers to stm32f10x_it.o(i.MemManage_Handler) for MemManage_Handler
    startup_stm32f10x_hd.o(RESET) refers to stm32f10x_it.o(i.BusFault_Handler) for BusFault_Handler
    startup_stm32f10x_hd.o(RESET) refers to stm32f10x_it.o(i.UsageFault_Handler) for UsageFault_Handler
    startup_stm32f10x_hd.o(RESET) refers to stm32f10x_it.o(i.SVC_Handler) for SVC_Handler
    startup_stm32f10x_hd.o(RESET) refers to stm32f10x_it.o(i.DebugMon_Handler) for DebugMon_Handler
    startup_stm32f10x_hd.o(RESET) refers to os_cpu_a.o(.text) for OS_CPU_PendSVHandler
    startup_stm32f10x_hd.o(RESET) refers to stm32f10x_it.o(i.SysTick_Handler) for SysTick_Handler
    startup_stm32f10x_hd.o(RESET) refers to stm32f10x_it.o(i.EXTI9_5_IRQHandler) for EXTI9_5_IRQHandler
    startup_stm32f10x_hd.o(RESET) refers to stm32f10x_it.o(i.TIM3_IRQHandler) for TIM3_IRQHandler
    startup_stm32f10x_hd.o(.text) refers (Special) to heapauxi.o(.text) for __use_two_region_memory
    startup_stm32f10x_hd.o(.text) refers to system_stm32f10x.o(i.SystemInit) for SystemInit
    startup_stm32f10x_hd.o(.text) refers to __main.o(!!!main) for __main
    startup_stm32f10x_hd.o(.text) refers to startup_stm32f10x_hd.o(HEAP) for Heap_Mem
    startup_stm32f10x_hd.o(.text) refers to startup_stm32f10x_hd.o(STACK) for Stack_Mem
    system_stm32f10x.o(i.SetSysClock) refers to system_stm32f10x.o(i.SetSysClockTo72) for SetSysClockTo72
    system_stm32f10x.o(i.SystemCoreClockUpdate) refers to system_stm32f10x.o(.data) for SystemCoreClock
    system_stm32f10x.o(i.SystemInit) refers to system_stm32f10x.o(i.SetSysClock) for SetSysClock
    task.o(i.AppLEDTask) refers to watchdog.o(i.WatchDogFeed) for WatchDogFeed
    task.o(i.AppLEDTask) refers to os_time.o(i.OSTimeDly) for OSTimeDly
    task.o(i.AppOLEDTask) refers to midfunction.o(i.OLEDDisplay) for OLEDDisplay
    task.o(i.AppOLEDTask) refers to os_time.o(i.OSTimeDly) for OSTimeDly
    task.o(i.AppPowerOffTask) refers to midfunction.o(i.AutoPowerOff) for AutoPowerOff
    task.o(i.AppPowerOffTask) refers to os_time.o(i.OSTimeDly) for OSTimeDly
    task.o(i.AppQueueTask) refers to adc.o(i.EliminateBusCurrentErr) for EliminateBusCurrentErr
    task.o(i.AppQueueTask) refers to midfunction.o(i.Queue_push) for Queue_push
    task.o(i.AppQueueTask) refers to os_time.o(i.OSTimeDly) for OSTimeDly
    task.o(i.AppStartUpTask) refers to delay.o(i.System72MDelay1ms) for System72MDelay1ms
    task.o(i.AppStartUpTask) refers to systemconfig.o(i.SystemGpioConfig) for SystemGpioConfig
    task.o(i.AppStartUpTask) refers to midfunction.o(i.STMOpen) for STMOpen
    task.o(i.AppStartUpTask) refers to task.o(i.TaskCreate) for TaskCreate
    task.o(i.AppStartUpTask) refers to os_task.o(i.OSTaskDel) for OSTaskDel
    task.o(i.AppTestTask) refers to midfunction.o(i.Sound) for Sound
    task.o(i.AppTestTask) refers to os_time.o(i.OSTimeDly) for OSTimeDly
    task.o(i.AppTestTask) refers to midfunction.o(.bss) for queue
    task.o(i.AppUsbTask) refers to os_sem.o(i.OSSemCreate) for OSSemCreate
    task.o(i.AppUsbTask) refers to midfunction.o(i.UsbIdentify) for UsbIdentify
    task.o(i.AppUsbTask) refers to os_sem.o(i.OSSemPend) for OSSemPend
    task.o(i.AppUsbTask) refers to package.o(i.Unpack) for Unpack
    task.o(i.AppUsbTask) refers to guestrespond.o(i.GuestRespond) for GuestRespond
    task.o(i.AppUsbTask) refers to package.o(i.Pack) for Pack
    task.o(i.AppUsbTask) refers to ch374devicehid.o(i.DeviceHidSendData) for DeviceHidSendData
    task.o(i.AppUsbTask) refers to task.o(.data) for MsgSem
    task.o(i.AppUsbTask) refers to ch374devicehid.o(.bss) for HidData
    task.o(i.AppUsbTask) refers to guestrespond.o(.bss) for GusetTempBuffer
    task.o(i.TaskCreate) refers to os_task.o(i.OSTaskCreateExt) for OSTaskCreateExt
    task.o(i.TaskCreate) refers to task.o(.bss) for PrivateStk
    task.o(i.TaskCreate) refers to task.o(i.AppStartUpTask) for AppStartUpTask
    task.o(i.TaskCreate) refers to task.o(i.AppLEDTask) for AppLEDTask
    task.o(i.TaskCreate) refers to task.o(i.AppOLEDTask) for AppOLEDTask
    task.o(i.TaskCreate) refers to task.o(i.AppUsbTask) for AppUsbTask
[...]
    DMA1_Channel3_IRQHandler                 0x0800ca17   Thumb Code     0  startup_stm32f10x_hd.o(.text)
    DMA1_Channel4_IRQHandler                 0x0800ca17   Thumb Code     0  startup_stm32f10x_hd.o(.text)
    DMA1_Channel5_IRQHandler                 0x0800ca17   Thumb Code     0  startup_stm32f10x_hd.o(.text)
    DMA1_Channel6_IRQHandler                 0x0800ca17   Thumb Code     0  startup_stm32f10x_hd.o(.text)
    DMA1_Channel7_IRQHandler                 0x0800ca17   Thumb Code     0  startup_stm32f10x_hd.o(.text)
    DMA2_Channel1_IRQHandler                 0x0800ca17   Thumb Code     0  startup_stm32f10x_hd.o(.text)
    DMA2_Channel2_IRQHandler                 0x0800ca17   Thumb Code     0  startup_stm32f10x_hd.o(.text)
    DMA2_Channel3_IRQHandler                 0x0800ca17   Thumb Code     0  startup_stm32f10x_hd.o(.text)
    DMA2_Channel4_5_IRQHandler               0x0800ca17   Thumb Code     0  startup_stm32f10x_hd.o(.text)
    EXTI0_IRQHandler                         0x0800ca17   Thumb Code     0  startup_stm32f10x_hd.o(.text)
    EXTI15_10_IRQHandler                     0x0800ca17   Thumb Code     0  startup_stm32f10x_hd.o(.text)
    EXTI1_IRQHandler                         0x0800ca17   Thumb Code     0  startup_stm32f10x_hd.o(.text)
    EXTI2_IRQHandler                         0x0800ca17   Thumb Code     0  startup_stm32f10x_hd.o(.text)
    EXTI3_IRQHandler                         0x0800ca17   Thumb Code     0  startup_stm32f10x_hd.o(.text)
    EXTI4_IRQHandler                         0x0800ca17   Thumb Code     0  startup_stm32f10x_hd.o(.text)
    FLASH_IRQHandler                         0x0800ca17   Thumb Code     0  startup_stm32f10x_hd.o(.text)
    FSMC_IRQHandler                          0x0800ca17   Thumb Code     0  startup_stm32f10x_hd.o(.text)
    I2C1_ER_IRQHandler                       0x0800ca17   Thumb Code     0  startup_stm32f10x_hd.o(.text)
    I2C1_EV_IRQHandler                       0x0800ca17   Thumb Code     0  startup_stm32f10x_hd.o(.text)
    I2C2_ER_IRQHandler                       0x0800ca17   Thumb Code     0  startup_stm32f10x_hd.o(.text)
    I2C2_EV_IRQHandler                       0x0800ca17   Thumb Code     0  startup_stm32f10x_hd.o(.text)
    PVD_IRQHandler                           0x0800ca17   Thumb Code     0  startup_stm32f10x_hd.o(.text)
    RCC_IRQHandler                           0x0800ca17   Thumb Code     0  startup_stm32f10x_hd.o(.text)
    RTCAlarm_IRQHandler                      0x0800ca17   Thumb Code     0  startup_stm32f10x_hd.o(.text)
    RTC_IRQHandler                           0x0800ca17   Thumb Code     0  startup_stm32f10x_hd.o(.text)
    SDIO_IRQHandler                          0x0800ca17   Thumb Code     0  startup_stm32f10x_hd.o(.text)
    SPI1_IRQHandler                          0x0800ca17   Thumb Code     0  startup_stm32f10x_hd.o(.text)
    SPI2_IRQHandler                          0x0800ca17   Thumb Code     0  startup_stm32f10x_hd.o(.text)
    SPI3_IRQHandler                          0x0800ca17   Thumb Code     0  startup_stm32f10x_hd.o(.text)
    TAMPER_IRQHandler                        0x0800ca17   Thumb Code     0  startup_stm32f10x_hd.o(.text)
    TIM1_BRK_IRQHandler                      0x0800ca17   Thumb Code     0  startup_stm32f10x_hd.o(.text)
    TIM1_CC_IRQHandler                       0x0800ca17   Thumb Code     0  startup_stm32f10x_hd.o(.text)
    TIM1_TRG_COM_IRQHandler                  0x0800ca17   Thumb Code     0  startup_stm32f10x_hd.o(.text)
    TIM1_UP_IRQHandler                       0x0800ca17   Thumb Code     0  startup_stm32f10x_hd.o(.text)
    TIM2_IRQHandler                          0x0800ca17   Thumb Code     0  startup_stm32f10x_hd.o(.text)
    TIM4_IRQHandler                          0x0800ca17   Thumb Code     0  startup_stm32f10x_hd.o(.text)
    TIM5_IRQHandler                          0x0800ca17   Thumb Code     0  startup_stm32f10x_hd.o(.text)
    TIM6_IRQHandler                          0x0800ca17   Thumb Code     0  startup_stm32f10x_hd.o(.text)
    TIM7_IRQHandler                          0x0800ca17   Thumb Code     0  startup_stm32f10x_hd.o(.text)
    TIM8_BRK_IRQHandler                      0x0800ca17   Thumb Code     0  startup_stm32f10x_hd.o(.text)
    TIM8_CC_IRQHandler                       0x0800ca17   Thumb Code     0  startup_stm32f10x_hd.o(.text)
    TIM8_TRG_COM_IRQHandler                  0x0800ca17   Thumb Code     0  startup_stm32f10x_hd.o(.text)
    TIM8_UP_IRQHandler                       0x0800ca17   Thumb Code     0  startup_stm32f10x_hd.o(.text)
    UART4_IRQHandler                         0x0800ca17   Thumb Code     0  startup_stm32f10x_hd.o(.text)
    UART5_IRQHandler                         0x0800ca17   Thumb Code     0  startup_stm32f10x_hd.o(.text)
    USART1_IRQHandler                        0x0800ca17   Thumb Code     0  startup_stm32f10x_hd.o(.text)
    USART2_IRQHandler                        0x0800ca17   Thumb Code     0  startup_stm32f10x_hd.o(.text)
    USART3_IRQHandler                        0x0800ca17   Thumb Code     0  startup_stm32f10x_hd.o(.text)
    USBWakeUp_IRQHandler                     0x0800ca17   Thumb Code     0  startup_stm32f10x_hd.o(.text)
    USB_HP_CAN1_TX_IRQHandler                0x0800ca17   Thumb Code     0  startup_stm32f10x_hd.o(.text)
    USB_LP_CAN1_RX0_IRQHandler               0x0800ca17   Thumb Code     0  startup_stm32f10x_hd.o(.text)
    WWDG_IRQHandler                          0x0800ca17   Thumb Code     0  startup_stm32f10x_hd.o(.text)
    __user_initial_stackheap                 0x0800ca19   Thumb Code     0  startup_stm32f10x_hd.o(.text)
    OS_CPU_SR_Save                           0x0800ca3d   Thumb Code     0  os_cpu_a.o(.text)
    OS_CPU_SR_Restore                        0x0800ca45   Thumb Code     0  os_cpu_a.o(.text)
    OSStartHighRdy                           0x0800ca4b   Thumb Code     0  os_cpu_a.o(.text)
    OSCtxSw                                  0x0800ca6b   Thumb Code     0  os_cpu_a.o(.text)
    OSIntCtxSw                               0x0800ca75   Thumb Code     0  os_cpu_a.o(.text)
    OS_CPU_PendSVHandler                     0x0800ca7f   Thumb Code     0  os_cpu_a.o(.text)
    __2sprintf                               0x0800cae1   Thumb Code    38  __2sprintf.o(.text)
    _printf_pre_padding                      0x0800cb0d   Thumb Code    46  _printf_pad.o(.text)
    _printf_post_padding                     0x0800cb3b   Thumb Code    36  _printf_pad.o(.text)
    _printf_int_dec                          0x0800cb61   Thumb Code   102  _printf_dec.o(.text)
    __printf                                 0x0800cbd9   Thumb Code   310  __printf_flags_wp.o(.text)
    __0sscanf                                0x0800cd15   Thumb Code    52  __0sscanf.o(.text)
    _scanf_int                               0x0800cd51   Thumb Code   336  _scanf_int.o(.text)
    memcmp                                   0x0800cea1   Thumb Code    88  memcmp.o(.text)
    strcpy                                   0x0800cef9   Thumb Code    72  strcpy.o(.text)
    __aeabi_memcpy                           0x0800cf41   Thumb Code     0  rt_memcpy_v6.o(.text)
    __rt_memcpy                              0x0800cf41   Thumb Code   138  rt_memcpy_v6.o(.text)
    _memcpy_lastbytes                        0x0800cfa7   Thumb Code     0  rt_memcpy_v6.o(.text)
    __aeabi_memcpy4                          0x0800cfcb   Thumb Code     0  rt_memcpy_w.o(.text)
    __aeabi_memcpy8                          0x0800cfcb   Thumb Code     0  rt_memcpy_w.o(.text)
    __rt_memcpy_w                            0x0800cfcb   Thumb Code   100  rt_memcpy_w.o(.text)
    _memcpy_lastbytes_aligned                0x0800d013   Thumb Code     0  rt_memcpy_w.o(.text)
    __aeabi_memclr                           0x0800d02f   Thumb Code     0  rt_memclr.o(.text)
    __rt_memclr                              0x0800d02f   Thumb Code    68  rt_memclr.o(.text)
    _memset                                  0x0800d033   Thumb Code     0  rt_memclr.o(.text)
    __aeabi_memclr4                          0x0800d073   Thumb Code     0  rt_memclr_w.o(.text)
    __aeabi_memclr8                          0x0800d073   Thumb Code     0  rt_memclr_w.o(.text)
    __rt_memclr_w                            0x0800d073   Thumb Code    78  rt_memclr_w.o(.text)
    _memset_w                                0x0800d077   Thumb Code     0  rt_memclr_w.o(.text)
    strncpy                                  0x0800d0c1   Thumb Code    86  strncpy.o(.text)
    __use_two_region_memory                  0x0800d117   Thumb Code     2  heapauxi.o(.text)
    __rt_heap_escrow$2region                 0x0800d119   Thumb Code     2  heapauxi.o(.text)
    __rt_heap_expand$2region                 0x0800d11b   Thumb Code     2  heapauxi.o(.text)
    _printf_int_common                       0x0800d11d   Thumb Code   184  _printf_intcommon.o(.text)
    __lib_sel_fp_printf                      0x0800d1d5   Thumb Code     2  _printf_fp_dec.o(.text)
    _printf_fp_dec_real                      0x0800d381   Thumb Code   628  _printf_fp_dec.o(.text)
    _printf_char_common                      0x0800d5ff   Thumb Code    32  _printf_char_common.o(.text)
    _sputc                                   0x0800d625   Thumb Code    10  _sputc.o(.text)
    _chval                                   0x0800d62f   Thumb Code    28  _chval.o(.text)
    __vfscanf_char                           0x0800d659   Thumb Code    24  scanf_char.o(.text)
    _sgetc                                   0x0800d679   Thumb Code    30  _sgetc.o(.text)
    _sbackspace                              0x0800d697   Thumb Code    34  _sgetc.o(.text)
    __rt_locale                              0x0800d6b9   Thumb Code     8  rt_locale_intlibspace.o(.text)
    _ll_udiv10                               0x0800d6c1   Thumb Code   138  lludiv10.o(.text)
    isspace                                  0x0800d74b   Thumb Code    18  isspace.o(.text)
    _printf_fp_infnan                        0x0800d75d   Thumb Code   112  _printf_fp_infnan.o(.text)
    __vfscanf                                0x0800d7dd   Thumb Code   876  _scanf.o(.text)
    _btod_etento                             0x0800db4d   Thumb Code   222  bigflt0.o(.text)
    __user_libspace                          0x0800dc31   Thumb Code     8  libspace.o(.text)
    __user_perproc_libspace                  0x0800dc31   Thumb Code     0  libspace.o(.text)
    __user_perthread_libspace                0x0800dc31   Thumb Code     0  libspace.o(.text)
    __user_setup_stackheap                   0x0800dc39   Thumb Code    74  sys_stackheap_outer.o(.text)
    __rt_ctype_table                         0x0800dc85   Thumb Code    16  rt_ctype_table.o(.text)
    exit                                     0x0800dc95   Thumb Code    12  exit.o(.text)
    strcmp                                   0x0800dca1   Thumb Code   128  strcmpv7m.o(.text)
    _sys_exit                                0x0800dd21   Thumb Code     8  sys_exit.o(.text)
    __I$use$semihosting                      0x0800dd2d   Thumb Code     0  use_no_semi.o(.text)
    __use_no_semihosting_swi                 0x0800dd2d   Thumb Code     2  use_no_semi.o(.text)
    __semihosting_library_function           0x0800dd2f   Thumb Code     0  indicate_semi.o(.text)
    _btod_d2e                                0x0800dd2f   Thumb Code    62  btod.o(CL$$btod_d2e)
    _d2e_denorm_low                          0x0800dd6d   Thumb Code    70  btod.o(CL$$btod_d2e_denorm_low)
    _d2e_norm_op1                            0x0800ddb3   Thumb Code    96  btod.o(CL$$btod_d2e_norm_op1)
    __btod_div_common                        0x0800de13   Thumb Code   696  btod.o(CL$$btod_div_common)
    _e2e                                     0x0800e14b   Thumb Code   198  btod.o(CL$$btod_e2e)
    _btod_ediv                               0x0800e211   Thumb Code    40  btod.o(CL$$btod_ediv)
    _btod_emul                               0x0800e239   Thumb Code    40  btod.o(CL$$btod_emul)
    __btod_mult_common                       0x0800e261   Thumb Code   580  btod.o(CL$$btod_mult_common)
    ADC_ClearFlag                            0x0800e4a5   Thumb Code     6  stm32f10x_adc.o(i.ADC_ClearFlag)
    ADC_Cmd                                  0x0800e4ab   Thumb Code    22  stm32f10x_adc.o(i.ADC_Cmd)
    ADC_GetCalibrationStatus                 0x0800e4c1   Thumb Code    20  stm32f10x_adc.o(i.ADC_GetCalibrationStatus)
    ADC_GetConversionValue                   0x0800e4d5   Thumb Code     8  stm32f10x_adc.o(i.ADC_GetConversionValue)
    ADC_GetFlagStatus                        0x0800e4dd   Thumb Code    18  stm32f10x_adc.o(i.ADC_GetFlagStatus)
    ADC_GetResetCalibrationStatus            0x0800e4ef   Thumb Code    20  stm32f10x_adc.o(i.ADC_GetResetCalibrationStatus)
    ADC_Init                                 0x0800e505   Thumb Code    70  stm32f10x_adc.o(i.ADC_Init)
    ADC_RegularChannelConfig                 0x0800e555   Thumb Code   184  stm32f10x_adc.o(i.ADC_RegularChannelConfig)
    ADC_ResetCalibration                     0x0800e60d   Thumb Code    10  stm32f10x_adc.o(i.ADC_ResetCalibration)
    ADC_SoftwareStartConvCmd                 0x0800e617   Thumb Code    22  stm32f10x_adc.o(i.ADC_SoftwareStartConvCmd)
    ADC_StartCalibration                     0x0800e62d   Thumb Code    10  stm32f10x_adc.o(i.ADC_StartCalibration)
    Adc2VoltageOrCurrent                     0x0800e639   Thumb Code   160  adc.o(i.Adc2VoltageOrCurrent)
    AdcConfig                                0x0800e6dd   Thumb Code   150  adc.o(i.AdcConfig)
    AppLEDTask                               0x0800e7b9   Thumb Code    26  task.o(i.AppLEDTask)
    AppOLEDTask                              0x0800e7d9   Thumb Code    14  task.o(i.AppOLEDTask)
    AppPowerOffTask                          0x0800e7e7   Thumb Code    14  task.o(i.AppPowerOffTask)
    AppQueueTask                             0x0800e7f5   Thumb Code    22  task.o(i.AppQueueTask)
    AppStartUpTask                           0x0800e80b   Thumb Code    50  task.o(i.AppStartUpTask)
    AppTestTask                              0x0800e83d   Thumb Code    46  task.o(i.AppTestTask)
    AppUsbTask                               0x0800e871   Thumb Code    94  task.o(i.AppUsbTask)
    AutoPowerOff                             0x0800e8e1   Thumb Code    30  midfunction.o(i.AutoPowerOff)
    BusFault_Handler                         0x0800e8ff   Thumb Code     4  stm32f10x_it.o(i.BusFault_Handler)
    BusIsShort                               0x0800e903   Thumb Code    28  adc.o(i.BusIsShort)
    BusLeakIsShort                           0x0800e91f   Thumb Code    50  adc.o(i.BusLeakIsShort)
    CH374DeviceInit                          0x0800e951   Thumb Code   176  ch374device.o(i.CH374DeviceInit)
    CH374DeviceInterrupt                     0x0800ea19   Thumb Code  1074  ch374device.o(i.CH374DeviceInterrupt)
    CH374InterruptCallBack                   0x0800ee69   Thumb Code    22  ch374devicehid.o(i.CH374InterruptCallBack)
    CH374SpiConfig                           0x0800ee85   Thumb Code   156  ch374interface.o(i.CH374SpiConfig)
    CH374SpiSendByte                         0x0800ef29   Thumb Code    50  ch374interface.o(i.CH374SpiSendByte)
    CH374WriteBlockZero                      0x0800ef61   Thumb Code    58  ch374interface.o(i.CH374WriteBlockZero)
    Ch374HardWareConfig                      0x0800efa1   Thumb Code   166  ch374interface.o(i.Ch374HardWareConfig)
    DebugMon_Handler                         0x0800f051   Thumb Code     2  stm32f10x_it.o(i.DebugMon_Handler)
    DeviceHidOutCallBack                     0x0800f055   Thumb Code    86  ch374devicehid.o(i.DeviceHidOutCallBack)
    DeviceHidSendData                        0x0800f0b5   Thumb Code   160  ch374devicehid.o(i.DeviceHidSendData)
    DeviceHidSendFinishCallBack              0x0800f159   Thumb Code     8  ch374devicehid.o(i.DeviceHidSendFinishCallBack)
    EXTI9_5_IRQHandler                       0x0800f165   Thumb Code    30  stm32f10x_it.o(i.EXTI9_5_IRQHandler)
    EXTI_ClearITPendingBit                   0x0800f185   Thumb Code     6  stm32f10x_exti.o(i.EXTI_ClearITPendingBit)
    EXTI_GetITStatus                         0x0800f191   Thumb Code    34  stm32f10x_exti.o(i.EXTI_GetITStatus)
    EXTI_Init                                0x0800f1b9   Thumb Code   142  stm32f10x_exti.o(i.EXTI_Init)
    EliminateBusCurrentErr                   0x0800f24d   Thumb Code    78  adc.o(i.EliminateBusCurrentErr)
    FLASH_ClearFlag                          0x0800f29d   Thumb Code     6  stm32f10x_flash.o(i.FLASH_ClearFlag)
    FLASH_ErasePage                          0x0800f2a9   Thumb Code    72  stm32f10x_flash.o(i.FLASH_ErasePage)
    FLASH_GetBank1Status                     0x0800f2f5   Thumb Code    48  stm32f10x_flash.o(i.FLASH_GetBank1Status)
    FLASH_Lock                               0x0800f329   Thumb Code    14  stm32f10x_flash.o(i.FLASH_Lock)
    FLASH_ProgramHalfWord                    0x0800f33d   Thumb Code    60  stm32f10x_flash.o(i.FLASH_ProgramHalfWord)
    FLASH_Unlock                             0x0800f37d   Thumb Code    12  stm32f10x_flash.o(i.FLASH_Unlock)
    FLASH_WaitForLastOperation               0x0800f395   Thumb Code    38  stm32f10x_flash.o(i.FLASH_WaitForLastOperation)
    GPIO_EXTILineConfig                      0x0800f3bd   Thumb Code    60  stm32f10x_gpio.o(i.GPIO_EXTILineConfig)
    GPIO_Init                                0x0800f3fd   Thumb Code   274  stm32f10x_gpio.o(i.GPIO_Init)
    GPIO_PinRemapConfig                      0x0800f511   Thumb Code   138  stm32f10x_gpio.o(i.GPIO_PinRemapConfig)
    GPIO_ReadInputDataBit                    0x0800f5a1   Thumb Code    18  stm32f10x_gpio.o(i.GPIO_ReadInputDataBit)
    GPIO_ResetBits                           0x0800f5b3   Thumb Code     4  stm32f10x_gpio.o(i.GPIO_ResetBits)
    GPIO_SetBits                             0x0800f5b7   Thumb Code     4  stm32f10x_gpio.o(i.GPIO_SetBits)
    GetAdcValue                              0x0800f5bd   Thumb Code   202  adc.o(i.GetAdcValue)
    GetBatteryVoltage                        0x0800f68d   Thumb Code    52  adc.o(i.GetBatteryVoltage)
    GetBufferStringLenght                    0x0800f6c9   Thumb Code    24  guestrespond.o(i.GetBufferStringLenght)
    GetBusCurrent                            0x0800f6e1   Thumb Code   114  adc.o(i.GetBusCurrent)
    GetBusLeakCurrent                        0x0800f765   Thumb Code   210  adc.o(i.GetBusLeakCurrent)
    GetBusVoltage                            0x0800f84d   Thumb Code   174  adc.o(i.GetBusVoltage)
    GetBusVoltageFromAdcValue                0x0800f8fd   Thumb Code   206  adc.o(i.GetBusVoltageFromAdcValue)
    GetCrc16Value                            0x0800f9dd   Thumb Code    64  crc16.o(i.GetCrc16Value)
    GetDecValueFromSeparator                 0x0800fa25   Thumb Code   106  guestrespond.o(i.GetDecValueFromSeparator)
    GetGeneralRespondData                    0x0800fa99   Thumb Code    66  guestrespond.o(i.GetGeneralRespondData)
    GetLinABAdcValue                         0x0800fae1   Thumb Code    40  adc.o(i.GetLinABAdcValue)
    GpioConfig                               0x0800fb09   Thumb Code   140  systemconfig.o(i.GpioConfig)
    GuestRespond                             0x0800fb9d   Thumb Code  2488  guestrespond.o(i.GuestRespond)
    HardFault_Handler                        0x08010559   Thumb Code     4  stm32f10x_it.o(i.HardFault_Handler)
    I2C_Delay                                0x0801055d   Thumb Code    20  i2c.o(i.I2C_Delay)
    I2C_FromBusyToIdle                       0x08010571   Thumb Code    54  i2c.o(i.I2C_FromBusyToIdle)
    I2C_GPIO_Config                          0x080105ad   Thumb Code    76  i2c.o(i.I2C_GPIO_Config)
    I2C_SendByte                             0x080105fd   Thumb Code   106  i2c.o(i.I2C_SendByte)
    I2C_Start                                0x0801066d   Thumb Code   118  i2c.o(i.I2C_Start)
    I2C_Stop                                 0x080106e9   Thumb Code    74  i2c.o(i.I2C_Stop)
    I2C_WaitAck                              0x08010739   Thumb Code    96  i2c.o(i.I2C_WaitAck)
    I2C_WriteByte                            0x0801079d   Thumb Code    94  i2c.o(i.I2C_WriteByte)
    I2C_WriteData                            0x080107fb   Thumb Code   104  i2c.o(i.I2C_WriteData)
    IWDG_Enable                              0x08010865   Thumb Code    10  stm32f10x_iwdg.o(i.IWDG_Enable)
    IWDG_ReloadCounter                       0x08010875   Thumb Code    10  stm32f10x_iwdg.o(i.IWDG_ReloadCounter)
    IWDG_SetPrescaler                        0x08010885   Thumb Code     6  stm32f10x_iwdg.o(i.IWDG_SetPrescaler)
    IWDG_SetReload                           0x08010891   Thumb Code     6  stm32f10x_iwdg.o(i.IWDG_SetReload)
    IWDG_WriteAccessCmd                      0x0801089d   Thumb Code     6  stm32f10x_iwdg.o(i.IWDG_WriteAccessCmd)
    LEDConfig                                0x080108a9   Thumb Code    96  led.o(i.LEDConfig)
    LcdBufferClear                           0x08010915   Thumb Code    42  lcdutils.o(i.LcdBufferClear)
    LcdBufferPaint                           0x08010945   Thumb Code    40  lcdutils.o(i.LcdBufferPaint)
    LcdCheckCharHz                           0x08010971   Thumb Code   158  lcdutils.o(i.LcdCheckCharHz)
    LcdClear                                 0x08010a31   Thumb Code    56  lcd.o(i.LcdClear)
    LcdDrawOne                               0x08010a69   Thumb Code   182  lcdutils.o(i.LcdDrawOne)
    LcdDrawPoint                             0x08010b29   Thumb Code   150  lcdutils.o(i.LcdDrawPoint)
    LcdDrawString                            0x08010bc5   Thumb Code    86  lcdutils.o(i.LcdDrawString)
    LcdDrawStringCenter                      0x08010c21   Thumb Code    30  lcdutils.o(i.LcdDrawStringCenter)
    LcdDrawStringHCenter                     0x08010c45   Thumb Code    88  lcdutils.o(i.LcdDrawStringHCenter)
    LcdInit                                  0x08010ca1   Thumb Code   182  lcd.o(i.LcdInit)
    LcdSetFont                               0x08010d59   Thumb Code    66  lcdutils.o(i.LcdSetFont)
    LcdSetFontState                          0x08010da5   Thumb Code     6  lcdutils.o(i.LcdSetFontState)
    LcdSetPos                                0x08010db1   Thumb Code    36  lcd.o(i.LcdSetPos)
    LcdShowStr2Center                        0x08010dd5   Thumb Code    58  lcdutils.o(i.LcdShowStr2Center)
    LcdShowStrCenter                         0x08010e15   Thumb Code    20  lcdutils.o(i.LcdShowStrCenter)
    LcdWriteCommand                          0x08010e29   Thumb Code    16  lcd.o(i.LcdWriteCommand)
    LcdWriteData                             0x08010e39   Thumb Code    16  lcd.o(i.LcdWriteData)
    LcdWriteDataBytes                        0x08010e49   Thumb Code    20  lcd.o(i.LcdWriteDataBytes)
    MemManage_Handler                        0x08010e5d   Thumb Code     4  stm32f10x_it.o(i.MemManage_Handler)
    NMI_Handler                              0x08010e61   Thumb Code     2  stm32f10x_it.o(i.NMI_Handler)
    NVIC_Init                                0x08010e65   Thumb Code   102  misc.o(i.NVIC_Init)
    NVIC_SetVectorTable                      0x08010ed9   Thumb Code    12  misc.o(i.NVIC_SetVectorTable)
    OLEDDisplay                              0x08010eed   Thumb Code   344  midfunction.o(i.OLEDDisplay)
    OSEventNameSet                           0x080110a9   Thumb Code    84  os_core.o(i.OSEventNameSet)
    OSInit                                   0x08011101   Thumb Code    48  os_core.o(i.OSInit)
    OSInitHookBegin                          0x08011131   Thumb Code     8  os_cpu_c.o(i.OSInitHookBegin)
    OSInitHookEnd                            0x0801113d   Thumb Code     2  os_cpu_c.o(i.OSInitHookEnd)
    OSIntEnter                               0x08011141   Thumb Code    28  os_core.o(i.OSIntEnter)
    OSIntExit                                0x08011165   Thumb Code   112  os_core.o(i.OSIntExit)
    OSMutexCreate                            0x080111f5   Thumb Code   138  os_mutex.o(i.OSMutexCreate)
    OSMutexPend                              0x08011291   Thumb Code   568  os_mutex.o(i.OSMutexPend)
    OSMutexPost                              0x080114e1   Thumb Code   186  os_mutex.o(i.OSMutexPost)
    OSSchedLock                              0x0801162d   Thumb Code    50  os_core.o(i.OSSchedLock)
    OSSchedUnlock                            0x0801166d   Thumb Code    82  os_core.o(i.OSSchedUnlock)
    OSSemCreate                              0x080116cd   Thumb Code    72  os_sem.o(i.OSSemCreate)
    OSSemPend                                0x08011721   Thumb Code   228  os_sem.o(i.OSSemPend)
    OSSemPost                                0x08011811   Thumb Code    88  os_sem.o(i.OSSemPost)
    OSStart                                  0x08011869   Thumb Code    48  os_core.o(i.OSStart)
    OSTCBInitHook                            0x080118b1   Thumb Code     2  os_cpu_c.o(i.OSTCBInitHook)
    OSTaskCreateExt                          0x080118b5   Thumb Code   170  os_task.o(i.OSTaskCreateExt)
    OSTaskCreateHook                         0x0801196d   Thumb Code     2  os_cpu_c.o(i.OSTaskCreateHook)
    OSTaskDel                                0x08011971   Thumb Code   292  os_task.o(i.OSTaskDel)
    OSTaskDelHook                            0x08011ac1   Thumb Code     2  os_cpu_c.o(i.OSTaskDelHook)
    OSTaskIdleHook                           0x08011ac3   Thumb Code     2  os_cpu_c.o(i.OSTaskIdleHook)
    OSTaskNameSet                            0x08011ac5   Thumb Code    98  os_task.o(i.OSTaskNameSet)
    OSTaskResume                             0x08011b35   Thumb Code   160  os_task.o(i.OSTaskResume)
    OSTaskStatHook                           0x08011be5   Thumb Code     2  os_cpu_c.o(i.OSTaskStatHook)
    OSTaskStkChk                             0x08011be9   Thumb Code   132  os_task.o(i.OSTaskStkChk)
    OSTaskStkInit                            0x08011c75   Thumb Code   154  os_cpu_c.o(i.OSTaskStkInit)
    OSTaskSuspend                            0x08011d11   Thumb Code   152  os_task.o(i.OSTaskSuspend)
    OSTaskSwHook                             0x08011db9   Thumb Code     2  os_cpu_c.o(i.OSTaskSwHook)
    OSTimeDly                                0x08011dbd   Thumb Code   100  os_time.o(i.OSTimeDly)
    OSTimeTick                               0x08011e35   Thumb Code   218  os_core.o(i.OSTimeTick)
    OSTimeTickHook                           0x08011f29   Thumb Code    30  os_cpu_c.o(i.OSTimeTickHook)
    OSTmrSignal                              0x08011f4d   Thumb Code    16  os_tmr.o(i.OSTmrSignal)
    OSTmr_Init                               0x08011f61   Thumb Code   168  os_tmr.o(i.OSTmr_Init)
    OS_Dummy                                 0x080121d5   Thumb Code     2  os_core.o(i.OS_Dummy)
    OS_EventTaskRdy                          0x080121d9   Thumb Code   132  os_core.o(i.OS_EventTaskRdy)
    OS_EventTaskRemove                       0x0801226d   Thumb Code    42  os_core.o(i.OS_EventTaskRemove)
    OS_EventTaskRemoveMulti                  0x08012297   Thumb Code    60  os_core.o(i.OS_EventTaskRemoveMulti)
    OS_EventTaskWait                         0x080122d5   Thumb Code   112  os_core.o(i.OS_EventTaskWait)
    OS_EventWaitListInit                     0x08012351   Thumb Code    28  os_core.o(i.OS_EventWaitListInit)
    OS_MemClr                                0x08012579   Thumb Code    18  os_core.o(i.OS_MemClr)
    OS_MemInit                               0x0801258d   Thumb Code    74  os_mem.o(i.OS_MemInit)
    OS_QInit                                 0x080125e5   Thumb Code    72  os_q.o(i.OS_QInit)
    OS_Sched                                 0x08012635   Thumb Code    88  os_core.o(i.OS_Sched)
    OS_TCBInit                               0x080126d5   Thumb Code   288  os_core.o(i.OS_TCBInit)
    OS_TaskIdle                              0x08012811   Thumb Code    34  os_core.o(i.OS_TaskIdle)
    OS_TaskStat                              0x08012839   Thumb Code   116  os_core.o(i.OS_TaskStat)
    OS_TaskStatStkChk                        0x080128c1   Thumb Code    54  os_core.o(i.OS_TaskStatStkChk)
    OS_TaskStkClr                            0x080128fd   Thumb Code    26  os_task.o(i.OS_TaskStkClr)
    Pack                                     0x08012919   Thumb Code   174  package.o(i.Pack)
    PackageKeyInit                           0x080129cd   Thumb Code    14  package.o(i.PackageKeyInit)
    Queue_Init                               0x080129f5   Thumb Code    22  midfunction.o(i.Queue_Init)
    Queue_push                               0x08012a11   Thumb Code   220  midfunction.o(i.Queue_push)
    RCC_ADCCLKConfig                         0x08012af1   Thumb Code    18  stm32f10x_rcc.o(i.RCC_ADCCLKConfig)
    RCC_APB1PeriphClockCmd                   0x08012b09   Thumb Code    26  stm32f10x_rcc.o(i.RCC_APB1PeriphClockCmd)
    RCC_APB2PeriphClockCmd                   0x08012b29   Thumb Code    26  stm32f10x_rcc.o(i.RCC_APB2PeriphClockCmd)
    RCC_GetClocksFreq                        0x08012b49   Thumb Code   192  stm32f10x_rcc.o(i.RCC_GetClocksFreq)
    Read374Block                             0x08012c25   Thumb Code    64  ch374interface.o(i.Read374Block)
    Read374Byte                              0x08012c69   Thumb Code    48  ch374interface.o(i.Read374Byte)
    ReadFactoryConfigParam                   0x08012c9d   Thumb Code   132  recorder.o(i.ReadFactoryConfigParam)
    ReadFlashDataWithCRC16                   0x08012d2d   Thumb Code   128  recorder.o(i.ReadFlashDataWithCRC16)
    SPI_Cmd                                  0x08012db5   Thumb Code    24  stm32f10x_spi.o(i.SPI_Cmd)
    SPI_I2S_GetFlagStatus                    0x08012dcd   Thumb Code    18  stm32f10x_spi.o(i.SPI_I2S_GetFlagStatus)
    SPI_I2S_ReceiveData                      0x08012ddf   Thumb Code     6  stm32f10x_spi.o(i.SPI_I2S_ReceiveData)
    SPI_I2S_SendData                         0x08012de5   Thumb Code     4  stm32f10x_spi.o(i.SPI_I2S_SendData)
    SPI_Init                                 0x08012de9   Thumb Code    60  stm32f10x_spi.o(i.SPI_Init)
    STMOpen                                  0x08012e25   Thumb Code    24  midfunction.o(i.STMOpen)
    SVC_Handler                              0x08012e3d   Thumb Code     2  stm32f10x_it.o(i.SVC_Handler)
    SetStayInBoot                            0x08012e41   Thumb Code    56  recorder.o(i.SetStayInBoot)
    SlipSimpleCheck                          0x08012f61   Thumb Code   120  slip.o(i.SlipSimpleCheck)
    Slip_Pack                                0x08012fd9   Thumb Code   134  slip.o(i.Slip_Pack)
    Slip_Unpack                              0x0801305f   Thumb Code   160  slip.o(i.Slip_Unpack)
    SoftReset                                0x08013101   Thumb Code    38  recorder.o(i.SoftReset)
    Sound                                    0x08013131   Thumb Code    66  midfunction.o(i.Sound)
    SysTickConfig                            0x08013179   Thumb Code    92  delay.o(i.SysTickConfig)
    SysTick_Handler                          0x080131dd   Thumb Code    26  stm32f10x_it.o(i.SysTick_Handler)
    System72MDelay100us                      0x080131fd   Thumb Code    28  delay.o(i.System72MDelay100us)
    System72MDelay10us                       0x08013219   Thumb Code    28  delay.o(i.System72MDelay10us)
    System72MDelay1ms                        0x08013235   Thumb Code    24  delay.o(i.System72MDelay1ms)
    System72MDelay1us                        0x0801324d   Thumb Code    16  delay.o(i.System72MDelay1us)
    SystemGpioConfig                         0x0801325d   Thumb Code    68  systemconfig.o(i.SystemGpioConfig)
    SystemInit                               0x080132a9   Thumb Code    78  system_stm32f10x.o(i.SystemInit)
    TIM3_IRQHandler                          0x08013309   Thumb Code    38  stm32f10x_it.o(i.TIM3_IRQHandler)
    TIM_ClearITPendingBit                    0x08013339   Thumb Code     6  stm32f10x_tim.o(i.TIM_ClearITPendingBit)
    TIM_GetITStatus                          0x0801333f   Thumb Code    34  stm32f10x_tim.o(i.TIM_GetITStatus)
    TaskCreate                               0x08013361   Thumb Code   302  task.o(i.TaskCreate)
    U16DataFallRank                          0x080134c9   Thumb Code   114  adc.o(i.U16DataFallRank)
    Unpack                                   0x0801353d   Thumb Code   192  package.o(i.Unpack)
    UsageFault_Handler                       0x08013601   Thumb Code     4  stm32f10x_it.o(i.UsageFault_Handler)
    UsbIdentify                              0x08013605   Thumb Code    64  midfunction.o(i.UsbIdentify)
    WatchDogFeed                             0x08013651   Thumb Code     8  watchdog.o(i.WatchDogFeed)
    WatchDogInit                             0x08013659   Thumb Code    34  watchdog.o(i.WatchDogInit)
    Write374Block                            0x0801367d   Thumb Code    62  ch374interface.o(i.Write374Block)
    Write374Byte                             0x080136c1   Thumb Code    46  ch374interface.o(i.Write374Byte)
    WriteFactoryConfigParam                  0x080136f5   Thumb Code   106  recorder.o(i.WriteFactoryConfigParam)
    WriteFlashDataWithCRC16                  0x0801376d   Thumb Code   170  recorder.o(i.WriteFlashDataWithCRC16)
    __ARM_fpclassify                         0x08013821   Thumb Code    40  fpclassify.o(i.__ARM_fpclassify)
    _is_digit                                0x08013849   Thumb Code    14  __printf_wp.o(i._is_digit)
    aes_decrypt                              0x08013859   Thumb Code  4144  aes.o(i.aes_decrypt)
    aes_encrypt                              0x0801489d   Thumb Code  4138  aes.o(i.aes_encrypt)
    aes_gen_tables                           0x080158dd   Thumb Code     2  aes.o(i.aes_gen_tables)
    aes_set_key                              0x080158e1   Thumb Code   930  aes.o(i.aes_set_key)
    main                                     0x08015cb5   Thumb Code    34  main.o(i.main)
    _get_lc_numeric                          0x08015cd9   Thumb Code    44  lc_numeric_c.o(locale$$code)
    _get_lc_ctype                            0x08015d05   Thumb Code    44  lc_ctype_c.o(locale$$code)
    __aeabi_d2f                              0x08015d31   Thumb Code     0  d2f.o(x$fpl$d2f)
    _d2f                                     0x08015d31   Thumb Code    98  d2f.o(x$fpl$d2f)
    __aeabi_ddiv                             0x08015d95   Thumb Code     0  ddiv.o(x$fpl$ddiv)
    _ddiv                                    0x08015d95   Thumb Code   552  ddiv.o(x$fpl$ddiv)
    __aeabi_d2iz                             0x08016045   Thumb Code     0  dfix.o(x$fpl$dfix)
    _dfix                                    0x08016045   Thumb Code    94  dfix.o(x$fpl$dfix)
    __aeabi_d2uiz                            0x080160a5   Thumb Code     0  dfixu.o(x$fpl$dfixu)
    _dfixu                                   0x080160a5   Thumb Code    90  dfixu.o(x$fpl$dfixu)
    __aeabi_ui2d                             0x080160ff   Thumb Code     0  dflt_clz.o(x$fpl$dfltu)
    _dfltu                                   0x080160ff   Thumb Code    38  dflt_clz.o(x$fpl$dfltu)
    __aeabi_dmul                             0x08016125   Thumb Code     0  dmul.o(x$fpl$dmul)
    _dmul                                    0x08016125   Thumb Code   332  dmul.o(x$fpl$dmul)
    __fpl_dnaninf                            0x08016279   Thumb Code   156  dnaninf.o(x$fpl$dnaninf)
    __fpl_dretinf                            0x08016315   Thumb Code    12  dretinf.o(x$fpl$dretinf)
    __aeabi_f2d                              0x08016321   Thumb Code     0  f2d.o(x$fpl$f2d)
    _f2d                                     0x08016321   Thumb Code    86  f2d.o(x$fpl$f2d)
    __aeabi_fadd                             0x08016379   Thumb Code     0  faddsub_clz.o(x$fpl$fadd)
    _fadd                                    0x08016379   Thumb Code   196  faddsub_clz.o(x$fpl$fadd)
    __aeabi_fdiv                             0x0801643d   Thumb Code     0  fdiv.o(x$fpl$fdiv)
    _fdiv                                    0x0801643d   Thumb Code   384  fdiv.o(x$fpl$fdiv)
    __aeabi_f2iz                             0x080165c1   Thumb Code     0  ffix.o(x$fpl$ffix)
    _ffix                                    0x080165c1   Thumb Code    54  ffix.o(x$fpl$ffix)
    __aeabi_f2uiz                            0x080165f9   Thumb Code     0  ffixu.o(x$fpl$ffixu)
    _ffixu                                   0x080165f9   Thumb Code    62  ffixu.o(x$fpl$ffixu)
    __aeabi_i2f                              0x08016639   Thumb Code     0  fflt_clz.o(x$fpl$fflt)
    _fflt                                    0x08016639   Thumb Code    48  fflt_clz.o(x$fpl$fflt)
    __aeabi_ui2f                             0x08016669   Thumb Code     0  fflt_clz.o(x$fpl$ffltu)
    _ffltu                                   0x08016669   Thumb Code    38  fflt_clz.o(x$fpl$ffltu)
    __aeabi_fmul                             0x08016691   Thumb Code     0  fmul.o(x$fpl$fmul)
    _fmul                                    0x08016691   Thumb Code   258  fmul.o(x$fpl$fmul)
    __fpl_fnaninf                            0x08016793   Thumb Code   140  fnaninf.o(x$fpl$fnaninf)
    __fpl_fretinf                            0x0801681f   Thumb Code    10  fretinf.o(x$fpl$fretinf)
    __aeabi_fsub                             0x08016829   Thumb Code     0  faddsub_clz.o(x$fpl$fsub)
    _fsub                                    0x08016829   Thumb Code   234  faddsub_clz.o(x$fpl$fsub)
    _printf_fp_dec                           0x08016913   Thumb Code     4  printf1.o(x$fpl$printf1)
    __I$use$fp                               0x08016916   Number         0  usenofp.o(x$fpl$usenofp)
    auch_CRCHi                               0x08019140   Data         256  crc16.o(.constdata)
    auch_CRCLo                               0x08019240   Data         256  crc16.o(.constdata)
    charIndex8_16                            0x08019340   Data          96  lcdutils.o(.constdata)
    chardot8_16                              0x080193a0   Data        1536  lcdutils.o(.constdata)
    hzIndex16_16                             0x080199a0   Data          42  lcdutils.o(.constdata)
    hzdot16_16                               0x080199ca   Data         672  lcdutils.o(.constdata)
    charIndex12_24                           0x08019c6a   Data          96  lcdutils.o(.constdata)
    chardot12_24                             0x08019cca   Data        4608  lcdutils.o(.constdata)
    hzIndex24_24                             0x0801aeca   Data           8  lcdutils.o(.constdata)
    hzdot24_24                               0x0801aed2   Data         288  lcdutils.o(.constdata)
    LangDescr                                0x0801aff2   Data           4  ch374device.o(.constdata)
    ManuInfo                                 0x0801aff6   Data          14  ch374device.o(.constdata)
    ProdInfo                                 0x0801b004   Data          14  ch374device.o(.constdata)
    CustomHID_DeviceDescriptor               0x0801b012   Data          18  ch374devicehid.o(.constdata)
    CustomHID_ConfigDescriptor               0x0801b024   Data          41  ch374devicehid.o(.constdata)
    CustomHID_ReportDescriptor               0x0801b04d   Data          38  ch374devicehid.o(.constdata)
    OSUnMapTbl                               0x0801b073   Data         256  os_core.o(.constdata)
    Region$$Table$$Base                      0x0801b218   Number         0  anon$$obj.o(Region$$Table)
    Region$$Table$$Limit                     0x0801b238   Number         0  anon$$obj.o(Region$$Table)
    __ctype                                  0x0801b261   Data           0  lc_ctype_c.o(locale$$data)
    MsgSem                                   0x20000000   Data           4  task.o(.data)
    op_data                                  0x20000004   Data           5  task.o(.data)
    TickCounter                              0x2000000c   Data           4  stm32f10x_it.o(.data)
    do_init                                  0x20000014   Data           4  aes.o(.data)
    KT_init                                  0x20000018   Data           4  aes.o(.data)
    LcdFont                                  0x2000001c   Data           6  lcdutils.o(.data)
    LcdState                                 0x20000022   Data           6  lcdutils.o(.data)
    UsbConfig                                0x20000028   Data           1  ch374device.o(.data)
    CH374ErrFlag                             0x20000029   Data           1  ch374device.o(.data)
    mVarSetupRequest                         0x2000002a   Data           1  ch374device.o(.data)
    mVarSetupLength                          0x2000002b   Data           1  ch374device.o(.data)
    VarSetupDescr                            0x2000002c   Data           4  ch374device.o(.data)
    DeviceHidSendFinish                      0x20000030   Data           1  ch374devicehid.o(.data)
    OSCtxSwCtr                               0x20000048   Data           4  os_core.o(.data)
    OSEventFreeList                          0x2000004c   Data           4  os_core.o(.data)
    OSCPUUsage                               0x20000050   Data           1  os_core.o(.data)
    OSIdleCtrMax                             0x20000054   Data           4  os_core.o(.data)
    OSIdleCtrRun                             0x20000058   Data           4  os_core.o(.data)
    OSStatRdy                                0x2000005c   Data           1  os_core.o(.data)
    OSIntNesting                             0x2000005d   Data           1  os_core.o(.data)
    OSLockNesting                            0x2000005e   Data           1  os_core.o(.data)
    OSPrioCur                                0x2000005f   Data           1  os_core.o(.data)
    OSPrioHighRdy                            0x20000060   Data           1  os_core.o(.data)
    OSRdyGrp                                 0x20000061   Data           1  os_core.o(.data)
    OSRdyTbl                                 0x20000062   Data           8  os_core.o(.data)
    OSRunning                                0x2000006a   Data           1  os_core.o(.data)
    OSTaskCtr                                0x2000006b   Data           1  os_core.o(.data)
    OSIdleCtr                                0x2000006c   Data           4  os_core.o(.data)
    OSTCBCur                                 0x20000070   Data           4  os_core.o(.data)
    OSTCBFreeList                            0x20000074   Data           4  os_core.o(.data)
    OSTCBHighRdy                             0x20000078   Data           4  os_core.o(.data)
    OSTCBList                                0x2000007c   Data           4  os_core.o(.data)
    OSTickStepState                          0x20000080   Data           1  os_core.o(.data)
    OSMemFreeList                            0x20000084   Data           4  os_core.o(.data)
    OSQFreeList                              0x20000088   Data           4  os_core.o(.data)
    OSTime                                   0x2000008c   Data           4  os_core.o(.data)
    OSTmrFree                                0x20000090   Data           2  os_core.o(.data)
    OSTmrUsed                                0x20000092   Data           2  os_core.o(.data)
    OSTmrTime                                0x20000094   Data           4  os_core.o(.data)
    OSTmrSem                                 0x20000098   Data           4  os_core.o(.data)
    OSTmrSemSignal                           0x2000009c   Data           4  os_core.o(.data)
    OSTmrFreeList                            0x200000a0   Data           4  os_core.o(.data)
    PrivateStk                               0x200000a8   Data        4608  task.o(.bss)
    DeviceInfo                               0x200012a8   Data          65  task.o(.bss)
    GusetSendBuffer                          0x200012ea   Data        1028  guestrespond.o(.bss)
    GusetTempBuffer                          0x200016ee   Data        1028  guestrespond.o(.bss)
    queue                                    0x20001af2   Data         204  midfunction.o(.bss)
    adc_adjust                               0x20001bc0   Data          48  adc.o(.bss)
    KT0                                      0x20001bf0   Data        1024  aes.o(.bss)
    KT1                                      0x20001ff0   Data        1024  aes.o(.bss)
    KT2                                      0x200023f0   Data        1024  aes.o(.bss)
    KT3                                      0x200027f0   Data        1024  aes.o(.bss)
    LcdBuffer                                0x20002bf0   Data         384  lcdutils.o(.bss)
    Ch374Device                              0x20002f74   Data          44  ch374device.o(.bss)
    HidData                                  0x20002fa0   Data        1028  ch374devicehid.o(.bss)
    OSEventTbl                               0x200033a4   Data         240  os_core.o(.bss)
    OSTaskStatStk                            0x20003494   Data         512  os_core.o(.bss)
    OSTaskIdleStk                            0x20003694   Data         512  os_core.o(.bss)
    OSTCBPrioTbl                             0x20003894   Data         256  os_core.o(.bss)
    OSTCBTbl                                 0x20003994   Data        1760  os_core.o(.bss)
    OSMemTbl                                 0x20004074   Data         120  os_core.o(.bss)
    OSQTbl                                   0x200040ec   Data          96  os_core.o(.bss)
    OSTmrTbl                                 0x2000414c   Data         640  os_core.o(.bss)
    OSTmrTaskStk                             0x200043cc   Data         512  os_core.o(.bss)
    OSTmrWheelTbl                            0x200045cc   Data          64  os_core.o(.bss)
    __libspace_start                         0x2000460c   Data          96  libspace.o(.bss)
    __temporary_stack_top$libspace           0x2000466c   Data           0  libspace.o(.bss)



==============================================================================

Memory Map of the image

  Image Entry point : 0x0800c931

  Load Region LR_IROM1 (Base: 0x0800c800, Size: 0x0000ec08, Max: 0x00040000, ABSOLUTE)

    Execution Region ER_IROM1 (Base: 0x0800c800, Size: 0x0000eb64, Max: 0x00040000, ABSOLUTE)

    Base Addr    Size         Type   Attr      Idx    E Section Name        Object

    0x0800c800   0x00000130   Data   RO           19    RESET               startup_stm32f10x_hd.o
    0x0800c930   0x00000008   Code   RO         3810  * !!!main             c_w.l(__main.o)
    0x0800c938   0x00000034   Code   RO         4094    !!!scatter          c_w.l(__scatter.o)
    0x0800c96c   0x0000001a   Code   RO         4096    !!handler_copy      c_w.l(__scatter_copy.o)
    0x0800c986   0x00000002   PAD
    0x0800c988   0x0000001c   Code   RO         4098    !!handler_zi        c_w.l(__scatter_zi.o)
    0x0800c9a4   0x00000000   Code   RO         3789    .ARM.Collect$$_printf_percent$$00000000  c_w.l(_printf_percent.o)
    0x0800c9a4   0x00000006   Code   RO         3788    .ARM.Collect$$_printf_percent$$00000003  c_w.l(_printf_f.o)
    0x0800c9aa   0x00000006   Code   RO         3786    .ARM.Collect$$_printf_percent$$00000009  c_w.l(_printf_d.o)
    0x0800c9b0   0x00000006   Code   RO         3787    .ARM.Collect$$_printf_percent$$0000000A  c_w.l(_printf_u.o)
    0x0800c9b6   0x00000004   Code   RO         3873    .ARM.Collect$$_printf_percent$$00000017  c_w.l(_printf_percent_end.o)
    0x0800c9ba   0x00000002   Code   RO         3967    .ARM.Collect$$libinit$$00000000  c_w.l(libinit.o)
    0x0800c9bc   0x00000000   Code   RO         3969    .ARM.Collect$$libinit$$00000002  c_w.l(libinit2.o)
    0x0800c9bc   0x00000000   Code   RO         3972    .ARM.Collect$$libinit$$00000008  c_w.l(libinit2.o)
    0x0800c9bc   0x00000000   Code   RO         3974    .ARM.Collect$$libinit$$0000000A  c_w.l(libinit2.o)
    0x0800c9bc   0x00000000   Code   RO         3976    .ARM.Collect$$libinit$$0000000C  c_w.l(libinit2.o)
    0x0800c9bc   0x00000006   Code   RO         3977    .ARM.Collect$$libinit$$0000000D  c_w.l(libinit2.o)
    0x0800c9c2   0x00000000   Code   RO         3979    .ARM.Collect$$libinit$$0000000F  c_w.l(libinit2.o)
    0x0800c9c2   0x0000000c   Code   RO         3980    .ARM.Collect$$libinit$$00000010  c_w.l(libinit2.o)
    0x0800c9ce   0x00000000   Code   RO         3981    .ARM.Collect$$libinit$$00000011  c_w.l(libinit2.o)
    0x0800c9ce   0x00000000   Code   RO         3983    .ARM.Collect$$libinit$$00000013  c_w.l(libinit2.o)
    0x0800c9ce   0x0000000a   Code   RO         3984    .ARM.Collect$$libinit$$00000014  c_w.l(libinit2.o)
    0x0800c9d8   0x00000000   Code   RO         3985    .ARM.Collect$$libinit$$00000015  c_w.l(libinit2.o)
    0x0800c9d8   0x00000000   Code   RO         3987    .ARM.Collect$$libinit$$00000017  c_w.l(libinit2.o)
    0x0800c9d8   0x00000000   Code   RO         3989    .ARM.Collect$$libinit$$00000019  c_w.l(libinit2.o)
    0x0800c9d8   0x00000000   Code   RO         3991    .ARM.Collect$$libinit$$0000001B  c_w.l(libinit2.o)
    0x0800c9d8   0x00000000   Code   RO         3993    .ARM.Collect$$libinit$$0000001D  c_w.l(libinit2.o)
    0x0800c9d8   0x00000000   Code   RO         3995    .ARM.Collect$$libinit$$0000001F  c_w.l(libinit2.o)
    0x0800c9d8   0x00000000   Code   RO         3997    .ARM.Collect$$libinit$$00000021  c_w.l(libinit2.o)
    0x0800c9d8   0x00000000   Code   RO         3999    .ARM.Collect$$libinit$$00000023  c_w.l(libinit2.o)
    0x0800c9d8   0x00000000   Code   RO         4003    .ARM.Collect$$libinit$$0000002A  c_w.l(libinit2.o)
    0x0800c9d8   0x00000000   Code   RO         4005    .ARM.Collect$$libinit$$0000002C  c_w.l(libinit2.o)
    0x0800c9d8   0x00000000   Code   RO         4007    .ARM.Collect$$libinit$$0000002E  c_w.l(libinit2.o)
    0x0800c9d8   0x00000000   Code   RO         4009    .ARM.Collect$$libinit$$00000030  c_w.l(libinit2.o)
    0x0800c9d8   0x00000002   Code   RO         4010    .ARM.Collect$$libinit$$00000031  c_w.l(libinit2.o)
    0x0800c9da   0x00000002   Code   RO         4043    .ARM.Collect$$libshutdown$$00000000  c_w.l(libshutdown.o)
    0x0800c9dc   0x00000000   Code   RO         4055    .ARM.Collect$$libshutdown$$00000003  c_w.l(libshutdown2.o)
    0x0800c9dc   0x00000000   Code   RO         4058    .ARM.Collect$$libshutdown$$00000006  c_w.l(libshutdown2.o)
    0x0800c9dc   0x00000000   Code   RO         4061    .ARM.Collect$$libshutdown$$00000009  c_w.l(libshutdown2.o)
    0x0800c9dc   0x00000000   Code   RO         4063    .ARM.Collect$$libshutdown$$0000000B  c_w.l(libshutdown2.o)
    0x0800c9dc   0x00000000   Code   RO         4066    .ARM.Collect$$libshutdown$$0000000E  c_w.l(libshutdown2.o)
    0x0800c9dc   0x00000002   Code   RO         4067    .ARM.Collect$$libshutdown$$0000000F  c_w.l(libshutdown2.o)
    0x0800c9de   0x00000000   Code   RO         3864    .ARM.Collect$$rtentry$$00000000  c_w.l(rtentry.o)
    0x0800c9de   0x00000000   Code   RO         3890    .ARM.Collect$$rtentry$$00000002  c_w.l(rtentry2.o)
    0x0800c9de   0x00000006   Code   RO         3902    .ARM.Collect$$rtentry$$00000004  c_w.l(rtentry4.o)
    0x0800c9e4   0x00000000   Code   RO         3892    .ARM.Collect$$rtentry$$00000009  c_w.l(rtentry2.o)
    0x0800c9e4   0x00000004   Code   RO         3893    .ARM.Collect$$rtentry$$0000000A  c_w.l(rtentry2.o)
    0x0800c9e8   0x00000000   Code   RO         3895    .ARM.Collect$$rtentry$$0000000C  c_w.l(rtentry2.o)
    0x0800c9e8   0x00000008   Code   RO         3896    .ARM.Collect$$rtentry$$0000000D  c_w.l(rtentry2.o)
    0x0800c9f0   0x00000002   Code   RO         4011    .ARM.Collect$$rtexit$$00000000  c_w.l(rtexit.o)
    0x0800c9f2   0x00000000   Code   RO         4021    .ARM.Collect$$rtexit$$00000002  c_w.l(rtexit2.o)
    0x0800c9f2   0x00000004   Code   RO         4022    .ARM.Collect$$rtexit$$00000003  c_w.l(rtexit2.o)
    0x0800c9f6   0x00000006   Code   RO         4023    .ARM.Collect$$rtexit$$00000004  c_w.l(rtexit2.o)
    0x0800c9fc   0x00000040   Code   RO           20    .text               startup_stm32f10x_hd.o
    0x0800ca3c   0x000000a4   Code   RO         3031    .text               os_cpu_a.o
    0x0800cae0   0x0000002c   Code   RO         3756    .text               c_w.l(__2sprintf.o)
    0x0800cb0c   0x00000052   Code   RO         3762    .text               c_w.l(_printf_pad.o)
    0x0800cb5e   0x00000002   PAD
    0x0800cb60   0x00000078   Code   RO         3764    .text               c_w.l(_printf_dec.o)
    0x0800cbd8   0x0000013c   Code   RO         3778    .text               c_w.l(__printf_flags_wp.o)
    0x0800cd14   0x0000003c   Code   RO         3790    .text               c_w.l(__0sscanf.o)
    0x0800cd50   0x00000150   Code   RO         3792    .text               c_w.l(_scanf_int.o)
    0x0800cea0   0x00000058   Code   RO         3794    .text               c_w.l(memcmp.o)
    0x0800cef8   0x00000048   Code   RO         3796    .text               c_w.l(strcpy.o)
    0x0800cf40   0x0000008a   Code   RO         3798    .text               c_w.l(rt_memcpy_v6.o)
    0x0800cfca   0x00000064   Code   RO         3800    .text               c_w.l(rt_memcpy_w.o)
    0x0800d02e   0x00000044   Code   RO         3802    .text               c_w.l(rt_memclr.o)
    0x0800d072   0x0000004e   Code   RO         3804    .text               c_w.l(rt_memclr_w.o)
    0x0800d0c0   0x00000056   Code   RO         3806    .text               c_w.l(strncpy.o)
    0x0800d116   0x00000006   Code   RO         3808    .text               c_w.l(heapauxi.o)
    0x0800d11c   0x000000b8   Code   RO         3865    .text               c_w.l(_printf_intcommon.o)
    0x0800d1d4   0x00000420   Code   RO         3867    .text               c_w.l(_printf_fp_dec.o)
    0x0800d5f4   0x00000030   Code   RO         3869    .text               c_w.l(_printf_char_common.o)
    0x0800d624   0x0000000a   Code   RO         3871    .text               c_w.l(_sputc.o)
    0x0800d62e   0x0000001c   Code   RO         3874    .text               c_w.l(_chval.o)
    0x0800d64a   0x00000002   PAD
    0x0800d64c   0x0000002c   Code   RO         3876    .text               c_w.l(scanf_char.o)
    0x0800d678   0x00000040   Code   RO         3878    .text               c_w.l(_sgetc.o)
    0x0800d6b8   0x00000008   Code   RO         3907    .text               c_w.l(rt_locale_intlibspace.o)
    0x0800d6c0   0x0000008a   Code   RO         3909    .text               c_w.l(lludiv10.o)
    0x0800d74a   0x00000012   Code   RO         3911    .text               c_w.l(isspace.o)
    0x0800d75c   0x00000080   Code   RO         3913    .text               c_w.l(_printf_fp_infnan.o)
    0x0800d7dc   0x00000370   Code   RO         3917    .text               c_w.l(_scanf.o)
    0x0800db4c   0x000000e4   Code   RO         3919    .text               c_w.l(bigflt0.o)
    0x0800dc30   0x00000008   Code   RO         3951    .text               c_w.l(libspace.o)
    0x0800dc38   0x0000004a   Code   RO         3954    .text               c_w.l(sys_stackheap_outer.o)
    0x0800dc82   0x00000002   PAD
    0x0800dc84   0x00000010   Code   RO         3956    .text               c_w.l(rt_ctype_table.o)
    0x0800dc94   0x0000000c   Code   RO         3958    .text               c_w.l(exit.o)
    0x0800dca0   0x00000080   Code   RO         3960    .text               c_w.l(strcmpv7m.o)
    0x0800dd20   0x0000000c   Code   RO         4033    .text               c_w.l(sys_exit.o)
    0x0800dd2c   0x00000002   Code   RO         4044    .text               c_w.l(use_no_semi.o)
    0x0800dd2e   0x00000000   Code   RO         4046    .text               c_w.l(indicate_semi.o)
    0x0800dd2e   0x0000003e   Code   RO         3922    CL$$btod_d2e        c_w.l(btod.o)
    0x0800dd6c   0x00000046   Code   RO         3924    CL$$btod_d2e_denorm_low  c_w.l(btod.o)
    0x0800ddb2   0x00000060   Code   RO         3923    CL$$btod_d2e_norm_op1  c_w.l(btod.o)
    0x0800de12   0x00000338   Code   RO         3932    CL$$btod_div_common  c_w.l(btod.o)
    0x0800e14a   0x000000c6   Code   RO         3929    CL$$btod_e2e        c_w.l(btod.o)
    0x0800e210   0x00000028   Code   RO         3926    CL$$btod_ediv       c_w.l(btod.o)
    0x0800e238   0x00000028   Code   RO         3925    CL$$btod_emul       c_w.l(btod.o)
    0x0800e260   0x00000244   Code   RO         3931    CL$$btod_mult_common  c_w.l(btod.o)
    0x0800e4a4   0x00000006   Code   RO         1809    i.ADC_ClearFlag     stm32f10x_adc.o
    0x0800e4aa   0x00000016   Code   RO         1811    i.ADC_Cmd           stm32f10x_adc.o
    0x0800e4c0   0x00000014   Code   RO         1819    i.ADC_GetCalibrationStatus  stm32f10x_adc.o
    0x0800e4d4   0x00000008   Code   RO         1820    i.ADC_GetConversionValue  stm32f10x_adc.o
    0x0800e4dc   0x00000012   Code   RO         1822    i.ADC_GetFlagStatus  stm32f10x_adc.o
    0x0800e4ee   0x00000014   Code   RO         1825    i.ADC_GetResetCalibrationStatus  stm32f10x_adc.o
    0x0800e502   0x00000002   PAD
    0x0800e504   0x00000050   Code   RO         1829    i.ADC_Init          stm32f10x_adc.o
    0x0800e554   0x000000b8   Code   RO         1833    i.ADC_RegularChannelConfig  stm32f10x_adc.o
    0x0800e60c   0x0000000a   Code   RO         1834    i.ADC_ResetCalibration  stm32f10x_adc.o
    0x0800e616   0x00000016   Code   RO         1836    i.ADC_SoftwareStartConvCmd  stm32f10x_adc.o
    0x0800e62c   0x0000000a   Code   RO         1838    i.ADC_StartCalibration  stm32f10x_adc.o
    0x0800e636   0x00000002   PAD
    0x0800e638   0x000000a4   Code   RO          567    i.Adc2VoltageOrCurrent  adc.o
    0x0800e6dc   0x000000a4   Code   RO          568    i.AdcConfig         adc.o
    0x0800e780   0x00000028   Code   RO          569    i.AdcLock           adc.o
    0x0800e7a8   0x00000010   Code   RO          570    i.AdcUnlock         adc.o
    0x0800e7b8   0x00000020   Code   RO          101    i.AppLEDTask        task.o
    0x0800e7d8   0x0000000e   Code   RO          102    i.AppOLEDTask       task.o
    0x0800e7e6   0x0000000e   Code   RO          103    i.AppPowerOffTask   task.o
    0x0800e7f4   0x00000016   Code   RO          104    i.AppQueueTask      task.o
    0x0800e80a   0x00000032   Code   RO          105    i.AppStartUpTask    task.o
    0x0800e83c   0x00000034   Code   RO          106    i.AppTestTask       task.o
    0x0800e870   0x00000070   Code   RO          107    i.AppUsbTask        task.o
    0x0800e8e0   0x0000001e   Code   RO          419    i.AutoPowerOff      midfunction.o
    0x0800e8fe   0x00000004   Code   RO          270    i.BusFault_Handler  stm32f10x_it.o
    0x0800e902   0x0000001c   Code   RO          572    i.BusIsShort        adc.o
    0x0800e91e   0x00000032   Code   RO          573    i.BusLeakIsShort    adc.o
    0x0800e950   0x000000c8   Code   RO         1136    i.CH374DeviceInit   ch374device.o
    0x0800ea18   0x00000450   Code   RO         1137    i.CH374DeviceInterrupt  ch374device.o
    0x0800ee68   0x0000001c   Code   RO         1159    i.CH374InterruptCallBack  ch374devicehid.o
    0x0800ee84   0x000000a4   Code   RO         1197    i.CH374SpiConfig    ch374interface.o
    0x0800ef28   0x00000038   Code   RO         1198    i.CH374SpiSendByte  ch374interface.o
    0x0800ef60   0x00000040   Code   RO         1199    i.CH374WriteBlockZero  ch374interface.o
    0x0800efa0   0x000000b0   Code   RO         1200    i.Ch374HardWareConfig  ch374interface.o
    0x0800f050   0x00000002   Code   RO          271    i.DebugMon_Handler  stm32f10x_it.o
    0x0800f052   0x00000002   PAD
    0x0800f054   0x00000060   Code   RO         1160    i.DeviceHidOutCallBack  ch374devicehid.o
    0x0800f0b4   0x000000a4   Code   RO         1161    i.DeviceHidSendData  ch374devicehid.o
    0x0800f158   0x0000000c   Code   RO         1162    i.DeviceHidSendFinishCallBack  ch374devicehid.o
    0x0800f164   0x0000001e   Code   RO          272    i.EXTI9_5_IRQHandler  stm32f10x_it.o
    0x0800f182   0x00000002   PAD
    0x0800f184   0x0000000c   Code   RO         1294    i.EXTI_ClearITPendingBit  stm32f10x_exti.o
    0x0800f190   0x00000028   Code   RO         1298    i.EXTI_GetITStatus  stm32f10x_exti.o
    0x0800f1b8   0x00000094   Code   RO         1299    i.EXTI_Init         stm32f10x_exti.o
    0x0800f24c   0x0000004e   Code   RO          575    i.EliminateBusCurrentErr  adc.o
    0x0800f29a   0x00000002   PAD
    0x0800f29c   0x0000000c   Code   RO         2027    i.FLASH_ClearFlag   stm32f10x_flash.o
    0x0800f2a8   0x0000004c   Code   RO         2032    i.FLASH_ErasePage   stm32f10x_flash.o
    0x0800f2f4   0x00000034   Code   RO         2033    i.FLASH_GetBank1Status  stm32f10x_flash.o
    0x0800f328   0x00000014   Code   RO         2042    i.FLASH_Lock        stm32f10x_flash.o
    0x0800f33c   0x00000040   Code   RO         2045    i.FLASH_ProgramHalfWord  stm32f10x_flash.o
    0x0800f37c   0x00000018   Code   RO         2050    i.FLASH_Unlock      stm32f10x_flash.o
    0x0800f394   0x00000026   Code   RO         2054    i.FLASH_WaitForLastOperation  stm32f10x_flash.o
    0x0800f3ba   0x00000002   PAD
    0x0800f3bc   0x00000040   Code   RO         1350    i.GPIO_EXTILineConfig  stm32f10x_gpio.o
    0x0800f3fc   0x00000112   Code   RO         1353    i.GPIO_Init         stm32f10x_gpio.o
    0x0800f50e   0x00000002   PAD
    0x0800f510   0x00000090   Code   RO         1355    i.GPIO_PinRemapConfig  stm32f10x_gpio.o
    0x0800f5a0   0x00000012   Code   RO         1357    i.GPIO_ReadInputDataBit  stm32f10x_gpio.o
    0x0800f5b2   0x00000004   Code   RO         1360    i.GPIO_ResetBits    stm32f10x_gpio.o
    0x0800f5b6   0x00000004   Code   RO         1361    i.GPIO_SetBits      stm32f10x_gpio.o
    0x0800f5ba   0x00000002   PAD
    0x0800f5bc   0x000000d0   Code   RO          576    i.GetAdcValue       adc.o
    0x0800f68c   0x0000003c   Code   RO          577    i.GetBatteryVoltage  adc.o
    0x0800f6c8   0x00000018   Code   RO          371    i.GetBufferStringLenght  guestrespond.o
    0x0800f6e0   0x00000084   Code   RO          578    i.GetBusCurrent     adc.o
    0x0800f764   0x000000e8   Code   RO          579    i.GetBusLeakCurrent  adc.o
    0x0800f84c   0x000000ae   Code   RO          580    i.GetBusVoltage     adc.o
    0x0800f8fa   0x00000002   PAD
    0x0800f8fc   0x000000e0   Code   RO          581    i.GetBusVoltageFromAdcValue  adc.o
    0x0800f9dc   0x00000048   Code   RO          724    i.GetCrc16Value     crc16.o
    0x0800fa24   0x00000074   Code   RO          374    i.GetDecValueFromSeparator  guestrespond.o
    0x0800fa98   0x00000048   Code   RO          375    i.GetGeneralRespondData  guestrespond.o
    0x0800fae0   0x00000028   Code   RO          583    i.GetLinABAdcValue  adc.o
    0x0800fb08   0x00000094   Code   RO          353    i.GpioConfig        systemconfig.o
    0x0800fb9c   0x000009bc   Code   RO          376    i.GuestRespond      guestrespond.o
    0x08010558   0x00000004   Code   RO          273    i.HardFault_Handler  stm32f10x_it.o
    0x0801055c   0x00000014   Code   RO          780    i.I2C_Delay         i2c.o
    0x08010570   0x0000003c   Code   RO          781    i.I2C_FromBusyToIdle  i2c.o
    0x080105ac   0x00000050   Code   RO          782    i.I2C_GPIO_Config   i2c.o
    0x080105fc   0x00000070   Code   RO          787    i.I2C_SendByte      i2c.o
    0x0801066c   0x0000007c   Code   RO          788    i.I2C_Start         i2c.o
    0x080106e8   0x00000050   Code   RO          789    i.I2C_Stop          i2c.o
    0x08010738   0x00000064   Code   RO          790    i.I2C_WaitAck       i2c.o
    0x0801079c   0x0000005e   Code   RO          791    i.I2C_WriteByte     i2c.o
    0x080107fa   0x00000068   Code   RO          792    i.I2C_WriteData     i2c.o
    0x08010862   0x00000002   PAD
    0x08010864   0x00000010   Code   RO         2201    i.IWDG_Enable       stm32f10x_iwdg.o
    0x08010874   0x00000010   Code   RO         2203    i.IWDG_ReloadCounter  stm32f10x_iwdg.o
    0x08010884   0x0000000c   Code   RO         2204    i.IWDG_SetPrescaler  stm32f10x_iwdg.o
    0x08010890   0x0000000c   Code   RO         2205    i.IWDG_SetReload    stm32f10x_iwdg.o
    0x0801089c   0x0000000c   Code   RO         2206    i.IWDG_WriteAccessCmd  stm32f10x_iwdg.o
    0x080108a8   0x0000006c   Code   RO         1062    i.LEDConfig         led.o
    0x08010914   0x00000030   Code   RO          869    i.LcdBufferClear    lcdutils.o
    0x08010944   0x0000002c   Code   RO          870    i.LcdBufferPaint    lcdutils.o
    0x08010970   0x000000c0   Code   RO          871    i.LcdCheckCharHz    lcdutils.o
    0x08010a30   0x00000038   Code   RO         1002    i.LcdClear          lcd.o
    0x08010a68   0x000000c0   Code   RO          874    i.LcdDrawOne        lcdutils.o
    0x08010b28   0x0000009c   Code   RO          875    i.LcdDrawPoint      lcdutils.o
    0x08010bc4   0x0000005c   Code   RO          876    i.LcdDrawString     lcdutils.o
    0x08010c20   0x00000024   Code   RO          877    i.LcdDrawStringCenter  lcdutils.o
    0x08010c44   0x0000005c   Code   RO          878    i.LcdDrawStringHCenter  lcdutils.o
    0x08010ca0   0x000000b6   Code   RO         1005    i.LcdInit           lcd.o
    0x08010d56   0x00000002   PAD
    0x08010d58   0x0000004c   Code   RO          883    i.LcdSetFont        lcdutils.o
    0x08010da4   0x0000000c   Code   RO          884    i.LcdSetFontState   lcdutils.o
    0x08010db0   0x00000024   Code   RO         1007    i.LcdSetPos         lcd.o
    0x08010dd4   0x00000040   Code   RO          886    i.LcdShowStr2Center  lcdutils.o
    0x08010e14   0x00000014   Code   RO          887    i.LcdShowStrCenter  lcdutils.o
    0x08010e28   0x00000010   Code   RO         1008    i.LcdWriteCommand   lcd.o
    0x08010e38   0x00000010   Code   RO         1009    i.LcdWriteData      lcd.o
    0x08010e48   0x00000014   Code   RO         1010    i.LcdWriteDataBytes  lcd.o
    0x08010e5c   0x00000004   Code   RO          274    i.MemManage_Handler  stm32f10x_it.o
    0x08010e60   0x00000002   Code   RO          275    i.NMI_Handler       stm32f10x_it.o
    0x08010e62   0x00000002   PAD
    0x08010e64   0x00000074   Code   RO         1257    i.NVIC_Init         misc.o
    0x08010ed8   0x00000014   Code   RO         1259    i.NVIC_SetVectorTable  misc.o
    0x08010eec   0x000001bc   Code   RO          420    i.OLEDDisplay       midfunction.o
    0x080110a8   0x00000058   Code   RO         3035    i.OSEventNameSet    os_core.o
    0x08011100   0x00000030   Code   RO         3037    i.OSInit            os_core.o
    0x08011130   0x0000000c   Code   RO         2950    i.OSInitHookBegin   os_cpu_c.o
    0x0801113c   0x00000002   Code   RO         2951    i.OSInitHookEnd     os_cpu_c.o
    0x0801113e   0x00000002   PAD
    0x08011140   0x00000024   Code   RO         3038    i.OSIntEnter        os_core.o
    0x08011164   0x00000090   Code   RO         3039    i.OSIntExit         os_core.o
    0x080111f4   0x0000009c   Code   RO         3354    i.OSMutexCreate     os_mutex.o
    0x08011290   0x00000250   Code   RO         3356    i.OSMutexPend       os_mutex.o
    0x080114e0   0x000000c8   Code   RO         3357    i.OSMutexPost       os_mutex.o
    0x080115a8   0x00000084   Code   RO         3359    i.OSMutex_RdyAtPrio  os_mutex.o
    0x0801162c   0x00000040   Code   RO         3040    i.OSSchedLock       os_core.o
    0x0801166c   0x00000060   Code   RO         3041    i.OSSchedUnlock     os_core.o
    0x080116cc   0x00000054   Code   RO         3473    i.OSSemCreate       os_sem.o
    0x08011720   0x000000f0   Code   RO         3475    i.OSSemPend         os_sem.o
    0x08011810   0x00000058   Code   RO         3477    i.OSSemPost         os_sem.o
    0x08011868   0x00000048   Code   RO         3042    i.OSStart           os_core.o
    0x080118b0   0x00000002   Code   RO         2952    i.OSTCBInitHook     os_cpu_c.o
    0x080118b2   0x00000002   PAD
    0x080118b4   0x000000b8   Code   RO         3528    i.OSTaskCreateExt   os_task.o
    0x0801196c   0x00000002   Code   RO         2953    i.OSTaskCreateHook  os_cpu_c.o
    0x0801196e   0x00000002   PAD
    0x08011970   0x00000150   Code   RO         3529    i.OSTaskDel         os_task.o
    0x08011ac0   0x00000002   Code   RO         2954    i.OSTaskDelHook     os_cpu_c.o
    0x08011ac2   0x00000002   Code   RO         2955    i.OSTaskIdleHook    os_cpu_c.o
    0x08011ac4   0x00000070   Code   RO         3532    i.OSTaskNameSet     os_task.o
    0x08011b34   0x000000b0   Code   RO         3536    i.OSTaskResume      os_task.o
    0x08011be4   0x00000002   Code   RO         2957    i.OSTaskStatHook    os_cpu_c.o
    0x08011be6   0x00000002   PAD
    0x08011be8   0x0000008c   Code   RO         3537    i.OSTaskStkChk      os_task.o
    0x08011c74   0x0000009a   Code   RO         2958    i.OSTaskStkInit     os_cpu_c.o
    0x08011d0e   0x00000002   PAD
    0x08011d10   0x000000a8   Code   RO         3538    i.OSTaskSuspend     os_task.o
    0x08011db8   0x00000002   Code   RO         2959    i.OSTaskSwHook      os_cpu_c.o
    0x08011dba   0x00000002   PAD
    0x08011dbc   0x00000078   Code   RO         3622    i.OSTimeDly         os_time.o
    0x08011e34   0x000000f4   Code   RO         3044    i.OSTimeTick        os_core.o
    0x08011f28   0x00000024   Code   RO         2960    i.OSTimeTickHook    os_cpu_c.o
    0x08011f4c   0x00000014   Code   RO         3662    i.OSTmrSignal       os_tmr.o
    0x08011f60   0x000000f4   Code   RO         3668    i.OSTmr_Init        os_tmr.o
    0x08012054   0x00000050   Code   RO         3669    i.OSTmr_InitTask    os_tmr.o
    0x080120a4   0x0000006c   Code   RO         3670    i.OSTmr_Link        os_tmr.o
    0x08012110   0x00000080   Code   RO         3671    i.OSTmr_Task        os_tmr.o
    0x08012190   0x00000044   Code   RO         3672    i.OSTmr_Unlink      os_tmr.o
    0x080121d4   0x00000002   Code   RO         3046    i.OS_Dummy          os_core.o
    0x080121d6   0x00000002   PAD
    0x080121d8   0x00000094   Code   RO         3047    i.OS_EventTaskRdy   os_core.o
    0x0801226c   0x0000002a   Code   RO         3048    i.OS_EventTaskRemove  os_core.o
    0x08012296   0x0000003c   Code   RO         3049    i.OS_EventTaskRemoveMulti  os_core.o
    0x080122d2   0x00000002   PAD
    0x080122d4   0x0000007c   Code   RO         3050    i.OS_EventTaskWait  os_core.o
    0x08012350   0x0000001c   Code   RO         3052    i.OS_EventWaitListInit  os_core.o
    0x0801236c   0x00000060   Code   RO         3053    i.OS_InitEventList  os_core.o
    0x080123cc   0x00000054   Code   RO         3054    i.OS_InitMisc       os_core.o
    0x08012420   0x00000044   Code   RO         3055    i.OS_InitRdyList    os_core.o
    0x08012464   0x00000074   Code   RO         3056    i.OS_InitTCBList    os_core.o
    0x080124d8   0x00000050   Code   RO         3057    i.OS_InitTaskIdle   os_core.o
    0x08012528   0x00000050   Code   RO         3058    i.OS_InitTaskStat   os_core.o
    0x08012578   0x00000012   Code   RO         3059    i.OS_MemClr         os_core.o
    0x0801258a   0x00000002   PAD
    0x0801258c   0x00000058   Code   RO         3311    i.OS_MemInit        os_mem.o
    0x080125e4   0x00000050   Code   RO         3410    i.OS_QInit          os_q.o
    0x08012634   0x00000074   Code   RO         3061    i.OS_Sched          os_core.o
    0x080126a8   0x0000002c   Code   RO         3062    i.OS_SchedNew       os_core.o
    0x080126d4   0x0000013c   Code   RO         3064    i.OS_TCBInit        os_core.o
    0x08012810   0x00000028   Code   RO         3065    i.OS_TaskIdle       os_core.o
    0x08012838   0x00000088   Code   RO         3066    i.OS_TaskStat       os_core.o
    0x080128c0   0x0000003c   Code   RO         3067    i.OS_TaskStatStkChk  os_core.o
    0x080128fc   0x0000001a   Code   RO         3540    i.OS_TaskStkClr     os_task.o
    0x08012916   0x00000002   PAD
    0x08012918   0x000000b4   Code   RO         1074    i.Pack              package.o
    0x080129cc   0x00000028   Code   RO         1075    i.PackageKeyInit    package.o
    0x080129f4   0x0000001c   Code   RO          422    i.Queue_Init        midfunction.o
    0x08012a10   0x000000e0   Code   RO          423    i.Queue_push        midfunction.o
    0x08012af0   0x00000018   Code   RO         1461    i.RCC_ADCCLKConfig  stm32f10x_rcc.o
    0x08012b08   0x00000020   Code   RO         1463    i.RCC_APB1PeriphClockCmd  stm32f10x_rcc.o
    0x08012b28   0x00000020   Code   RO         1465    i.RCC_APB2PeriphClockCmd  stm32f10x_rcc.o
    0x08012b48   0x000000dc   Code   RO         1473    i.RCC_GetClocksFreq  stm32f10x_rcc.o
    0x08012c24   0x00000044   Code   RO         1202    i.Read374Block      ch374interface.o
    0x08012c68   0x00000034   Code   RO         1203    i.Read374Byte       ch374interface.o
    0x08012c9c   0x00000090   Code   RO          491    i.ReadFactoryConfigParam  recorder.o
    0x08012d2c   0x00000088   Code   RO          492    i.ReadFlashDataWithCRC16  recorder.o
    0x08012db4   0x00000018   Code   RO         1666    i.SPI_Cmd           stm32f10x_spi.o
    0x08012dcc   0x00000012   Code   RO         1674    i.SPI_I2S_GetFlagStatus  stm32f10x_spi.o
    0x08012dde   0x00000006   Code   RO         1677    i.SPI_I2S_ReceiveData  stm32f10x_spi.o
    0x08012de4   0x00000004   Code   RO         1678    i.SPI_I2S_SendData  stm32f10x_spi.o
    0x08012de8   0x0000003c   Code   RO         1679    i.SPI_Init          stm32f10x_spi.o
    0x08012e24   0x00000018   Code   RO          424    i.STMOpen           midfunction.o
    0x08012e3c   0x00000002   Code   RO          277    i.SVC_Handler       stm32f10x_it.o
    0x08012e3e   0x00000002   PAD
    0x08012e40   0x0000003c   Code   RO          493    i.SetStayInBoot     recorder.o
    0x08012e7c   0x00000008   Code   RO           24    i.SetSysClock       system_stm32f10x.o
    0x08012e84   0x000000dc   Code   RO           25    i.SetSysClockTo72   system_stm32f10x.o
    0x08012f60   0x00000078   Code   RO         1102    i.SlipSimpleCheck   slip.o
    0x08012fd8   0x00000086   Code   RO         1103    i.Slip_Pack         slip.o
    0x0801305e   0x000000a0   Code   RO         1104    i.Slip_Unpack       slip.o
    0x080130fe   0x00000002   PAD
    0x08013100   0x00000030   Code   RO          494    i.SoftReset         recorder.o
    0x08013130   0x00000048   Code   RO          425    i.Sound             midfunction.o
    0x08013178   0x00000064   Code   RO          739    i.SysTickConfig     delay.o
    0x080131dc   0x00000020   Code   RO          278    i.SysTick_Handler   stm32f10x_it.o
    0x080131fc   0x0000001c   Code   RO          740    i.System72MDelay100us  delay.o
    0x08013218   0x0000001c   Code   RO          741    i.System72MDelay10us  delay.o
    0x08013234   0x00000018   Code   RO          742    i.System72MDelay1ms  delay.o
    0x0801324c   0x00000010   Code   RO          743    i.System72MDelay1us  delay.o
    0x0801325c   0x0000004c   Code   RO          354    i.SystemGpioConfig  systemconfig.o
    0x080132a8   0x00000060   Code   RO           27    i.SystemInit        system_stm32f10x.o
    0x08013308   0x00000030   Code   RO          279    i.TIM3_IRQHandler   stm32f10x_it.o
    0x08013338   0x00000006   Code   RO         2254    i.TIM_ClearITPendingBit  stm32f10x_tim.o
    0x0801333e   0x00000022   Code   RO         2280    i.TIM_GetITStatus   stm32f10x_tim.o
    0x08013360   0x00000168   Code   RO          108    i.TaskCreate        task.o
    0x080134c8   0x00000072   Code   RO          584    i.U16DataFallRank   adc.o
    0x0801353a   0x00000002   PAD
    0x0801353c   0x000000c4   Code   RO         1076    i.Unpack            package.o
    0x08013600   0x00000004   Code   RO          280    i.UsageFault_Handler  stm32f10x_it.o
    0x08013604   0x0000004c   Code   RO          428    i.UsbIdentify       midfunction.o
    0x08013650   0x00000008   Code   RO          537    i.WatchDogFeed      watchdog.o
    0x08013658   0x00000022   Code   RO          538    i.WatchDogInit      watchdog.o
    0x0801367a   0x00000002   PAD
    0x0801367c   0x00000044   Code   RO         1204    i.Write374Block     ch374interface.o
    0x080136c0   0x00000034   Code   RO         1205    i.Write374Byte      ch374interface.o
    0x080136f4   0x00000078   Code   RO          495    i.WriteFactoryConfigParam  recorder.o
    0x0801376c   0x000000b4   Code   RO          496    i.WriteFlashDataWithCRC16  recorder.o
    0x08013820   0x00000028   Code   RO         3949    i.__ARM_fpclassify  m_ws.l(fpclassify.o)
    0x08013848   0x0000000e   Code   RO         3776    i._is_digit         c_w.l(__printf_wp.o)
    0x08013856   0x00000002   PAD
    0x08013858   0x00001044   Code   RO          686    i.aes_decrypt       aes.o
    0x0801489c   0x00001040   Code   RO          687    i.aes_encrypt       aes.o
    0x080158dc   0x00000002   Code   RO          688    i.aes_gen_tables    aes.o
    0x080158de   0x00000002   PAD
    0x080158e0   0x000003d4   Code   RO          689    i.aes_set_key       aes.o
    0x08015cb4   0x00000022   Code   RO          555    i.main              main.o
    0x08015cd6   0x00000002   PAD
    0x08015cd8   0x0000002c   Code   RO         3945    locale$$code        c_w.l(lc_numeric_c.o)
    0x08015d04   0x0000002c   Code   RO         4014    locale$$code        c_w.l(lc_ctype_c.o)
    0x08015d30   0x00000062   Code   RO         3812    x$fpl$d2f           fz_ws.l(d2f.o)
    0x08015d92   0x00000002   PAD
    0x08015d94   0x000002b0   Code   RO         3815    x$fpl$ddiv          fz_ws.l(ddiv.o)
    0x08016044   0x0000005e   Code   RO         3818    x$fpl$dfix          fz_ws.l(dfix.o)
    0x080160a2   0x00000002   PAD
    0x080160a4   0x0000005a   Code   RO         3822    x$fpl$dfixu         fz_ws.l(dfixu.o)
    0x080160fe   0x00000026   Code   RO         3826    x$fpl$dfltu         fz_ws.l(dflt_clz.o)
    0x08016124   0x00000154   Code   RO         3832    x$fpl$dmul          fz_ws.l(dmul.o)
    0x08016278   0x0000009c   Code   RO         3880    x$fpl$dnaninf       fz_ws.l(dnaninf.o)
    0x08016314   0x0000000c   Code   RO         3882    x$fpl$dretinf       fz_ws.l(dretinf.o)
    0x08016320   0x00000056   Code   RO         3834    x$fpl$f2d           fz_ws.l(f2d.o)
    0x08016376   0x00000002   PAD
    0x08016378   0x000000c4   Code   RO         3836    x$fpl$fadd          fz_ws.l(faddsub_clz.o)
    0x0801643c   0x00000184   Code   RO         3843    x$fpl$fdiv          fz_ws.l(fdiv.o)
    0x080165c0   0x00000036   Code   RO         3846    x$fpl$ffix          fz_ws.l(ffix.o)
    0x080165f6   0x00000002   PAD
    0x080165f8   0x0000003e   Code   RO         3850    x$fpl$ffixu         fz_ws.l(ffixu.o)
    0x08016636   0x00000002   PAD
    0x08016638   0x00000030   Code   RO         3855    x$fpl$fflt          fz_ws.l(fflt_clz.o)
    0x08016668   0x00000026   Code   RO         3854    x$fpl$ffltu         fz_ws.l(fflt_clz.o)
    0x0801668e   0x00000002   PAD
    0x08016690   0x00000102   Code   RO         3860    x$fpl$fmul          fz_ws.l(fmul.o)
    0x08016792   0x0000008c   Code   RO         3884    x$fpl$fnaninf       fz_ws.l(fnaninf.o)
    0x0801681e   0x0000000a   Code   RO         3886    x$fpl$fretinf       fz_ws.l(fretinf.o)
    0x08016828   0x000000ea   Code   RO         3838    x$fpl$fsub          fz_ws.l(faddsub_clz.o)
    0x08016912   0x00000004   Code   RO         3862    x$fpl$printf1       fz_ws.l(printf1.o)
    0x08016916   0x00000000   Code   RO         3888    x$fpl$usenofp       fz_ws.l(usenofp.o)
    0x08016916   0x00000002   PAD
    0x08016918   0x00002828   Data   RO          691    .constdata          aes.o
    0x08019140   0x00000200   Data   RO          725    .constdata          crc16.o
    0x08019340   0x00001cb2   Data   RO          889    .constdata          lcdutils.o
    0x0801aff2   0x00000020   Data   RO         1139    .constdata          ch374device.o
    0x0801b012   0x00000061   Data   RO         1164    .constdata          ch374devicehid.o
    0x0801b073   0x00000100   Data   RO         3069    .constdata          os_core.o
    0x0801b173   0x00000011   Data   RO         3779    .constdata          c_w.l(__printf_flags_wp.o)
    0x0801b184   0x00000094   Data   RO         3920    .constdata          c_w.l(bigflt0.o)
    0x0801b218   0x00000020   Data   RO         4092    Region$$Table       anon$$obj.o
    0x0801b238   0x0000001c   Data   RO         3944    locale$$data        c_w.l(lc_numeric_c.o)
    0x0801b254   0x00000110   Data   RO         4013    locale$$data        c_w.l(lc_ctype_c.o)


    Execution Region RW_IRAM1 (Base: 0x20000000, Size: 0x00004c70, Max: 0x0000c000, ABSOLUTE)

    Base Addr    Size         Type   Attr      Idx    E Section Name        Object

    0x20000000   0x00000009   Data   RW          110    .data               task.o
    0x20000009   0x00000003   PAD
    0x2000000c   0x00000004   Data   RW          281    .data               stm32f10x_it.o
    0x20000010   0x00000004   Data   RW          586    .data               adc.o
    0x20000014   0x00000008   Data   RW          692    .data               aes.o
    0x2000001c   0x0000000c   Data   RW          890    .data               lcdutils.o
    0x20000028   0x00000008   Data   RW         1140    .data               ch374device.o
    0x20000030   0x00000001   Data   RW         1165    .data               ch374devicehid.o
    0x20000031   0x00000014   Data   RW         1493    .data               stm32f10x_rcc.o
    0x20000045   0x00000001   PAD
    0x20000046   0x00000002   Data   RW         2961    .data               os_cpu_c.o
    0x20000048   0x0000005c   Data   RW         3070    .data               os_core.o
    0x200000a4   0x00000004   PAD
    0x200000a8   0x00001241   Zero   RW          109    .bss                task.o
    0x200012e9   0x00000001   PAD
    0x200012ea   0x00000808   Zero   RW          377    .bss                guestrespond.o
    0x20001af2   0x000000cc   Zero   RW          429    .bss                midfunction.o
    0x20001bbe   0x00000002   PAD
    0x20001bc0   0x00000030   Zero   RW          585    .bss                adc.o
    0x20001bf0   0x00001000   Zero   RW          690    .bss                aes.o
    0x20002bf0   0x00000180   Zero   RW          888    .bss                lcdutils.o
    0x20002d70   0x00000204   Zero   RW         1077    .bss                package.o
    0x20002f74   0x0000002c   Zero   RW         1138    .bss                ch374device.o
    0x20002fa0   0x00000404   Zero   RW         1163    .bss                ch374devicehid.o
    0x200033a4   0x00001268   Zero   RW         3068    .bss                os_core.o
    0x2000460c   0x00000060   Zero   RW         3952    .bss                c_w.l(libspace.o)
    0x2000466c   0x00000004   PAD
    0x20004670   0x00000200   Zero   RW           18    HEAP                startup_stm32f10x_hd.o
    0x20004870   0x00000400   Zero   RW           17    STACK               startup_stm32f10x_hd.o


==============================================================================

Image component sizes


      Code (inc. data)   RO Data    RW Data    ZI Data      Debug   Object Name

      1724        100          0          4         48      10602   adc.o
      9306         92      10280          8       4096      14669   aes.o
      1304         66         32          8         44       2685   ch374device.o
       300         24         97          1       1028       2873   ch374devicehid.o
       700         50          0          0          0       4664   ch374interface.o
         0          0          0          0          0       4244   core_cm3.o
        72          8        512          0          0       1164   crc16.o
       196          8          0          0          0      17534   delay.o
      2704        128          0          0       2056       4504   guestrespond.o
       774         32          0          0          0       4783   i2c.o
       326          0          0          0          0       3170   lcd.o
      1024         98       7346         12        384       8885   lcdutils.o
       108         12          0          0          0        464   led.o
        34          0          0          0          0        423   main.o
       898        128          0          0        204       4067   midfunction.o
       136         22          0          0          0       1518   misc.o
      2450        416        256         92       4712      22916   os_core.o
       164         32          0          0          0        292   os_cpu_a.o
       216         10          0          2          0      13621   os_cpu_c.o
        88         14          0          0          0        501   os_mem.o
      1080         72          0          0          0       3612   os_mutex.o
        80          8          0          0          0        527   os_q.o
       412         24          0          0          0       2250   os_sem.o
      1142        112          0          0          0       5688   os_task.o
       120         20          0          0          0        588   os_time.o
       648        138          0          0          0       3591   os_tmr.o
       416         36          0          0        516       2145   package.o
       688         58          0          0          0      18973   recorder.o
       414          0          0          0          0       2268   slip.o
        64         26        304          0       1536        788   startup_stm32f10x_hd.o
       400         10          0          0          0       8289   stm32f10x_adc.o
       200         18          0          0          0       2040   stm32f10x_exti.o
       286         36          0          0          0       3784   stm32f10x_flash.o
       508         10          0          0          0       4972   stm32f10x_gpio.o
       132         16          0          4          0       5348   stm32f10x_it.o
        68         30          0          0          0       2382   stm32f10x_iwdg.o
       308         46          0         20          0       4865   stm32f10x_rcc.o
       112          0          0          0          0       3714   stm32f10x_spi.o
        40          0          0          0          0       1702   stm32f10x_tim.o
       324         26          0          0          0     268305   system_stm32f10x.o
       224         16          0          0          0        984   systemconfig.o
       656        100          0          9       4673      25134   task.o
        42          0          0          0          0        826   watchdog.o

    ----------------------------------------------------------------------
     30944       2042      18859        164      19304     496354   Object Totals
         0          0         32          0          0          0   (incl. Generated)
        56          0          0          4          7          0   (incl. Padding)

    ----------------------------------------------------------------------

      Code (inc. data)   RO Data    RW Data    ZI Data      Debug   Library Member Name

        60          8          0          0          0         84   __0sscanf.o
        44          6          0          0          0         84   __2sprintf.o
         8          0          0          0          0         68   __main.o
       316          6         17          0          0         92   __printf_flags_wp.o
        14          0          0          0          0         68   __printf_wp.o
        52          8          0          0          0          0   __scatter.o
        26          0          0          0          0          0   __scatter_copy.o
        28          0          0          0          0          0   __scatter_zi.o
        28          0          0          0          0         68   _chval.o
        48          6          0          0          0         96   _printf_char_common.o
         6          0          0          0          0          0   _printf_d.o
       120         18          0          0          0         92   _printf_dec.o
         6          0          0          0          0          0   _printf_f.o
      1056          0          0          0          0        216   _printf_fp_dec.o
       128         16          0          0          0         84   _printf_fp_infnan.o
       184          0          0          0          0         88   _printf_intcommon.o
        82          0          0          0          0        108   _printf_pad.o
         0          0          0          0          0          0   _printf_percent.o
         4          0          0          0          0          0   _printf_percent_end.o
         6          0          0          0          0          0   _printf_u.o
       880          4          0          0          0        100   _scanf.o
       336          0          0          0          0         96   _scanf_int.o
        64          0          0          0          0         84   _sgetc.o
        10          0          0          0          0         68   _sputc.o
       228          6        148          0          0         96   bigflt0.o
      1910        128          0          0          0        672   btod.o
        12          0          0          0          0         72   exit.o
         6          0          0          0          0        152   heapauxi.o
         0          0          0          0          0          0   indicate_semi.o
        18          0          0          0          0         76   isspace.o
        44         10        272          0          0         76   lc_ctype_c.o
        44         10         28          0          0         76   lc_numeric_c.o
         2          0          0          0          0          0   libinit.o
        30          0          0          0          0          0   libinit2.o
         2          0          0          0          0          0   libshutdown.o
         2          0          0          0          0          0   libshutdown2.o
         8          4          0          0         96         68   libspace.o
       138          0          0          0          0         80   lludiv10.o
        88          0          0          0          0         76   memcmp.o
        16          4          0          0          0         76   rt_ctype_table.o
         8          4          0          0          0         68   rt_locale_intlibspace.o
        68          0          0          0          0         68   rt_memclr.o
        78          0          0          0          0         80   rt_memclr_w.o
       138          0          0          0          0         68   rt_memcpy_v6.o
       100          0          0          0          0         80   rt_memcpy_w.o
         0          0          0          0          0          0   rtentry.o
        12          0          0          0          0          0   rtentry2.o
         6          0          0          0          0          0   rtentry4.o
         2          0          0          0          0          0   rtexit.o
        10          0          0          0          0          0   rtexit2.o
        44          8          0          0          0         84   scanf_char.o
       128          0          0          0          0         68   strcmpv7m.o
        72          0          0          0          0         80   strcpy.o
        86          0          0          0          0         76   strncpy.o
        12          4          0          0          0         68   sys_exit.o
        74          0          0          0          0         80   sys_stackheap_outer.o
         2          0          0          0          0         68   use_no_semi.o
        98          4          0          0          0         92   d2f.o
       688        140          0          0          0        208   ddiv.o
        94          4          0          0          0         92   dfix.o
        90          4          0          0          0         92   dfixu.o
        38          0          0          0          0         68   dflt_clz.o
       340         12          0          0          0        104   dmul.o
       156          4          0          0          0         92   dnaninf.o
        12          0          0          0          0         68   dretinf.o
        86          4          0          0          0         84   f2d.o
       430          8          0          0          0        168   faddsub_clz.o
       388         76          0          0          0         96   fdiv.o
        54          4          0          0          0         84   ffix.o
        62          4          0          0          0         84   ffixu.o
        86          0          0          0          0        136   fflt_clz.o
       258          4          0          0          0         84   fmul.o
       140          4          0          0          0         84   fnaninf.o
        10          0          0          0          0         68   fretinf.o
         4          0          0          0          0         68   printf1.o
         0          0          0          0          0          0   usenofp.o
        40          0          0          0          0         68   fpclassify.o

    ----------------------------------------------------------------------
      9992        522        465          0        100       5744   Library Totals
        24          0          0          0          4          0   (incl. Padding)

    ----------------------------------------------------------------------

      Code (inc. data)   RO Data    RW Data    ZI Data      Debug   Library Name

      6894        250        465          0         96       3904   c_w.l
      3034        272          0          0          0       1772   fz_ws.l
        40          0          0          0          0         68   m_ws.l

    ----------------------------------------------------------------------
      9992        522        465          0        100       5744   Library Totals

    ----------------------------------------------------------------------

==============================================================================


      Code (inc. data)   RO Data    RW Data    ZI Data      Debug   

     40936       2564      19324        164      19404     487330   Grand Totals
     40936       2564      19324        164      19404     487330   ELF Image Totals
     40936       2564      19324        164          0          0   ROM Totals

==============================================================================

    Total RO  Size (Code + RO Data)                60260 (  58.85kB)
    Total RW  Size (RW Data + ZI Data)             19568 (  19.11kB)
    Total ROM Size (Code + RO Data + RW Data)      60424 (  59.01kB)

==============================================================================

