ARM Linker, 5.03 [Build 76] [MDK-ARM Standard]

==============================================================================

Section Cross References

    startup_stm32f10x_hd.o(STACK) refers (Special) to heapauxi.o(.text) for __use_two_region_memory
    startup_stm32f10x_hd.o(HEAP) refers (Special) to heapauxi.o(.text) for __use_two_region_memory
    startup_stm32f10x_hd.o(RESET) refers (Special) to heapauxi.o(.text) for __use_two_region_memory
    startup_stm32f10x_hd.o(RESET) refers to startup_stm32f10x_hd.o(STACK) for __initial_sp
    startup_stm32f10x_hd.o(RESET) refers to startup_stm32f10x_hd.o(.text) for Reset_Handler
    startup_stm32f10x_hd.o(RESET) refers to stm32f10x_it.o(i.NMI_Handler) for NMI_Handler
    startup_stm32f10x_hd.o(RESET) refers to stm32f10x_it.o(i.HardFault_Handler) for HardFault_Handler
    startup_stm32f10x_hd.o(RESET) refers to stm32f10x_it.o(i.MemManage_Handler) for MemManage_Handler
    startup_stm32f10x_hd.o(RESET) refers to stm32f10x_it.o(i.BusFault_Handler) for BusFault_Handler
    startup_stm32f10x_hd.o(RESET) refers to stm32f10x_it.o(i.UsageFault_Handler) for UsageFault_Handler
    startup_stm32f10x_hd.o(RESET) refers to stm32f10x_it.o(i.SVC_Handler) for SVC_Handler
    startup_stm32f10x_hd.o(RESET) refers to stm32f10x_it.o(i.DebugMon_Handler) for DebugMon_Handler
    startup_stm32f10x_hd.o(RESET) refers to os_cpu_a.o(.text) for OS_CPU_PendSVHandler
    startup_stm32f10x_hd.o(RESET) refers to stm32f10x_it.o(i.SysTick_Handler) for SysTick_Handler
    startup_stm32f10x_hd.o(RESET) refers to stm32f10x_it.o(i.EXTI9_5_IRQHandler) for EXTI9_5_IRQHandler
    startup_stm32f10x_hd.o(RESET) refers to stm32f10x_it.o(i.TIM3_IRQHandler) for TIM3_IRQHandler
    startup_stm32f10x_hd.o(.text) refers (Special) to heapauxi.o(.text) for __use_two_region_memory
    startup_stm32f10x_hd.o(.text) refers to system_stm32f10x.o(i.SystemInit) for SystemInit
    startup_stm32f10x_hd.o(.text) refers to __main.o(!!!main) for __main
    startup_stm32f10x_hd.o(.text) refers to startup_stm32f10x_hd.o(HEAP) for Heap_Mem
    startup_stm32f10x_hd.o(.text) refers to startup_stm32f10x_hd.o(STACK) for Stack_Mem
    system_stm32f10x.o(i.SetSysClock) refers to system_stm32f10x.o(i.SetSysClockTo72) for SetSysClockTo72
    system_stm32f10x.o(i.SystemCoreClockUpdate) refers to system_stm32f10x.o(.data) for SystemCoreClock
    system_stm32f10x.o(i.SystemInit) refers to system_stm32f10x.o(i.SetSysClock) for SetSysClock
    task.o(i.AppLEDTask) refers to os_time.o(i.OSTimeDly) for OSTimeDly
    task.o(i.AppOLEDTask) refers to midfunction.o(i.OLEDDisplay) for OLEDDisplay
    task.o(i.AppOLEDTask) refers to os_time.o(i.OSTimeDly) for OSTimeDly
    task.o(i.AppStartUpTask) refers to delay.o(i.System72MDelay1ms) for System72MDelay1ms
    task.o(i.AppStartUpTask) refers to systemconfig.o(i.SystemGpioConfig) for SystemGpioConfig
    task.o(i.AppStartUpTask) refers to task.o(i.TaskCreate) for TaskCreate
    task.o(i.AppStartUpTask) refers to watchdog.o(i.WatchDogFeed) for WatchDogFeed
    task.o(i.AppStartUpTask) refers to midfunction.o(i.STMOpen) for STMOpen
    task.o(i.AppStartUpTask) refers to midfunction.o(i.AutoPowerOff) for AutoPowerOff
    task.o(i.AppStartUpTask) refers to os_time.o(i.OSTimeDly) for OSTimeDly
    task.o(i.AppTestTask) refers to adc.o(i.BusCurrentIsZero) for BusCurrentIsZero
    task.o(i.AppTestTask) refers to adc.o(i.DetIsInsert) for DetIsInsert
    task.o(i.AppTestTask) refers to midfunction.o(i.Sound) for Sound
    task.o(i.AppTestTask) refers to os_time.o(i.OSTimeDly) for OSTimeDly
    task.o(i.AppTestTask) refers to task.o(.data) for op_data
    task.o(i.AppUsbTask) refers to os_sem.o(i.OSSemCreate) for OSSemCreate
    task.o(i.AppUsbTask) refers to midfunction.o(i.UsbIdentify) for UsbIdentify
    task.o(i.AppUsbTask) refers to os_sem.o(i.OSSemPend) for OSSemPend
    task.o(i.AppUsbTask) refers to package.o(i.Unpack) for Unpack
    task.o(i.AppUsbTask) refers to guestrespond.o(i.GuestRespond) for GuestRespond
    task.o(i.AppUsbTask) refers to package.o(i.Pack) for Pack
    task.o(i.AppUsbTask) refers to ch374devicehid.o(i.DeviceHidSendData) for DeviceHidSendData
    task.o(i.AppUsbTask) refers to task.o(.data) for MsgSem
    task.o(i.AppUsbTask) refers to ch374devicehid.o(.bss) for HidData
    task.o(i.AppUsbTask) refers to guestrespond.o(.bss) for GusetTempBuffer
    task.o(i.TaskCreate) refers to os_task.o(i.OSTaskCreateExt) for OSTaskCreateExt
    task.o(i.TaskCreate) refers to task.o(.bss) for PrivateStk
    task.o(i.TaskCreate) refers to task.o(i.AppStartUpTask) for AppStartUpTask
    task.o(i.TaskCreate) refers to task.o(i.AppLEDTask) for AppLEDTask
    task.o(i.TaskCreate) refers to task.o(i.AppOLEDTask) for AppOLEDTask
    task.o(i.TaskCreate) refers to task.o(i.AppUsbTask) for AppUsbTask
    task.o(i.TaskCreate) refers to task.o(i.AppTestTask) for AppTestTask
    stm32f10x_it.o(i.EXTI9_5_IRQHandler) refers to os_core.o(i.OSIntEnter) for OSIntEnter
[...]
    DMA2_Channel4_5_IRQHandler               0x0800ca17   Thumb Code     0  startup_stm32f10x_hd.o(.text)
    EXTI0_IRQHandler                         0x0800ca17   Thumb Code     0  startup_stm32f10x_hd.o(.text)
    EXTI15_10_IRQHandler                     0x0800ca17   Thumb Code     0  startup_stm32f10x_hd.o(.text)
    EXTI1_IRQHandler                         0x0800ca17   Thumb Code     0  startup_stm32f10x_hd.o(.text)
    EXTI2_IRQHandler                         0x0800ca17   Thumb Code     0  startup_stm32f10x_hd.o(.text)
    EXTI3_IRQHandler                         0x0800ca17   Thumb Code     0  startup_stm32f10x_hd.o(.text)
    EXTI4_IRQHandler                         0x0800ca17   Thumb Code     0  startup_stm32f10x_hd.o(.text)
    FLASH_IRQHandler                         0x0800ca17   Thumb Code     0  startup_stm32f10x_hd.o(.text)
    FSMC_IRQHandler                          0x0800ca17   Thumb Code     0  startup_stm32f10x_hd.o(.text)
    I2C1_ER_IRQHandler                       0x0800ca17   Thumb Code     0  startup_stm32f10x_hd.o(.text)
    I2C1_EV_IRQHandler                       0x0800ca17   Thumb Code     0  startup_stm32f10x_hd.o(.text)
    I2C2_ER_IRQHandler                       0x0800ca17   Thumb Code     0  startup_stm32f10x_hd.o(.text)
    I2C2_EV_IRQHandler                       0x0800ca17   Thumb Code     0  startup_stm32f10x_hd.o(.text)
    PVD_IRQHandler                           0x0800ca17   Thumb Code     0  startup_stm32f10x_hd.o(.text)
    RCC_IRQHandler                           0x0800ca17   Thumb Code     0  startup_stm32f10x_hd.o(.text)
    RTCAlarm_IRQHandler                      0x0800ca17   Thumb Code     0  startup_stm32f10x_hd.o(.text)
    RTC_IRQHandler                           0x0800ca17   Thumb Code     0  startup_stm32f10x_hd.o(.text)
    SDIO_IRQHandler                          0x0800ca17   Thumb Code     0  startup_stm32f10x_hd.o(.text)
    SPI1_IRQHandler                          0x0800ca17   Thumb Code     0  startup_stm32f10x_hd.o(.text)
    SPI2_IRQHandler                          0x0800ca17   Thumb Code     0  startup_stm32f10x_hd.o(.text)
    SPI3_IRQHandler                          0x0800ca17   Thumb Code     0  startup_stm32f10x_hd.o(.text)
    TAMPER_IRQHandler                        0x0800ca17   Thumb Code     0  startup_stm32f10x_hd.o(.text)
    TIM1_BRK_IRQHandler                      0x0800ca17   Thumb Code     0  startup_stm32f10x_hd.o(.text)
    TIM1_CC_IRQHandler                       0x0800ca17   Thumb Code     0  startup_stm32f10x_hd.o(.text)
    TIM1_TRG_COM_IRQHandler                  0x0800ca17   Thumb Code     0  startup_stm32f10x_hd.o(.text)
    TIM1_UP_IRQHandler                       0x0800ca17   Thumb Code     0  startup_stm32f10x_hd.o(.text)
    TIM2_IRQHandler                          0x0800ca17   Thumb Code     0  startup_stm32f10x_hd.o(.text)
    TIM4_IRQHandler                          0x0800ca17   Thumb Code     0  startup_stm32f10x_hd.o(.text)
    TIM5_IRQHandler                          0x0800ca17   Thumb Code     0  startup_stm32f10x_hd.o(.text)
    TIM6_IRQHandler                          0x0800ca17   Thumb Code     0  startup_stm32f10x_hd.o(.text)
    TIM7_IRQHandler                          0x0800ca17   Thumb Code     0  startup_stm32f10x_hd.o(.text)
    TIM8_BRK_IRQHandler                      0x0800ca17   Thumb Code     0  startup_stm32f10x_hd.o(.text)
    TIM8_CC_IRQHandler                       0x0800ca17   Thumb Code     0  startup_stm32f10x_hd.o(.text)
    TIM8_TRG_COM_IRQHandler                  0x0800ca17   Thumb Code     0  startup_stm32f10x_hd.o(.text)
    TIM8_UP_IRQHandler                       0x0800ca17   Thumb Code     0  startup_stm32f10x_hd.o(.text)
    UART4_IRQHandler                         0x0800ca17   Thumb Code     0  startup_stm32f10x_hd.o(.text)
    UART5_IRQHandler                         0x0800ca17   Thumb Code     0  startup_stm32f10x_hd.o(.text)
    USART1_IRQHandler                        0x0800ca17   Thumb Code     0  startup_stm32f10x_hd.o(.text)
    USART2_IRQHandler                        0x0800ca17   Thumb Code     0  startup_stm32f10x_hd.o(.text)
    USART3_IRQHandler                        0x0800ca17   Thumb Code     0  startup_stm32f10x_hd.o(.text)
    USBWakeUp_IRQHandler                     0x0800ca17   Thumb Code     0  startup_stm32f10x_hd.o(.text)
    USB_HP_CAN1_TX_IRQHandler                0x0800ca17   Thumb Code     0  startup_stm32f10x_hd.o(.text)
    USB_LP_CAN1_RX0_IRQHandler               0x0800ca17   Thumb Code     0  startup_stm32f10x_hd.o(.text)
    WWDG_IRQHandler                          0x0800ca17   Thumb Code     0  startup_stm32f10x_hd.o(.text)
    __user_initial_stackheap                 0x0800ca19   Thumb Code     0  startup_stm32f10x_hd.o(.text)
    OS_CPU_SR_Save                           0x0800ca3d   Thumb Code     0  os_cpu_a.o(.text)
    OS_CPU_SR_Restore                        0x0800ca45   Thumb Code     0  os_cpu_a.o(.text)
    OSStartHighRdy                           0x0800ca4b   Thumb Code     0  os_cpu_a.o(.text)
    OSCtxSw                                  0x0800ca6b   Thumb Code     0  os_cpu_a.o(.text)
    OSIntCtxSw                               0x0800ca75   Thumb Code     0  os_cpu_a.o(.text)
    OS_CPU_PendSVHandler                     0x0800ca7f   Thumb Code     0  os_cpu_a.o(.text)
    __2sprintf                               0x0800cae1   Thumb Code    38  __2sprintf.o(.text)
    _printf_pre_padding                      0x0800cb0d   Thumb Code    46  _printf_pad.o(.text)
    _printf_post_padding                     0x0800cb3b   Thumb Code    36  _printf_pad.o(.text)
    _printf_int_dec                          0x0800cb61   Thumb Code   102  _printf_dec.o(.text)
    __printf                                 0x0800cbd9   Thumb Code   310  __printf_flags_wp.o(.text)
    __0sscanf                                0x0800cd15   Thumb Code    52  __0sscanf.o(.text)
    _scanf_int                               0x0800cd51   Thumb Code   336  _scanf_int.o(.text)
    memcmp                                   0x0800cea1   Thumb Code    88  memcmp.o(.text)
    strcpy                                   0x0800cef9   Thumb Code    72  strcpy.o(.text)
    __aeabi_memcpy                           0x0800cf41   Thumb Code     0  rt_memcpy_v6.o(.text)
    __rt_memcpy                              0x0800cf41   Thumb Code   138  rt_memcpy_v6.o(.text)
    _memcpy_lastbytes                        0x0800cfa7   Thumb Code     0  rt_memcpy_v6.o(.text)
    __aeabi_memcpy4                          0x0800cfcb   Thumb Code     0  rt_memcpy_w.o(.text)
    __aeabi_memcpy8                          0x0800cfcb   Thumb Code     0  rt_memcpy_w.o(.text)
    __rt_memcpy_w                            0x0800cfcb   Thumb Code   100  rt_memcpy_w.o(.text)
    _memcpy_lastbytes_aligned                0x0800d013   Thumb Code     0  rt_memcpy_w.o(.text)
    __aeabi_memclr                           0x0800d02f   Thumb Code     0  rt_memclr.o(.text)
    __rt_memclr                              0x0800d02f   Thumb Code    68  rt_memclr.o(.text)
    _memset                                  0x0800d033   Thumb Code     0  rt_memclr.o(.text)
    __aeabi_memclr4                          0x0800d073   Thumb Code     0  rt_memclr_w.o(.text)
    __aeabi_memclr8                          0x0800d073   Thumb Code     0  rt_memclr_w.o(.text)
    __rt_memclr_w                            0x0800d073   Thumb Code    78  rt_memclr_w.o(.text)
    _memset_w                                0x0800d077   Thumb Code     0  rt_memclr_w.o(.text)
    strncpy                                  0x0800d0c1   Thumb Code    86  strncpy.o(.text)
    __use_two_region_memory                  0x0800d117   Thumb Code     2  heapauxi.o(.text)
    __rt_heap_escrow$2region                 0x0800d119   Thumb Code     2  heapauxi.o(.text)
    __rt_heap_expand$2region                 0x0800d11b   Thumb Code     2  heapauxi.o(.text)
    _printf_int_common                       0x0800d11d   Thumb Code   184  _printf_intcommon.o(.text)
    __lib_sel_fp_printf                      0x0800d1d5   Thumb Code     2  _printf_fp_dec.o(.text)
    _printf_fp_dec_real                      0x0800d381   Thumb Code   628  _printf_fp_dec.o(.text)
    _printf_char_common                      0x0800d5ff   Thumb Code    32  _printf_char_common.o(.text)
    _sputc                                   0x0800d625   Thumb Code    10  _sputc.o(.text)
    _chval                                   0x0800d62f   Thumb Code    28  _chval.o(.text)
    __vfscanf_char                           0x0800d659   Thumb Code    24  scanf_char.o(.text)
    _sgetc                                   0x0800d679   Thumb Code    30  _sgetc.o(.text)
    _sbackspace                              0x0800d697   Thumb Code    34  _sgetc.o(.text)
    __rt_locale                              0x0800d6b9   Thumb Code     8  rt_locale_intlibspace.o(.text)
    _ll_udiv10                               0x0800d6c1   Thumb Code   138  lludiv10.o(.text)
    isspace                                  0x0800d74b   Thumb Code    18  isspace.o(.text)
    _printf_fp_infnan                        0x0800d75d   Thumb Code   112  _printf_fp_infnan.o(.text)
    __vfscanf                                0x0800d7dd   Thumb Code   876  _scanf.o(.text)
    _btod_etento                             0x0800db4d   Thumb Code   222  bigflt0.o(.text)
    __user_libspace                          0x0800dc31   Thumb Code     8  libspace.o(.text)
    __user_perproc_libspace                  0x0800dc31   Thumb Code     0  libspace.o(.text)
    __user_perthread_libspace                0x0800dc31   Thumb Code     0  libspace.o(.text)
    __user_setup_stackheap                   0x0800dc39   Thumb Code    74  sys_stackheap_outer.o(.text)
    __rt_ctype_table                         0x0800dc85   Thumb Code    16  rt_ctype_table.o(.text)
    exit                                     0x0800dc95   Thumb Code    12  exit.o(.text)
    strcmp                                   0x0800dca1   Thumb Code   128  strcmpv7m.o(.text)
    _sys_exit                                0x0800dd21   Thumb Code     8  sys_exit.o(.text)
    __I$use$semihosting                      0x0800dd2d   Thumb Code     0  use_no_semi.o(.text)
    __use_no_semihosting_swi                 0x0800dd2d   Thumb Code     2  use_no_semi.o(.text)
    __semihosting_library_function           0x0800dd2f   Thumb Code     0  indicate_semi.o(.text)
    _btod_d2e                                0x0800dd2f   Thumb Code    62  btod.o(CL$$btod_d2e)
    _d2e_denorm_low                          0x0800dd6d   Thumb Code    70  btod.o(CL$$btod_d2e_denorm_low)
    _d2e_norm_op1                            0x0800ddb3   Thumb Code    96  btod.o(CL$$btod_d2e_norm_op1)
    __btod_div_common                        0x0800de13   Thumb Code   696  btod.o(CL$$btod_div_common)
    _e2e                                     0x0800e14b   Thumb Code   198  btod.o(CL$$btod_e2e)
    _btod_ediv                               0x0800e211   Thumb Code    40  btod.o(CL$$btod_ediv)
    _btod_emul                               0x0800e239   Thumb Code    40  btod.o(CL$$btod_emul)
    __btod_mult_common                       0x0800e261   Thumb Code   580  btod.o(CL$$btod_mult_common)
    ADC_ClearFlag                            0x0800e4a5   Thumb Code     6  stm32f10x_adc.o(i.ADC_ClearFlag)
    ADC_Cmd                                  0x0800e4ab   Thumb Code    22  stm32f10x_adc.o(i.ADC_Cmd)
    ADC_GetCalibrationStatus                 0x0800e4c1   Thumb Code    20  stm32f10x_adc.o(i.ADC_GetCalibrationStatus)
    ADC_GetConversionValue                   0x0800e4d5   Thumb Code     8  stm32f10x_adc.o(i.ADC_GetConversionValue)
    ADC_GetFlagStatus                        0x0800e4dd   Thumb Code    18  stm32f10x_adc.o(i.ADC_GetFlagStatus)
    ADC_GetResetCalibrationStatus            0x0800e4ef   Thumb Code    20  stm32f10x_adc.o(i.ADC_GetResetCalibrationStatus)
    ADC_Init                                 0x0800e505   Thumb Code    70  stm32f10x_adc.o(i.ADC_Init)
    ADC_RegularChannelConfig                 0x0800e555   Thumb Code   184  stm32f10x_adc.o(i.ADC_RegularChannelConfig)
    ADC_ResetCalibration                     0x0800e60d   Thumb Code    10  stm32f10x_adc.o(i.ADC_ResetCalibration)
    ADC_SoftwareStartConvCmd                 0x0800e617   Thumb Code    22  stm32f10x_adc.o(i.ADC_SoftwareStartConvCmd)
    ADC_StartCalibration                     0x0800e62d   Thumb Code    10  stm32f10x_adc.o(i.ADC_StartCalibration)
    Adc2VoltageOrCurrent                     0x0800e639   Thumb Code   160  adc.o(i.Adc2VoltageOrCurrent)
    AdcConfig                                0x0800e6dd   Thumb Code   150  adc.o(i.AdcConfig)
    AppLEDTask                               0x0800e7b9   Thumb Code    22  task.o(i.AppLEDTask)
    AppOLEDTask                              0x0800e7d5   Thumb Code    14  task.o(i.AppOLEDTask)
    AppStartUpTask                           0x0800e7e3   Thumb Code    64  task.o(i.AppStartUpTask)
    AppTestTask                              0x0800e825   Thumb Code    40  task.o(i.AppTestTask)
    AppUsbTask                               0x0800e851   Thumb Code    94  task.o(i.AppUsbTask)
    AutoPowerOff                             0x0800e8c1   Thumb Code    44  midfunction.o(i.AutoPowerOff)
    BusCurrentIsZero                         0x0800e8f1   Thumb Code    18  adc.o(i.BusCurrentIsZero)
    BusFault_Handler                         0x0800e903   Thumb Code     4  stm32f10x_it.o(i.BusFault_Handler)
    BusIsShort                               0x0800e907   Thumb Code    28  adc.o(i.BusIsShort)
    BusLeakIsShort                           0x0800e923   Thumb Code    38  adc.o(i.BusLeakIsShort)
    CH374DeviceInit                          0x0800e949   Thumb Code   176  ch374device.o(i.CH374DeviceInit)
    CH374DeviceInterrupt                     0x0800ea11   Thumb Code  1074  ch374device.o(i.CH374DeviceInterrupt)
    CH374InterruptCallBack                   0x0800ee61   Thumb Code    22  ch374devicehid.o(i.CH374InterruptCallBack)
    CH374SpiConfig                           0x0800ee7d   Thumb Code   156  ch374interface.o(i.CH374SpiConfig)
    CH374SpiSendByte                         0x0800ef21   Thumb Code    50  ch374interface.o(i.CH374SpiSendByte)
    CH374WriteBlockZero                      0x0800ef59   Thumb Code    58  ch374interface.o(i.CH374WriteBlockZero)
    Ch374HardWareConfig                      0x0800ef99   Thumb Code   166  ch374interface.o(i.Ch374HardWareConfig)
    DebugMon_Handler                         0x0800f049   Thumb Code     2  stm32f10x_it.o(i.DebugMon_Handler)
    DetIsInsert                              0x0800f04b   Thumb Code    46  adc.o(i.DetIsInsert)
    DeviceHidOutCallBack                     0x0800f079   Thumb Code    86  ch374devicehid.o(i.DeviceHidOutCallBack)
    DeviceHidSendData                        0x0800f0d9   Thumb Code   160  ch374devicehid.o(i.DeviceHidSendData)
    DeviceHidSendFinishCallBack              0x0800f17d   Thumb Code     8  ch374devicehid.o(i.DeviceHidSendFinishCallBack)
    EXTI9_5_IRQHandler                       0x0800f189   Thumb Code    30  stm32f10x_it.o(i.EXTI9_5_IRQHandler)
    EXTI_ClearITPendingBit                   0x0800f1a9   Thumb Code     6  stm32f10x_exti.o(i.EXTI_ClearITPendingBit)
    EXTI_GetITStatus                         0x0800f1b5   Thumb Code    34  stm32f10x_exti.o(i.EXTI_GetITStatus)
    EXTI_Init                                0x0800f1dd   Thumb Code   142  stm32f10x_exti.o(i.EXTI_Init)
    EliminateBusCurrentErr                   0x0800f271   Thumb Code    78  adc.o(i.EliminateBusCurrentErr)
    FLASH_ClearFlag                          0x0800f2c1   Thumb Code     6  stm32f10x_flash.o(i.FLASH_ClearFlag)
    FLASH_ErasePage                          0x0800f2cd   Thumb Code    72  stm32f10x_flash.o(i.FLASH_ErasePage)
    FLASH_GetBank1Status                     0x0800f319   Thumb Code    48  stm32f10x_flash.o(i.FLASH_GetBank1Status)
    FLASH_Lock                               0x0800f34d   Thumb Code    14  stm32f10x_flash.o(i.FLASH_Lock)
    FLASH_ProgramHalfWord                    0x0800f361   Thumb Code    60  stm32f10x_flash.o(i.FLASH_ProgramHalfWord)
    FLASH_Unlock                             0x0800f3a1   Thumb Code    12  stm32f10x_flash.o(i.FLASH_Unlock)
    FLASH_WaitForLastOperation               0x0800f3b9   Thumb Code    38  stm32f10x_flash.o(i.FLASH_WaitForLastOperation)
    GPIO_EXTILineConfig                      0x0800f3e1   Thumb Code    60  stm32f10x_gpio.o(i.GPIO_EXTILineConfig)
    GPIO_Init                                0x0800f421   Thumb Code   274  stm32f10x_gpio.o(i.GPIO_Init)
    GPIO_PinRemapConfig                      0x0800f535   Thumb Code   138  stm32f10x_gpio.o(i.GPIO_PinRemapConfig)
    GPIO_ReadInputDataBit                    0x0800f5c5   Thumb Code    18  stm32f10x_gpio.o(i.GPIO_ReadInputDataBit)
    GPIO_ResetBits                           0x0800f5d7   Thumb Code     4  stm32f10x_gpio.o(i.GPIO_ResetBits)
    GPIO_SetBits                             0x0800f5db   Thumb Code     4  stm32f10x_gpio.o(i.GPIO_SetBits)
    GetAdcValue                              0x0800f5e1   Thumb Code   202  adc.o(i.GetAdcValue)
    GetBatteryVoltage                        0x0800f6b1   Thumb Code    52  adc.o(i.GetBatteryVoltage)
    GetBufferStringLenght                    0x0800f6ed   Thumb Code    24  guestrespond.o(i.GetBufferStringLenght)
    GetBusCurrent                            0x0800f705   Thumb Code   114  adc.o(i.GetBusCurrent)
    GetBusLeakCurrent                        0x0800f789   Thumb Code   210  adc.o(i.GetBusLeakCurrent)
    GetBusVoltage                            0x0800f871   Thumb Code   174  adc.o(i.GetBusVoltage)
    GetBusVoltageFromAdcValue                0x0800f921   Thumb Code   206  adc.o(i.GetBusVoltageFromAdcValue)
    GetCrc16Value                            0x0800fa01   Thumb Code    64  crc16.o(i.GetCrc16Value)
    GetDecValueFromSeparator                 0x0800fa49   Thumb Code   106  guestrespond.o(i.GetDecValueFromSeparator)
    GetGeneralRespondData                    0x0800fabd   Thumb Code    66  guestrespond.o(i.GetGeneralRespondData)
    GetLinABAdcValue                         0x0800fb05   Thumb Code    40  adc.o(i.GetLinABAdcValue)
    GpioConfig                               0x0800fb2d   Thumb Code   140  systemconfig.o(i.GpioConfig)
    GuestRespond                             0x0800fbc1   Thumb Code  2478  guestrespond.o(i.GuestRespond)
    HardFault_Handler                        0x08010575   Thumb Code     4  stm32f10x_it.o(i.HardFault_Handler)
    I2C_Delay                                0x08010579   Thumb Code    20  i2c.o(i.I2C_Delay)
    I2C_FromBusyToIdle                       0x0801058d   Thumb Code    54  i2c.o(i.I2C_FromBusyToIdle)
    I2C_GPIO_Config                          0x080105c9   Thumb Code    76  i2c.o(i.I2C_GPIO_Config)
    I2C_SendByte                             0x08010619   Thumb Code   106  i2c.o(i.I2C_SendByte)
    I2C_Start                                0x08010689   Thumb Code   118  i2c.o(i.I2C_Start)
    I2C_Stop                                 0x08010705   Thumb Code    74  i2c.o(i.I2C_Stop)
    I2C_WaitAck                              0x08010755   Thumb Code    96  i2c.o(i.I2C_WaitAck)
    I2C_WriteByte                            0x080107b9   Thumb Code    94  i2c.o(i.I2C_WriteByte)
    I2C_WriteData                            0x08010817   Thumb Code   104  i2c.o(i.I2C_WriteData)
    IWDG_Enable                              0x08010881   Thumb Code    10  stm32f10x_iwdg.o(i.IWDG_Enable)
    IWDG_ReloadCounter                       0x08010891   Thumb Code    10  stm32f10x_iwdg.o(i.IWDG_ReloadCounter)
    IWDG_SetPrescaler                        0x080108a1   Thumb Code     6  stm32f10x_iwdg.o(i.IWDG_SetPrescaler)
    IWDG_SetReload                           0x080108ad   Thumb Code     6  stm32f10x_iwdg.o(i.IWDG_SetReload)
    IWDG_WriteAccessCmd                      0x080108b9   Thumb Code     6  stm32f10x_iwdg.o(i.IWDG_WriteAccessCmd)
    LEDConfig                                0x080108c5   Thumb Code    96  led.o(i.LEDConfig)
    LcdBufferClear                           0x08010931   Thumb Code    42  lcdutils.o(i.LcdBufferClear)
    LcdBufferPaint                           0x08010961   Thumb Code    40  lcdutils.o(i.LcdBufferPaint)
    LcdCheckCharHz                           0x0801098d   Thumb Code   158  lcdutils.o(i.LcdCheckCharHz)
    LcdClear                                 0x08010a4d   Thumb Code    56  lcd.o(i.LcdClear)
    LcdDrawOne                               0x08010a85   Thumb Code   182  lcdutils.o(i.LcdDrawOne)
    LcdDrawPoint                             0x08010b45   Thumb Code   150  lcdutils.o(i.LcdDrawPoint)
    LcdDrawString                            0x08010be1   Thumb Code    86  lcdutils.o(i.LcdDrawString)
    LcdDrawStringCenter                      0x08010c3d   Thumb Code    30  lcdutils.o(i.LcdDrawStringCenter)
    LcdDrawStringHCenter                     0x08010c61   Thumb Code    88  lcdutils.o(i.LcdDrawStringHCenter)
    LcdInit                                  0x08010cbd   Thumb Code   182  lcd.o(i.LcdInit)
    LcdSetFont                               0x08010d75   Thumb Code    66  lcdutils.o(i.LcdSetFont)
    LcdSetFontState                          0x08010dc1   Thumb Code     6  lcdutils.o(i.LcdSetFontState)
    LcdSetPos                                0x08010dcd   Thumb Code    36  lcd.o(i.LcdSetPos)
    LcdShowStr2Center                        0x08010df1   Thumb Code    58  lcdutils.o(i.LcdShowStr2Center)
    LcdShowStrCenter                         0x08010e31   Thumb Code    20  lcdutils.o(i.LcdShowStrCenter)
    LcdWriteCommand                          0x08010e45   Thumb Code    16  lcd.o(i.LcdWriteCommand)
    LcdWriteData                             0x08010e55   Thumb Code    16  lcd.o(i.LcdWriteData)
    LcdWriteDataBytes                        0x08010e65   Thumb Code    20  lcd.o(i.LcdWriteDataBytes)
    MemManage_Handler                        0x08010e79   Thumb Code     4  stm32f10x_it.o(i.MemManage_Handler)
    NMI_Handler                              0x08010e7d   Thumb Code     2  stm32f10x_it.o(i.NMI_Handler)
    NVIC_Init                                0x08010e81   Thumb Code   102  misc.o(i.NVIC_Init)
    NVIC_SetVectorTable                      0x08010ef5   Thumb Code    12  misc.o(i.NVIC_SetVectorTable)
    OLEDDisplay                              0x08010f09   Thumb Code   324  midfunction.o(i.OLEDDisplay)
    OSEventNameSet                           0x080110b9   Thumb Code    84  os_core.o(i.OSEventNameSet)
    OSInit                                   0x08011111   Thumb Code    48  os_core.o(i.OSInit)
    OSInitHookBegin                          0x08011141   Thumb Code     8  os_cpu_c.o(i.OSInitHookBegin)
    OSInitHookEnd                            0x0801114d   Thumb Code     2  os_cpu_c.o(i.OSInitHookEnd)
    OSIntEnter                               0x08011151   Thumb Code    28  os_core.o(i.OSIntEnter)
    OSIntExit                                0x08011175   Thumb Code   112  os_core.o(i.OSIntExit)
    OSMutexCreate                            0x08011205   Thumb Code   138  os_mutex.o(i.OSMutexCreate)
    OSMutexPend                              0x080112a1   Thumb Code   568  os_mutex.o(i.OSMutexPend)
    OSMutexPost                              0x080114f1   Thumb Code   186  os_mutex.o(i.OSMutexPost)
    OSSchedLock                              0x0801163d   Thumb Code    50  os_core.o(i.OSSchedLock)
    OSSchedUnlock                            0x0801167d   Thumb Code    82  os_core.o(i.OSSchedUnlock)
    OSSemCreate                              0x080116dd   Thumb Code    72  os_sem.o(i.OSSemCreate)
    OSSemPend                                0x08011731   Thumb Code   228  os_sem.o(i.OSSemPend)
    OSSemPost                                0x08011821   Thumb Code    88  os_sem.o(i.OSSemPost)
    OSStart                                  0x08011879   Thumb Code    48  os_core.o(i.OSStart)
    OSTCBInitHook                            0x080118c1   Thumb Code     2  os_cpu_c.o(i.OSTCBInitHook)
    OSTaskCreateExt                          0x080118c5   Thumb Code   170  os_task.o(i.OSTaskCreateExt)
    OSTaskCreateHook                         0x0801197d   Thumb Code     2  os_cpu_c.o(i.OSTaskCreateHook)
    OSTaskIdleHook                           0x0801197f   Thumb Code     2  os_cpu_c.o(i.OSTaskIdleHook)
    OSTaskNameSet                            0x08011981   Thumb Code    98  os_task.o(i.OSTaskNameSet)
    OSTaskResume                             0x080119f1   Thumb Code   160  os_task.o(i.OSTaskResume)
    OSTaskStatHook                           0x08011aa1   Thumb Code     2  os_cpu_c.o(i.OSTaskStatHook)
    OSTaskStkChk                             0x08011aa5   Thumb Code   132  os_task.o(i.OSTaskStkChk)
    OSTaskStkInit                            0x08011b31   Thumb Code   154  os_cpu_c.o(i.OSTaskStkInit)
    OSTaskSuspend                            0x08011bcd   Thumb Code   152  os_task.o(i.OSTaskSuspend)
    OSTaskSwHook                             0x08011c75   Thumb Code     2  os_cpu_c.o(i.OSTaskSwHook)
    OSTimeDly                                0x08011c79   Thumb Code   100  os_time.o(i.OSTimeDly)
    OSTimeTick                               0x08011cf1   Thumb Code   218  os_core.o(i.OSTimeTick)
    OSTimeTickHook                           0x08011de5   Thumb Code    30  os_cpu_c.o(i.OSTimeTickHook)
    OSTmrSignal                              0x08011e09   Thumb Code    16  os_tmr.o(i.OSTmrSignal)
    OSTmr_Init                               0x08011e1d   Thumb Code   168  os_tmr.o(i.OSTmr_Init)
    OS_EventTaskRdy                          0x08012091   Thumb Code   132  os_core.o(i.OS_EventTaskRdy)
    OS_EventTaskRemove                       0x08012125   Thumb Code    42  os_core.o(i.OS_EventTaskRemove)
    OS_EventTaskRemoveMulti                  0x0801214f   Thumb Code    60  os_core.o(i.OS_EventTaskRemoveMulti)
    OS_EventTaskWait                         0x0801218d   Thumb Code   112  os_core.o(i.OS_EventTaskWait)
    OS_EventWaitListInit                     0x08012209   Thumb Code    28  os_core.o(i.OS_EventWaitListInit)
    OS_MemClr                                0x08012431   Thumb Code    18  os_core.o(i.OS_MemClr)
    OS_MemInit                               0x08012445   Thumb Code    74  os_mem.o(i.OS_MemInit)
    OS_QInit                                 0x0801249d   Thumb Code    72  os_q.o(i.OS_QInit)
    OS_Sched                                 0x080124ed   Thumb Code    88  os_core.o(i.OS_Sched)
    OS_TCBInit                               0x0801258d   Thumb Code   288  os_core.o(i.OS_TCBInit)
    OS_TaskIdle                              0x080126c9   Thumb Code    34  os_core.o(i.OS_TaskIdle)
    OS_TaskStat                              0x080126f1   Thumb Code   116  os_core.o(i.OS_TaskStat)
    OS_TaskStatStkChk                        0x08012779   Thumb Code    54  os_core.o(i.OS_TaskStatStkChk)
    OS_TaskStkClr                            0x080127b5   Thumb Code    26  os_task.o(i.OS_TaskStkClr)
    PWR_EnterSTANDBYMode                     0x080127d1   Thumb Code    42  stm32f10x_pwr.o(i.PWR_EnterSTANDBYMode)
    PWR_WakeUpPinCmd                         0x08012805   Thumb Code     6  stm32f10x_pwr.o(i.PWR_WakeUpPinCmd)
    Pack                                     0x08012811   Thumb Code   174  package.o(i.Pack)
    PackageKeyInit                           0x080128c5   Thumb Code    14  package.o(i.PackageKeyInit)
    PowerOffCheck                            0x080128ed   Thumb Code    42  midfunction.o(i.PowerOffCheck)
    RCC_ADCCLKConfig                         0x0801291d   Thumb Code    18  stm32f10x_rcc.o(i.RCC_ADCCLKConfig)
    RCC_APB1PeriphClockCmd                   0x08012935   Thumb Code    26  stm32f10x_rcc.o(i.RCC_APB1PeriphClockCmd)
    RCC_APB2PeriphClockCmd                   0x08012955   Thumb Code    26  stm32f10x_rcc.o(i.RCC_APB2PeriphClockCmd)
    RCC_APB2PeriphResetCmd                   0x08012975   Thumb Code    26  stm32f10x_rcc.o(i.RCC_APB2PeriphResetCmd)
    RCC_GetClocksFreq                        0x08012995   Thumb Code   192  stm32f10x_rcc.o(i.RCC_GetClocksFreq)
    Read374Block                             0x08012a71   Thumb Code    64  ch374interface.o(i.Read374Block)
    Read374Byte                              0x08012ab5   Thumb Code    48  ch374interface.o(i.Read374Byte)
    ReadFactoryConfigParam                   0x08012ae9   Thumb Code   162  recorder.o(i.ReadFactoryConfigParam)
    ReadFlashDataWithCRC16                   0x08012b9d   Thumb Code   128  recorder.o(i.ReadFlashDataWithCRC16)
    SPI_Cmd                                  0x08012c25   Thumb Code    24  stm32f10x_spi.o(i.SPI_Cmd)
    SPI_I2S_GetFlagStatus                    0x08012c3d   Thumb Code    18  stm32f10x_spi.o(i.SPI_I2S_GetFlagStatus)
    SPI_I2S_ReceiveData                      0x08012c4f   Thumb Code     6  stm32f10x_spi.o(i.SPI_I2S_ReceiveData)
    SPI_I2S_SendData                         0x08012c55   Thumb Code     4  stm32f10x_spi.o(i.SPI_I2S_SendData)
    SPI_Init                                 0x08012c59   Thumb Code    60  stm32f10x_spi.o(i.SPI_Init)
    STMOpen                                  0x08012c95   Thumb Code    42  midfunction.o(i.STMOpen)
    SVC_Handler                              0x08012cc5   Thumb Code     2  stm32f10x_it.o(i.SVC_Handler)
    SetStayInBoot                            0x08012cc9   Thumb Code    56  recorder.o(i.SetStayInBoot)
    SlipSimpleCheck                          0x08012de9   Thumb Code   120  slip.o(i.SlipSimpleCheck)
    Slip_Pack                                0x08012e61   Thumb Code   134  slip.o(i.Slip_Pack)
    Slip_Unpack                              0x08012ee7   Thumb Code   160  slip.o(i.Slip_Unpack)
    SoftReset                                0x08012f89   Thumb Code    38  recorder.o(i.SoftReset)
    Sound                                    0x08012fb9   Thumb Code   188  midfunction.o(i.Sound)
    SysTickConfig                            0x08013079   Thumb Code    92  delay.o(i.SysTickConfig)
    SysTick_Handler                          0x080130dd   Thumb Code    26  stm32f10x_it.o(i.SysTick_Handler)
    Sys_Enter_Standby                        0x080130fd   Thumb Code    32  midfunction.o(i.Sys_Enter_Standby)
    System72MDelay100us                      0x0801311d   Thumb Code    28  delay.o(i.System72MDelay100us)
    System72MDelay10us                       0x08013139   Thumb Code    28  delay.o(i.System72MDelay10us)
    System72MDelay1ms                        0x08013155   Thumb Code    24  delay.o(i.System72MDelay1ms)
    System72MDelay1us                        0x0801316d   Thumb Code    16  delay.o(i.System72MDelay1us)
    SystemGpioConfig                         0x0801317d   Thumb Code    74  systemconfig.o(i.SystemGpioConfig)
    SystemInit                               0x080131d1   Thumb Code    78  system_stm32f10x.o(i.SystemInit)
    TIM3_IRQHandler                          0x08013231   Thumb Code    38  stm32f10x_it.o(i.TIM3_IRQHandler)
    TIM_ClearITPendingBit                    0x08013261   Thumb Code     6  stm32f10x_tim.o(i.TIM_ClearITPendingBit)
    TIM_Cmd                                  0x08013267   Thumb Code    24  stm32f10x_tim.o(i.TIM_Cmd)
    TIM_GetITStatus                          0x0801327f   Thumb Code    34  stm32f10x_tim.o(i.TIM_GetITStatus)
    TIM_ITConfig                             0x080132a1   Thumb Code    18  stm32f10x_tim.o(i.TIM_ITConfig)
    TIM_TimeBaseInit                         0x080132b5   Thumb Code   122  stm32f10x_tim.o(i.TIM_TimeBaseInit)
    TaskCreate                               0x08013359   Thumb Code   226  task.o(i.TaskCreate)
    Time3_Init                               0x08013465   Thumb Code    88  midfunction.o(i.Time3_Init)
    U16DataFallRank                          0x080134c1   Thumb Code   114  adc.o(i.U16DataFallRank)
    Unpack                                   0x08013535   Thumb Code   192  package.o(i.Unpack)
    UsageFault_Handler                       0x080135f9   Thumb Code     4  stm32f10x_it.o(i.UsageFault_Handler)
    UsbIdentify                              0x080135fd   Thumb Code    64  midfunction.o(i.UsbIdentify)
    WatchDogFeed                             0x08013649   Thumb Code     8  watchdog.o(i.WatchDogFeed)
    WatchDogInit                             0x08013651   Thumb Code    34  watchdog.o(i.WatchDogInit)
    Write374Block                            0x08013675   Thumb Code    62  ch374interface.o(i.Write374Block)
    Write374Byte                             0x080136b9   Thumb Code    46  ch374interface.o(i.Write374Byte)
    WriteFactoryConfigParam                  0x080136ed   Thumb Code   136  recorder.o(i.WriteFactoryConfigParam)
    WriteFlashDataWithCRC16                  0x08013785   Thumb Code   170  recorder.o(i.WriteFlashDataWithCRC16)
    __ARM_fpclassify                         0x08013839   Thumb Code    40  fpclassify.o(i.__ARM_fpclassify)
    _is_digit                                0x08013861   Thumb Code    14  __printf_wp.o(i._is_digit)
    aes_decrypt                              0x08013871   Thumb Code  4144  aes.o(i.aes_decrypt)
    aes_encrypt                              0x080148b5   Thumb Code  4138  aes.o(i.aes_encrypt)
    aes_gen_tables                           0x080158f5   Thumb Code     2  aes.o(i.aes_gen_tables)
    aes_set_key                              0x080158f9   Thumb Code   930  aes.o(i.aes_set_key)
    main                                     0x08015ccd   Thumb Code    34  main.o(i.main)
    _get_lc_numeric                          0x08015cf1   Thumb Code    44  lc_numeric_c.o(locale$$code)
    _get_lc_ctype                            0x08015d1d   Thumb Code    44  lc_ctype_c.o(locale$$code)
    __aeabi_d2f                              0x08015d49   Thumb Code     0  d2f.o(x$fpl$d2f)
    _d2f                                     0x08015d49   Thumb Code    98  d2f.o(x$fpl$d2f)
    __aeabi_ddiv                             0x08015dad   Thumb Code     0  ddiv.o(x$fpl$ddiv)
    _ddiv                                    0x08015dad   Thumb Code   552  ddiv.o(x$fpl$ddiv)
    __aeabi_d2iz                             0x0801605d   Thumb Code     0  dfix.o(x$fpl$dfix)
    _dfix                                    0x0801605d   Thumb Code    94  dfix.o(x$fpl$dfix)
    __aeabi_d2uiz                            0x080160bd   Thumb Code     0  dfixu.o(x$fpl$dfixu)
    _dfixu                                   0x080160bd   Thumb Code    90  dfixu.o(x$fpl$dfixu)
    __aeabi_ui2d                             0x08016117   Thumb Code     0  dflt_clz.o(x$fpl$dfltu)
    _dfltu                                   0x08016117   Thumb Code    38  dflt_clz.o(x$fpl$dfltu)
    __aeabi_dmul                             0x0801613d   Thumb Code     0  dmul.o(x$fpl$dmul)
    _dmul                                    0x0801613d   Thumb Code   332  dmul.o(x$fpl$dmul)
    __fpl_dnaninf                            0x08016291   Thumb Code   156  dnaninf.o(x$fpl$dnaninf)
    __fpl_dretinf                            0x0801632d   Thumb Code    12  dretinf.o(x$fpl$dretinf)
    __aeabi_f2d                              0x08016339   Thumb Code     0  f2d.o(x$fpl$f2d)
    _f2d                                     0x08016339   Thumb Code    86  f2d.o(x$fpl$f2d)
    __aeabi_fadd                             0x08016391   Thumb Code     0  faddsub_clz.o(x$fpl$fadd)
    _fadd                                    0x08016391   Thumb Code   196  faddsub_clz.o(x$fpl$fadd)
    __aeabi_fdiv                             0x08016455   Thumb Code     0  fdiv.o(x$fpl$fdiv)
    _fdiv                                    0x08016455   Thumb Code   384  fdiv.o(x$fpl$fdiv)
    __aeabi_f2iz                             0x080165d9   Thumb Code     0  ffix.o(x$fpl$ffix)
    _ffix                                    0x080165d9   Thumb Code    54  ffix.o(x$fpl$ffix)
    __aeabi_f2uiz                            0x08016611   Thumb Code     0  ffixu.o(x$fpl$ffixu)
    _ffixu                                   0x08016611   Thumb Code    62  ffixu.o(x$fpl$ffixu)
    __aeabi_i2f                              0x08016651   Thumb Code     0  fflt_clz.o(x$fpl$fflt)
    _fflt                                    0x08016651   Thumb Code    48  fflt_clz.o(x$fpl$fflt)
    __aeabi_ui2f                             0x08016681   Thumb Code     0  fflt_clz.o(x$fpl$ffltu)
    _ffltu                                   0x08016681   Thumb Code    38  fflt_clz.o(x$fpl$ffltu)
    __aeabi_fmul                             0x080166a9   Thumb Code     0  fmul.o(x$fpl$fmul)
    _fmul                                    0x080166a9   Thumb Code   258  fmul.o(x$fpl$fmul)
    __fpl_fnaninf                            0x080167ab   Thumb Code   140  fnaninf.o(x$fpl$fnaninf)
    __fpl_fretinf                            0x08016837   Thumb Code    10  fretinf.o(x$fpl$fretinf)
    __aeabi_fsub                             0x08016841   Thumb Code     0  faddsub_clz.o(x$fpl$fsub)
    _fsub                                    0x08016841   Thumb Code   234  faddsub_clz.o(x$fpl$fsub)
    _printf_fp_dec                           0x0801692b   Thumb Code     4  printf1.o(x$fpl$printf1)
    __I$use$fp                               0x0801692e   Number         0  usenofp.o(x$fpl$usenofp)
    auch_CRCHi                               0x08019158   Data         256  crc16.o(.constdata)
    auch_CRCLo                               0x08019258   Data         256  crc16.o(.constdata)
    charIndex8_16                            0x08019358   Data          96  lcdutils.o(.constdata)
    chardot8_16                              0x080193b8   Data        1536  lcdutils.o(.constdata)
    hzIndex16_16                             0x080199b8   Data          38  lcdutils.o(.constdata)
    hzdot16_16                               0x080199de   Data         608  lcdutils.o(.constdata)
    charIndex12_24                           0x08019c3e   Data          96  lcdutils.o(.constdata)
    chardot12_24                             0x08019c9e   Data        4608  lcdutils.o(.constdata)
    hzIndex24_24                             0x0801ae9e   Data           8  lcdutils.o(.constdata)
    hzdot24_24                               0x0801aea6   Data         288  lcdutils.o(.constdata)
    LangDescr                                0x0801afc6   Data           4  ch374device.o(.constdata)
    ManuInfo                                 0x0801afca   Data          14  ch374device.o(.constdata)
    ProdInfo                                 0x0801afd8   Data          14  ch374device.o(.constdata)
    CustomHID_DeviceDescriptor               0x0801afe6   Data          18  ch374devicehid.o(.constdata)
    CustomHID_ConfigDescriptor               0x0801aff8   Data          41  ch374devicehid.o(.constdata)
    CustomHID_ReportDescriptor               0x0801b021   Data          38  ch374devicehid.o(.constdata)
    OSUnMapTbl                               0x0801b047   Data         256  os_core.o(.constdata)
    Region$$Table$$Base                      0x0801b1ec   Number         0  anon$$obj.o(Region$$Table)
    Region$$Table$$Limit                     0x0801b20c   Number         0  anon$$obj.o(Region$$Table)
    __ctype                                  0x0801b235   Data           0  lc_ctype_c.o(locale$$data)
    MsgSem                                   0x20000000   Data           4  task.o(.data)
    op_data                                  0x20000004   Data           6  task.o(.data)
    power_status                             0x2000000a   Data           1  task.o(.data)
    TickCounter                              0x2000000c   Data           4  stm32f10x_it.o(.data)
    do_init                                  0x20000014   Data           4  aes.o(.data)
    KT_init                                  0x20000018   Data           4  aes.o(.data)
    LcdFont                                  0x2000001c   Data           6  lcdutils.o(.data)
    LcdState                                 0x20000022   Data           6  lcdutils.o(.data)
    UsbConfig                                0x20000028   Data           1  ch374device.o(.data)
    CH374ErrFlag                             0x20000029   Data           1  ch374device.o(.data)
    mVarSetupRequest                         0x2000002a   Data           1  ch374device.o(.data)
    mVarSetupLength                          0x2000002b   Data           1  ch374device.o(.data)
    VarSetupDescr                            0x2000002c   Data           4  ch374device.o(.data)
    DeviceHidSendFinish                      0x20000030   Data           1  ch374devicehid.o(.data)
    OSCtxSwCtr                               0x20000048   Data           4  os_core.o(.data)
    OSEventFreeList                          0x2000004c   Data           4  os_core.o(.data)
    OSCPUUsage                               0x20000050   Data           1  os_core.o(.data)
    OSIdleCtrMax                             0x20000054   Data           4  os_core.o(.data)
    OSIdleCtrRun                             0x20000058   Data           4  os_core.o(.data)
    OSStatRdy                                0x2000005c   Data           1  os_core.o(.data)
    OSIntNesting                             0x2000005d   Data           1  os_core.o(.data)
    OSLockNesting                            0x2000005e   Data           1  os_core.o(.data)
    OSPrioCur                                0x2000005f   Data           1  os_core.o(.data)
    OSPrioHighRdy                            0x20000060   Data           1  os_core.o(.data)
    OSRdyGrp                                 0x20000061   Data           1  os_core.o(.data)
    OSRdyTbl                                 0x20000062   Data           8  os_core.o(.data)
    OSRunning                                0x2000006a   Data           1  os_core.o(.data)
    OSTaskCtr                                0x2000006b   Data           1  os_core.o(.data)
    OSIdleCtr                                0x2000006c   Data           4  os_core.o(.data)
    OSTCBCur                                 0x20000070   Data           4  os_core.o(.data)
    OSTCBFreeList                            0x20000074   Data           4  os_core.o(.data)
    OSTCBHighRdy                             0x20000078   Data           4  os_core.o(.data)
    OSTCBList                                0x2000007c   Data           4  os_core.o(.data)
    OSTickStepState                          0x20000080   Data           1  os_core.o(.data)
    OSMemFreeList                            0x20000084   Data           4  os_core.o(.data)
    OSQFreeList                              0x20000088   Data           4  os_core.o(.data)
    OSTime                                   0x2000008c   Data           4  os_core.o(.data)
    OSTmrFree                                0x20000090   Data           2  os_core.o(.data)
    OSTmrUsed                                0x20000092   Data           2  os_core.o(.data)
    OSTmrTime                                0x20000094   Data           4  os_core.o(.data)
    OSTmrSem                                 0x20000098   Data           4  os_core.o(.data)
    OSTmrSemSignal                           0x2000009c   Data           4  os_core.o(.data)
    OSTmrFreeList                            0x200000a0   Data           4  os_core.o(.data)
    PrivateStk                               0x200000a8   Data        3584  task.o(.bss)
    DeviceInfo                               0x20000ea8   Data          65  task.o(.bss)
    GusetSendBuffer                          0x20000eea   Data        1028  guestrespond.o(.bss)
    GusetTempBuffer                          0x200012ee   Data        1028  guestrespond.o(.bss)
    adc_adjust                               0x200016f4   Data          48  adc.o(.bss)
    KT0                                      0x20001724   Data        1024  aes.o(.bss)
    KT1                                      0x20001b24   Data        1024  aes.o(.bss)
    KT2                                      0x20001f24   Data        1024  aes.o(.bss)
    KT3                                      0x20002324   Data        1024  aes.o(.bss)
    LcdBuffer                                0x20002724   Data         384  lcdutils.o(.bss)
    Ch374Device                              0x20002aa8   Data          44  ch374device.o(.bss)
    HidData                                  0x20002ad4   Data        1028  ch374devicehid.o(.bss)
    OSEventTbl                               0x20002ed8   Data         240  os_core.o(.bss)
    OSTaskStatStk                            0x20002fc8   Data         512  os_core.o(.bss)
    OSTaskIdleStk                            0x200031c8   Data         512  os_core.o(.bss)
    OSTCBPrioTbl                             0x200033c8   Data         256  os_core.o(.bss)
    OSTCBTbl                                 0x200034c8   Data        1760  os_core.o(.bss)
    OSMemTbl                                 0x20003ba8   Data         120  os_core.o(.bss)
    OSQTbl                                   0x20003c20   Data          96  os_core.o(.bss)
    OSTmrTbl                                 0x20003c80   Data         640  os_core.o(.bss)
    OSTmrTaskStk                             0x20003f00   Data         512  os_core.o(.bss)
    OSTmrWheelTbl                            0x20004100   Data          64  os_core.o(.bss)
    __libspace_start                         0x20004140   Data          96  libspace.o(.bss)
    __temporary_stack_top$libspace           0x200041a0   Data           0  libspace.o(.bss)



==============================================================================

Memory Map of the image

  Image Entry point : 0x0800c931

  Load Region LR_IROM1 (Base: 0x0800c800, Size: 0x0000ebdc, Max: 0x00040000, ABSOLUTE)

    Execution Region ER_IROM1 (Base: 0x0800c800, Size: 0x0000eb38, Max: 0x00040000, ABSOLUTE)

    Base Addr    Size         Type   Attr      Idx    E Section Name        Object

    0x0800c800   0x00000130   Data   RO           19    RESET               startup_stm32f10x_hd.o
    0x0800c930   0x00000008   Code   RO         3792  * !!!main             c_w.l(__main.o)
    0x0800c938   0x00000034   Code   RO         4076    !!!scatter          c_w.l(__scatter.o)
    0x0800c96c   0x0000001a   Code   RO         4078    !!handler_copy      c_w.l(__scatter_copy.o)
    0x0800c986   0x00000002   PAD
    0x0800c988   0x0000001c   Code   RO         4080    !!handler_zi        c_w.l(__scatter_zi.o)
    0x0800c9a4   0x00000000   Code   RO         3771    .ARM.Collect$$_printf_percent$$00000000  c_w.l(_printf_percent.o)
    0x0800c9a4   0x00000006   Code   RO         3770    .ARM.Collect$$_printf_percent$$00000003  c_w.l(_printf_f.o)
    0x0800c9aa   0x00000006   Code   RO         3768    .ARM.Collect$$_printf_percent$$00000009  c_w.l(_printf_d.o)
    0x0800c9b0   0x00000006   Code   RO         3769    .ARM.Collect$$_printf_percent$$0000000A  c_w.l(_printf_u.o)
    0x0800c9b6   0x00000004   Code   RO         3855    .ARM.Collect$$_printf_percent$$00000017  c_w.l(_printf_percent_end.o)
    0x0800c9ba   0x00000002   Code   RO         3949    .ARM.Collect$$libinit$$00000000  c_w.l(libinit.o)
    0x0800c9bc   0x00000000   Code   RO         3951    .ARM.Collect$$libinit$$00000002  c_w.l(libinit2.o)
    0x0800c9bc   0x00000000   Code   RO         3954    .ARM.Collect$$libinit$$00000008  c_w.l(libinit2.o)
    0x0800c9bc   0x00000000   Code   RO         3956    .ARM.Collect$$libinit$$0000000A  c_w.l(libinit2.o)
    0x0800c9bc   0x00000000   Code   RO         3958    .ARM.Collect$$libinit$$0000000C  c_w.l(libinit2.o)
    0x0800c9bc   0x00000006   Code   RO         3959    .ARM.Collect$$libinit$$0000000D  c_w.l(libinit2.o)
    0x0800c9c2   0x00000000   Code   RO         3961    .ARM.Collect$$libinit$$0000000F  c_w.l(libinit2.o)
    0x0800c9c2   0x0000000c   Code   RO         3962    .ARM.Collect$$libinit$$00000010  c_w.l(libinit2.o)
    0x0800c9ce   0x00000000   Code   RO         3963    .ARM.Collect$$libinit$$00000011  c_w.l(libinit2.o)
    0x0800c9ce   0x00000000   Code   RO         3965    .ARM.Collect$$libinit$$00000013  c_w.l(libinit2.o)
    0x0800c9ce   0x0000000a   Code   RO         3966    .ARM.Collect$$libinit$$00000014  c_w.l(libinit2.o)
    0x0800c9d8   0x00000000   Code   RO         3967    .ARM.Collect$$libinit$$00000015  c_w.l(libinit2.o)
    0x0800c9d8   0x00000000   Code   RO         3969    .ARM.Collect$$libinit$$00000017  c_w.l(libinit2.o)
    0x0800c9d8   0x00000000   Code   RO         3971    .ARM.Collect$$libinit$$00000019  c_w.l(libinit2.o)
    0x0800c9d8   0x00000000   Code   RO         3973    .ARM.Collect$$libinit$$0000001B  c_w.l(libinit2.o)
    0x0800c9d8   0x00000000   Code   RO         3975    .ARM.Collect$$libinit$$0000001D  c_w.l(libinit2.o)
    0x0800c9d8   0x00000000   Code   RO         3977    .ARM.Collect$$libinit$$0000001F  c_w.l(libinit2.o)
    0x0800c9d8   0x00000000   Code   RO         3979    .ARM.Collect$$libinit$$00000021  c_w.l(libinit2.o)
    0x0800c9d8   0x00000000   Code   RO         3981    .ARM.Collect$$libinit$$00000023  c_w.l(libinit2.o)
    0x0800c9d8   0x00000000   Code   RO         3985    .ARM.Collect$$libinit$$0000002A  c_w.l(libinit2.o)
    0x0800c9d8   0x00000000   Code   RO         3987    .ARM.Collect$$libinit$$0000002C  c_w.l(libinit2.o)
    0x0800c9d8   0x00000000   Code   RO         3989    .ARM.Collect$$libinit$$0000002E  c_w.l(libinit2.o)
    0x0800c9d8   0x00000000   Code   RO         3991    .ARM.Collect$$libinit$$00000030  c_w.l(libinit2.o)
    0x0800c9d8   0x00000002   Code   RO         3992    .ARM.Collect$$libinit$$00000031  c_w.l(libinit2.o)
    0x0800c9da   0x00000002   Code   RO         4025    .ARM.Collect$$libshutdown$$00000000  c_w.l(libshutdown.o)
    0x0800c9dc   0x00000000   Code   RO         4037    .ARM.Collect$$libshutdown$$00000003  c_w.l(libshutdown2.o)
    0x0800c9dc   0x00000000   Code   RO         4040    .ARM.Collect$$libshutdown$$00000006  c_w.l(libshutdown2.o)
    0x0800c9dc   0x00000000   Code   RO         4043    .ARM.Collect$$libshutdown$$00000009  c_w.l(libshutdown2.o)
    0x0800c9dc   0x00000000   Code   RO         4045    .ARM.Collect$$libshutdown$$0000000B  c_w.l(libshutdown2.o)
    0x0800c9dc   0x00000000   Code   RO         4048    .ARM.Collect$$libshutdown$$0000000E  c_w.l(libshutdown2.o)
    0x0800c9dc   0x00000002   Code   RO         4049    .ARM.Collect$$libshutdown$$0000000F  c_w.l(libshutdown2.o)
    0x0800c9de   0x00000000   Code   RO         3846    .ARM.Collect$$rtentry$$00000000  c_w.l(rtentry.o)
    0x0800c9de   0x00000000   Code   RO         3872    .ARM.Collect$$rtentry$$00000002  c_w.l(rtentry2.o)
    0x0800c9de   0x00000006   Code   RO         3884    .ARM.Collect$$rtentry$$00000004  c_w.l(rtentry4.o)
    0x0800c9e4   0x00000000   Code   RO         3874    .ARM.Collect$$rtentry$$00000009  c_w.l(rtentry2.o)
    0x0800c9e4   0x00000004   Code   RO         3875    .ARM.Collect$$rtentry$$0000000A  c_w.l(rtentry2.o)
    0x0800c9e8   0x00000000   Code   RO         3877    .ARM.Collect$$rtentry$$0000000C  c_w.l(rtentry2.o)
    0x0800c9e8   0x00000008   Code   RO         3878    .ARM.Collect$$rtentry$$0000000D  c_w.l(rtentry2.o)
    0x0800c9f0   0x00000002   Code   RO         3993    .ARM.Collect$$rtexit$$00000000  c_w.l(rtexit.o)
    0x0800c9f2   0x00000000   Code   RO         4003    .ARM.Collect$$rtexit$$00000002  c_w.l(rtexit2.o)
    0x0800c9f2   0x00000004   Code   RO         4004    .ARM.Collect$$rtexit$$00000003  c_w.l(rtexit2.o)
    0x0800c9f6   0x00000006   Code   RO         4005    .ARM.Collect$$rtexit$$00000004  c_w.l(rtexit2.o)
    0x0800c9fc   0x00000040   Code   RO           20    .text               startup_stm32f10x_hd.o
    0x0800ca3c   0x000000a4   Code   RO         3013    .text               os_cpu_a.o
    0x0800cae0   0x0000002c   Code   RO         3738    .text               c_w.l(__2sprintf.o)
    0x0800cb0c   0x00000052   Code   RO         3744    .text               c_w.l(_printf_pad.o)
    0x0800cb5e   0x00000002   PAD
    0x0800cb60   0x00000078   Code   RO         3746    .text               c_w.l(_printf_dec.o)
    0x0800cbd8   0x0000013c   Code   RO         3760    .text               c_w.l(__printf_flags_wp.o)
    0x0800cd14   0x0000003c   Code   RO         3772    .text               c_w.l(__0sscanf.o)
    0x0800cd50   0x00000150   Code   RO         3774    .text               c_w.l(_scanf_int.o)
    0x0800cea0   0x00000058   Code   RO         3776    .text               c_w.l(memcmp.o)
    0x0800cef8   0x00000048   Code   RO         3778    .text               c_w.l(strcpy.o)
    0x0800cf40   0x0000008a   Code   RO         3780    .text               c_w.l(rt_memcpy_v6.o)
    0x0800cfca   0x00000064   Code   RO         3782    .text               c_w.l(rt_memcpy_w.o)
    0x0800d02e   0x00000044   Code   RO         3784    .text               c_w.l(rt_memclr.o)
    0x0800d072   0x0000004e   Code   RO         3786    .text               c_w.l(rt_memclr_w.o)
    0x0800d0c0   0x00000056   Code   RO         3788    .text               c_w.l(strncpy.o)
    0x0800d116   0x00000006   Code   RO         3790    .text               c_w.l(heapauxi.o)
    0x0800d11c   0x000000b8   Code   RO         3847    .text               c_w.l(_printf_intcommon.o)
    0x0800d1d4   0x00000420   Code   RO         3849    .text               c_w.l(_printf_fp_dec.o)
    0x0800d5f4   0x00000030   Code   RO         3851    .text               c_w.l(_printf_char_common.o)
    0x0800d624   0x0000000a   Code   RO         3853    .text               c_w.l(_sputc.o)
    0x0800d62e   0x0000001c   Code   RO         3856    .text               c_w.l(_chval.o)
    0x0800d64a   0x00000002   PAD
    0x0800d64c   0x0000002c   Code   RO         3858    .text               c_w.l(scanf_char.o)
    0x0800d678   0x00000040   Code   RO         3860    .text               c_w.l(_sgetc.o)
    0x0800d6b8   0x00000008   Code   RO         3889    .text               c_w.l(rt_locale_intlibspace.o)
    0x0800d6c0   0x0000008a   Code   RO         3891    .text               c_w.l(lludiv10.o)
    0x0800d74a   0x00000012   Code   RO         3893    .text               c_w.l(isspace.o)
    0x0800d75c   0x00000080   Code   RO         3895    .text               c_w.l(_printf_fp_infnan.o)
    0x0800d7dc   0x00000370   Code   RO         3899    .text               c_w.l(_scanf.o)
    0x0800db4c   0x000000e4   Code   RO         3901    .text               c_w.l(bigflt0.o)
    0x0800dc30   0x00000008   Code   RO         3933    .text               c_w.l(libspace.o)
    0x0800dc38   0x0000004a   Code   RO         3936    .text               c_w.l(sys_stackheap_outer.o)
    0x0800dc82   0x00000002   PAD
    0x0800dc84   0x00000010   Code   RO         3938    .text               c_w.l(rt_ctype_table.o)
    0x0800dc94   0x0000000c   Code   RO         3940    .text               c_w.l(exit.o)
    0x0800dca0   0x00000080   Code   RO         3942    .text               c_w.l(strcmpv7m.o)
    0x0800dd20   0x0000000c   Code   RO         4015    .text               c_w.l(sys_exit.o)
    0x0800dd2c   0x00000002   Code   RO         4026    .text               c_w.l(use_no_semi.o)
    0x0800dd2e   0x00000000   Code   RO         4028    .text               c_w.l(indicate_semi.o)
    0x0800dd2e   0x0000003e   Code   RO         3904    CL$$btod_d2e        c_w.l(btod.o)
    0x0800dd6c   0x00000046   Code   RO         3906    CL$$btod_d2e_denorm_low  c_w.l(btod.o)
    0x0800ddb2   0x00000060   Code   RO         3905    CL$$btod_d2e_norm_op1  c_w.l(btod.o)
    0x0800de12   0x00000338   Code   RO         3914    CL$$btod_div_common  c_w.l(btod.o)
    0x0800e14a   0x000000c6   Code   RO         3911    CL$$btod_e2e        c_w.l(btod.o)
    0x0800e210   0x00000028   Code   RO         3908    CL$$btod_ediv       c_w.l(btod.o)
    0x0800e238   0x00000028   Code   RO         3907    CL$$btod_emul       c_w.l(btod.o)
    0x0800e260   0x00000244   Code   RO         3913    CL$$btod_mult_common  c_w.l(btod.o)
    0x0800e4a4   0x00000006   Code   RO         1778    i.ADC_ClearFlag     stm32f10x_adc.o
    0x0800e4aa   0x00000016   Code   RO         1780    i.ADC_Cmd           stm32f10x_adc.o
    0x0800e4c0   0x00000014   Code   RO         1788    i.ADC_GetCalibrationStatus  stm32f10x_adc.o
    0x0800e4d4   0x00000008   Code   RO         1789    i.ADC_GetConversionValue  stm32f10x_adc.o
    0x0800e4dc   0x00000012   Code   RO         1791    i.ADC_GetFlagStatus  stm32f10x_adc.o
    0x0800e4ee   0x00000014   Code   RO         1794    i.ADC_GetResetCalibrationStatus  stm32f10x_adc.o
    0x0800e502   0x00000002   PAD
    0x0800e504   0x00000050   Code   RO         1798    i.ADC_Init          stm32f10x_adc.o
    0x0800e554   0x000000b8   Code   RO         1802    i.ADC_RegularChannelConfig  stm32f10x_adc.o
    0x0800e60c   0x0000000a   Code   RO         1803    i.ADC_ResetCalibration  stm32f10x_adc.o
    0x0800e616   0x00000016   Code   RO         1805    i.ADC_SoftwareStartConvCmd  stm32f10x_adc.o
    0x0800e62c   0x0000000a   Code   RO         1807    i.ADC_StartCalibration  stm32f10x_adc.o
    0x0800e636   0x00000002   PAD
    0x0800e638   0x000000a4   Code   RO          536    i.Adc2VoltageOrCurrent  adc.o
    0x0800e6dc   0x000000a4   Code   RO          537    i.AdcConfig         adc.o
    0x0800e780   0x00000028   Code   RO          538    i.AdcLock           adc.o
    0x0800e7a8   0x00000010   Code   RO          539    i.AdcUnlock         adc.o
    0x0800e7b8   0x0000001c   Code   RO          101    i.AppLEDTask        task.o
    0x0800e7d4   0x0000000e   Code   RO          102    i.AppOLEDTask       task.o
    0x0800e7e2   0x00000040   Code   RO          103    i.AppStartUpTask    task.o
    0x0800e822   0x00000002   PAD
    0x0800e824   0x0000002c   Code   RO          104    i.AppTestTask       task.o
    0x0800e850   0x00000070   Code   RO          105    i.AppUsbTask        task.o
    0x0800e8c0   0x00000030   Code   RO          406    i.AutoPowerOff      midfunction.o
    0x0800e8f0   0x00000012   Code   RO          540    i.BusCurrentIsZero  adc.o
    0x0800e902   0x00000004   Code   RO          257    i.BusFault_Handler  stm32f10x_it.o
    0x0800e906   0x0000001c   Code   RO          541    i.BusIsShort        adc.o
    0x0800e922   0x00000026   Code   RO          542    i.BusLeakIsShort    adc.o
    0x0800e948   0x000000c8   Code   RO         1105    i.CH374DeviceInit   ch374device.o
    0x0800ea10   0x00000450   Code   RO         1106    i.CH374DeviceInterrupt  ch374device.o
    0x0800ee60   0x0000001c   Code   RO         1128    i.CH374InterruptCallBack  ch374devicehid.o
    0x0800ee7c   0x000000a4   Code   RO         1166    i.CH374SpiConfig    ch374interface.o
    0x0800ef20   0x00000038   Code   RO         1167    i.CH374SpiSendByte  ch374interface.o
    0x0800ef58   0x00000040   Code   RO         1168    i.CH374WriteBlockZero  ch374interface.o
    0x0800ef98   0x000000b0   Code   RO         1169    i.Ch374HardWareConfig  ch374interface.o
    0x0800f048   0x00000002   Code   RO          258    i.DebugMon_Handler  stm32f10x_it.o
    0x0800f04a   0x0000002e   Code   RO          543    i.DetIsInsert       adc.o
    0x0800f078   0x00000060   Code   RO         1129    i.DeviceHidOutCallBack  ch374devicehid.o
    0x0800f0d8   0x000000a4   Code   RO         1130    i.DeviceHidSendData  ch374devicehid.o
    0x0800f17c   0x0000000c   Code   RO         1131    i.DeviceHidSendFinishCallBack  ch374devicehid.o
    0x0800f188   0x0000001e   Code   RO          259    i.EXTI9_5_IRQHandler  stm32f10x_it.o
    0x0800f1a6   0x00000002   PAD
    0x0800f1a8   0x0000000c   Code   RO         1263    i.EXTI_ClearITPendingBit  stm32f10x_exti.o
    0x0800f1b4   0x00000028   Code   RO         1267    i.EXTI_GetITStatus  stm32f10x_exti.o
    0x0800f1dc   0x00000094   Code   RO         1268    i.EXTI_Init         stm32f10x_exti.o
    0x0800f270   0x0000004e   Code   RO          544    i.EliminateBusCurrentErr  adc.o
    0x0800f2be   0x00000002   PAD
    0x0800f2c0   0x0000000c   Code   RO         1996    i.FLASH_ClearFlag   stm32f10x_flash.o
    0x0800f2cc   0x0000004c   Code   RO         2001    i.FLASH_ErasePage   stm32f10x_flash.o
    0x0800f318   0x00000034   Code   RO         2002    i.FLASH_GetBank1Status  stm32f10x_flash.o
    0x0800f34c   0x00000014   Code   RO         2011    i.FLASH_Lock        stm32f10x_flash.o
    0x0800f360   0x00000040   Code   RO         2014    i.FLASH_ProgramHalfWord  stm32f10x_flash.o
    0x0800f3a0   0x00000018   Code   RO         2019    i.FLASH_Unlock      stm32f10x_flash.o
    0x0800f3b8   0x00000026   Code   RO         2023    i.FLASH_WaitForLastOperation  stm32f10x_flash.o
    0x0800f3de   0x00000002   PAD
    0x0800f3e0   0x00000040   Code   RO         1319    i.GPIO_EXTILineConfig  stm32f10x_gpio.o
    0x0800f420   0x00000112   Code   RO         1322    i.GPIO_Init         stm32f10x_gpio.o
    0x0800f532   0x00000002   PAD
    0x0800f534   0x00000090   Code   RO         1324    i.GPIO_PinRemapConfig  stm32f10x_gpio.o
    0x0800f5c4   0x00000012   Code   RO         1326    i.GPIO_ReadInputDataBit  stm32f10x_gpio.o
    0x0800f5d6   0x00000004   Code   RO         1329    i.GPIO_ResetBits    stm32f10x_gpio.o
    0x0800f5da   0x00000004   Code   RO         1330    i.GPIO_SetBits      stm32f10x_gpio.o
    0x0800f5de   0x00000002   PAD
    0x0800f5e0   0x000000d0   Code   RO          545    i.GetAdcValue       adc.o
    0x0800f6b0   0x0000003c   Code   RO          546    i.GetBatteryVoltage  adc.o
    0x0800f6ec   0x00000018   Code   RO          358    i.GetBufferStringLenght  guestrespond.o
    0x0800f704   0x00000084   Code   RO          547    i.GetBusCurrent     adc.o
    0x0800f788   0x000000e8   Code   RO          548    i.GetBusLeakCurrent  adc.o
    0x0800f870   0x000000ae   Code   RO          549    i.GetBusVoltage     adc.o
    0x0800f91e   0x00000002   PAD
    0x0800f920   0x000000e0   Code   RO          550    i.GetBusVoltageFromAdcValue  adc.o
    0x0800fa00   0x00000048   Code   RO          693    i.GetCrc16Value     crc16.o
    0x0800fa48   0x00000074   Code   RO          361    i.GetDecValueFromSeparator  guestrespond.o
    0x0800fabc   0x00000048   Code   RO          362    i.GetGeneralRespondData  guestrespond.o
    0x0800fb04   0x00000028   Code   RO          552    i.GetLinABAdcValue  adc.o
    0x0800fb2c   0x00000094   Code   RO          340    i.GpioConfig        systemconfig.o
    0x0800fbc0   0x000009b4   Code   RO          363    i.GuestRespond      guestrespond.o
    0x08010574   0x00000004   Code   RO          260    i.HardFault_Handler  stm32f10x_it.o
    0x08010578   0x00000014   Code   RO          749    i.I2C_Delay         i2c.o
    0x0801058c   0x0000003c   Code   RO          750    i.I2C_FromBusyToIdle  i2c.o
    0x080105c8   0x00000050   Code   RO          751    i.I2C_GPIO_Config   i2c.o
    0x08010618   0x00000070   Code   RO          756    i.I2C_SendByte      i2c.o
    0x08010688   0x0000007c   Code   RO          757    i.I2C_Start         i2c.o
    0x08010704   0x00000050   Code   RO          758    i.I2C_Stop          i2c.o
    0x08010754   0x00000064   Code   RO          759    i.I2C_WaitAck       i2c.o
    0x080107b8   0x0000005e   Code   RO          760    i.I2C_WriteByte     i2c.o
    0x08010816   0x00000068   Code   RO          761    i.I2C_WriteData     i2c.o
    0x0801087e   0x00000002   PAD
    0x08010880   0x00000010   Code   RO         2170    i.IWDG_Enable       stm32f10x_iwdg.o
    0x08010890   0x00000010   Code   RO         2172    i.IWDG_ReloadCounter  stm32f10x_iwdg.o
    0x080108a0   0x0000000c   Code   RO         2173    i.IWDG_SetPrescaler  stm32f10x_iwdg.o
    0x080108ac   0x0000000c   Code   RO         2174    i.IWDG_SetReload    stm32f10x_iwdg.o
    0x080108b8   0x0000000c   Code   RO         2175    i.IWDG_WriteAccessCmd  stm32f10x_iwdg.o
    0x080108c4   0x0000006c   Code   RO         1031    i.LEDConfig         led.o
    0x08010930   0x00000030   Code   RO          838    i.LcdBufferClear    lcdutils.o
    0x08010960   0x0000002c   Code   RO          839    i.LcdBufferPaint    lcdutils.o
    0x0801098c   0x000000c0   Code   RO          840    i.LcdCheckCharHz    lcdutils.o
    0x08010a4c   0x00000038   Code   RO          971    i.LcdClear          lcd.o
    0x08010a84   0x000000c0   Code   RO          843    i.LcdDrawOne        lcdutils.o
    0x08010b44   0x0000009c   Code   RO          844    i.LcdDrawPoint      lcdutils.o
    0x08010be0   0x0000005c   Code   RO          845    i.LcdDrawString     lcdutils.o
    0x08010c3c   0x00000024   Code   RO          846    i.LcdDrawStringCenter  lcdutils.o
    0x08010c60   0x0000005c   Code   RO          847    i.LcdDrawStringHCenter  lcdutils.o
    0x08010cbc   0x000000b6   Code   RO          974    i.LcdInit           lcd.o
    0x08010d72   0x00000002   PAD
    0x08010d74   0x0000004c   Code   RO          852    i.LcdSetFont        lcdutils.o
    0x08010dc0   0x0000000c   Code   RO          853    i.LcdSetFontState   lcdutils.o
    0x08010dcc   0x00000024   Code   RO          976    i.LcdSetPos         lcd.o
    0x08010df0   0x00000040   Code   RO          855    i.LcdShowStr2Center  lcdutils.o
    0x08010e30   0x00000014   Code   RO          856    i.LcdShowStrCenter  lcdutils.o
    0x08010e44   0x00000010   Code   RO          977    i.LcdWriteCommand   lcd.o
    0x08010e54   0x00000010   Code   RO          978    i.LcdWriteData      lcd.o
    0x08010e64   0x00000014   Code   RO          979    i.LcdWriteDataBytes  lcd.o
    0x08010e78   0x00000004   Code   RO          261    i.MemManage_Handler  stm32f10x_it.o
    0x08010e7c   0x00000002   Code   RO          262    i.NMI_Handler       stm32f10x_it.o
    0x08010e7e   0x00000002   PAD
    0x08010e80   0x00000074   Code   RO         1226    i.NVIC_Init         misc.o
    0x08010ef4   0x00000014   Code   RO         1228    i.NVIC_SetVectorTable  misc.o
    0x08010f08   0x000001b0   Code   RO          407    i.OLEDDisplay       midfunction.o
    0x080110b8   0x00000058   Code   RO         3017    i.OSEventNameSet    os_core.o
    0x08011110   0x00000030   Code   RO         3019    i.OSInit            os_core.o
    0x08011140   0x0000000c   Code   RO         2932    i.OSInitHookBegin   os_cpu_c.o
    0x0801114c   0x00000002   Code   RO         2933    i.OSInitHookEnd     os_cpu_c.o
    0x0801114e   0x00000002   PAD
    0x08011150   0x00000024   Code   RO         3020    i.OSIntEnter        os_core.o
    0x08011174   0x00000090   Code   RO         3021    i.OSIntExit         os_core.o
    0x08011204   0x0000009c   Code   RO         3336    i.OSMutexCreate     os_mutex.o
    0x080112a0   0x00000250   Code   RO         3338    i.OSMutexPend       os_mutex.o
    0x080114f0   0x000000c8   Code   RO         3339    i.OSMutexPost       os_mutex.o
    0x080115b8   0x00000084   Code   RO         3341    i.OSMutex_RdyAtPrio  os_mutex.o
    0x0801163c   0x00000040   Code   RO         3022    i.OSSchedLock       os_core.o
    0x0801167c   0x00000060   Code   RO         3023    i.OSSchedUnlock     os_core.o
    0x080116dc   0x00000054   Code   RO         3455    i.OSSemCreate       os_sem.o
    0x08011730   0x000000f0   Code   RO         3457    i.OSSemPend         os_sem.o
    0x08011820   0x00000058   Code   RO         3459    i.OSSemPost         os_sem.o
    0x08011878   0x00000048   Code   RO         3024    i.OSStart           os_core.o
    0x080118c0   0x00000002   Code   RO         2934    i.OSTCBInitHook     os_cpu_c.o
    0x080118c2   0x00000002   PAD
    0x080118c4   0x000000b8   Code   RO         3510    i.OSTaskCreateExt   os_task.o
    0x0801197c   0x00000002   Code   RO         2935    i.OSTaskCreateHook  os_cpu_c.o
    0x0801197e   0x00000002   Code   RO         2937    i.OSTaskIdleHook    os_cpu_c.o
    0x08011980   0x00000070   Code   RO         3514    i.OSTaskNameSet     os_task.o
    0x080119f0   0x000000b0   Code   RO         3518    i.OSTaskResume      os_task.o
    0x08011aa0   0x00000002   Code   RO         2939    i.OSTaskStatHook    os_cpu_c.o
    0x08011aa2   0x00000002   PAD
    0x08011aa4   0x0000008c   Code   RO         3519    i.OSTaskStkChk      os_task.o
    0x08011b30   0x0000009a   Code   RO         2940    i.OSTaskStkInit     os_cpu_c.o
    0x08011bca   0x00000002   PAD
    0x08011bcc   0x000000a8   Code   RO         3520    i.OSTaskSuspend     os_task.o
    0x08011c74   0x00000002   Code   RO         2941    i.OSTaskSwHook      os_cpu_c.o
    0x08011c76   0x00000002   PAD
    0x08011c78   0x00000078   Code   RO         3604    i.OSTimeDly         os_time.o
    0x08011cf0   0x000000f4   Code   RO         3026    i.OSTimeTick        os_core.o
    0x08011de4   0x00000024   Code   RO         2942    i.OSTimeTickHook    os_cpu_c.o
    0x08011e08   0x00000014   Code   RO         3644    i.OSTmrSignal       os_tmr.o
    0x08011e1c   0x000000f4   Code   RO         3650    i.OSTmr_Init        os_tmr.o
    0x08011f10   0x00000050   Code   RO         3651    i.OSTmr_InitTask    os_tmr.o
    0x08011f60   0x0000006c   Code   RO         3652    i.OSTmr_Link        os_tmr.o
    0x08011fcc   0x00000080   Code   RO         3653    i.OSTmr_Task        os_tmr.o
    0x0801204c   0x00000044   Code   RO         3654    i.OSTmr_Unlink      os_tmr.o
    0x08012090   0x00000094   Code   RO         3029    i.OS_EventTaskRdy   os_core.o
    0x08012124   0x0000002a   Code   RO         3030    i.OS_EventTaskRemove  os_core.o
    0x0801214e   0x0000003c   Code   RO         3031    i.OS_EventTaskRemoveMulti  os_core.o
    0x0801218a   0x00000002   PAD
    0x0801218c   0x0000007c   Code   RO         3032    i.OS_EventTaskWait  os_core.o
    0x08012208   0x0000001c   Code   RO         3034    i.OS_EventWaitListInit  os_core.o
    0x08012224   0x00000060   Code   RO         3035    i.OS_InitEventList  os_core.o
    0x08012284   0x00000054   Code   RO         3036    i.OS_InitMisc       os_core.o
    0x080122d8   0x00000044   Code   RO         3037    i.OS_InitRdyList    os_core.o
    0x0801231c   0x00000074   Code   RO         3038    i.OS_InitTCBList    os_core.o
    0x08012390   0x00000050   Code   RO         3039    i.OS_InitTaskIdle   os_core.o
    0x080123e0   0x00000050   Code   RO         3040    i.OS_InitTaskStat   os_core.o
    0x08012430   0x00000012   Code   RO         3041    i.OS_MemClr         os_core.o
    0x08012442   0x00000002   PAD
    0x08012444   0x00000058   Code   RO         3293    i.OS_MemInit        os_mem.o
    0x0801249c   0x00000050   Code   RO         3392    i.OS_QInit          os_q.o
    0x080124ec   0x00000074   Code   RO         3043    i.OS_Sched          os_core.o
    0x08012560   0x0000002c   Code   RO         3044    i.OS_SchedNew       os_core.o
    0x0801258c   0x0000013c   Code   RO         3046    i.OS_TCBInit        os_core.o
    0x080126c8   0x00000028   Code   RO         3047    i.OS_TaskIdle       os_core.o
    0x080126f0   0x00000088   Code   RO         3048    i.OS_TaskStat       os_core.o
    0x08012778   0x0000003c   Code   RO         3049    i.OS_TaskStatStkChk  os_core.o
    0x080127b4   0x0000001a   Code   RO         3522    i.OS_TaskStkClr     os_task.o
    0x080127ce   0x00000002   PAD
    0x080127d0   0x00000034   Code   RO         2763    i.PWR_EnterSTANDBYMode  stm32f10x_pwr.o
    0x08012804   0x0000000c   Code   RO         2768    i.PWR_WakeUpPinCmd  stm32f10x_pwr.o
    0x08012810   0x000000b4   Code   RO         1043    i.Pack              package.o
    0x080128c4   0x00000028   Code   RO         1044    i.PackageKeyInit    package.o
    0x080128ec   0x00000030   Code   RO          408    i.PowerOffCheck     midfunction.o
    0x0801291c   0x00000018   Code   RO         1430    i.RCC_ADCCLKConfig  stm32f10x_rcc.o
    0x08012934   0x00000020   Code   RO         1432    i.RCC_APB1PeriphClockCmd  stm32f10x_rcc.o
    0x08012954   0x00000020   Code   RO         1434    i.RCC_APB2PeriphClockCmd  stm32f10x_rcc.o
    0x08012974   0x00000020   Code   RO         1435    i.RCC_APB2PeriphResetCmd  stm32f10x_rcc.o
    0x08012994   0x000000dc   Code   RO         1442    i.RCC_GetClocksFreq  stm32f10x_rcc.o
    0x08012a70   0x00000044   Code   RO         1171    i.Read374Block      ch374interface.o
    0x08012ab4   0x00000034   Code   RO         1172    i.Read374Byte       ch374interface.o
    0x08012ae8   0x000000b4   Code   RO          460    i.ReadFactoryConfigParam  recorder.o
    0x08012b9c   0x00000088   Code   RO          461    i.ReadFlashDataWithCRC16  recorder.o
    0x08012c24   0x00000018   Code   RO         1635    i.SPI_Cmd           stm32f10x_spi.o
    0x08012c3c   0x00000012   Code   RO         1643    i.SPI_I2S_GetFlagStatus  stm32f10x_spi.o
    0x08012c4e   0x00000006   Code   RO         1646    i.SPI_I2S_ReceiveData  stm32f10x_spi.o
    0x08012c54   0x00000004   Code   RO         1647    i.SPI_I2S_SendData  stm32f10x_spi.o
    0x08012c58   0x0000003c   Code   RO         1648    i.SPI_Init          stm32f10x_spi.o
    0x08012c94   0x00000030   Code   RO          409    i.STMOpen           midfunction.o
    0x08012cc4   0x00000002   Code   RO          264    i.SVC_Handler       stm32f10x_it.o
    0x08012cc6   0x00000002   PAD
    0x08012cc8   0x0000003c   Code   RO          462    i.SetStayInBoot     recorder.o
    0x08012d04   0x00000008   Code   RO           24    i.SetSysClock       system_stm32f10x.o
    0x08012d0c   0x000000dc   Code   RO           25    i.SetSysClockTo72   system_stm32f10x.o
    0x08012de8   0x00000078   Code   RO         1071    i.SlipSimpleCheck   slip.o
    0x08012e60   0x00000086   Code   RO         1072    i.Slip_Pack         slip.o
    0x08012ee6   0x000000a0   Code   RO         1073    i.Slip_Unpack       slip.o
    0x08012f86   0x00000002   PAD
    0x08012f88   0x00000030   Code   RO          463    i.SoftReset         recorder.o
    0x08012fb8   0x000000c0   Code   RO          410    i.Sound             midfunction.o
    0x08013078   0x00000064   Code   RO          708    i.SysTickConfig     delay.o
    0x080130dc   0x00000020   Code   RO          265    i.SysTick_Handler   stm32f10x_it.o
    0x080130fc   0x00000020   Code   RO          411    i.Sys_Enter_Standby  midfunction.o
    0x0801311c   0x0000001c   Code   RO          709    i.System72MDelay100us  delay.o
    0x08013138   0x0000001c   Code   RO          710    i.System72MDelay10us  delay.o
    0x08013154   0x00000018   Code   RO          711    i.System72MDelay1ms  delay.o
    0x0801316c   0x00000010   Code   RO          712    i.System72MDelay1us  delay.o
    0x0801317c   0x00000054   Code   RO          341    i.SystemGpioConfig  systemconfig.o
    0x080131d0   0x00000060   Code   RO           27    i.SystemInit        system_stm32f10x.o
    0x08013230   0x00000030   Code   RO          266    i.TIM3_IRQHandler   stm32f10x_it.o
    0x08013260   0x00000006   Code   RO         2223    i.TIM_ClearITPendingBit  stm32f10x_tim.o
    0x08013266   0x00000018   Code   RO         2228    i.TIM_Cmd           stm32f10x_tim.o
    0x0801327e   0x00000022   Code   RO         2249    i.TIM_GetITStatus   stm32f10x_tim.o
    0x080132a0   0x00000012   Code   RO         2253    i.TIM_ITConfig      stm32f10x_tim.o
    0x080132b2   0x00000002   PAD
    0x080132b4   0x000000a4   Code   RO         2299    i.TIM_TimeBaseInit  stm32f10x_tim.o
    0x08013358   0x0000010c   Code   RO          106    i.TaskCreate        task.o
    0x08013464   0x0000005c   Code   RO          412    i.Time3_Init        midfunction.o
    0x080134c0   0x00000072   Code   RO          553    i.U16DataFallRank   adc.o
    0x08013532   0x00000002   PAD
    0x08013534   0x000000c4   Code   RO         1045    i.Unpack            package.o
    0x080135f8   0x00000004   Code   RO          267    i.UsageFault_Handler  stm32f10x_it.o
    0x080135fc   0x0000004c   Code   RO          413    i.UsbIdentify       midfunction.o
    0x08013648   0x00000008   Code   RO          506    i.WatchDogFeed      watchdog.o
    0x08013650   0x00000022   Code   RO          507    i.WatchDogInit      watchdog.o
    0x08013672   0x00000002   PAD
    0x08013674   0x00000044   Code   RO         1173    i.Write374Block     ch374interface.o
    0x080136b8   0x00000034   Code   RO         1174    i.Write374Byte      ch374interface.o
    0x080136ec   0x00000098   Code   RO          464    i.WriteFactoryConfigParam  recorder.o
    0x08013784   0x000000b4   Code   RO          465    i.WriteFlashDataWithCRC16  recorder.o
    0x08013838   0x00000028   Code   RO         3931    i.__ARM_fpclassify  m_ws.l(fpclassify.o)
    0x08013860   0x0000000e   Code   RO         3758    i._is_digit         c_w.l(__printf_wp.o)
    0x0801386e   0x00000002   PAD
    0x08013870   0x00001044   Code   RO          655    i.aes_decrypt       aes.o
    0x080148b4   0x00001040   Code   RO          656    i.aes_encrypt       aes.o
    0x080158f4   0x00000002   Code   RO          657    i.aes_gen_tables    aes.o
    0x080158f6   0x00000002   PAD
    0x080158f8   0x000003d4   Code   RO          658    i.aes_set_key       aes.o
    0x08015ccc   0x00000022   Code   RO          524    i.main              main.o
    0x08015cee   0x00000002   PAD
    0x08015cf0   0x0000002c   Code   RO         3927    locale$$code        c_w.l(lc_numeric_c.o)
    0x08015d1c   0x0000002c   Code   RO         3996    locale$$code        c_w.l(lc_ctype_c.o)
    0x08015d48   0x00000062   Code   RO         3794    x$fpl$d2f           fz_ws.l(d2f.o)
    0x08015daa   0x00000002   PAD
    0x08015dac   0x000002b0   Code   RO         3797    x$fpl$ddiv          fz_ws.l(ddiv.o)
    0x0801605c   0x0000005e   Code   RO         3800    x$fpl$dfix          fz_ws.l(dfix.o)
    0x080160ba   0x00000002   PAD
    0x080160bc   0x0000005a   Code   RO         3804    x$fpl$dfixu         fz_ws.l(dfixu.o)
    0x08016116   0x00000026   Code   RO         3808    x$fpl$dfltu         fz_ws.l(dflt_clz.o)
    0x0801613c   0x00000154   Code   RO         3814    x$fpl$dmul          fz_ws.l(dmul.o)
    0x08016290   0x0000009c   Code   RO         3862    x$fpl$dnaninf       fz_ws.l(dnaninf.o)
    0x0801632c   0x0000000c   Code   RO         3864    x$fpl$dretinf       fz_ws.l(dretinf.o)
    0x08016338   0x00000056   Code   RO         3816    x$fpl$f2d           fz_ws.l(f2d.o)
    0x0801638e   0x00000002   PAD
    0x08016390   0x000000c4   Code   RO         3818    x$fpl$fadd          fz_ws.l(faddsub_clz.o)
    0x08016454   0x00000184   Code   RO         3825    x$fpl$fdiv          fz_ws.l(fdiv.o)
    0x080165d8   0x00000036   Code   RO         3828    x$fpl$ffix          fz_ws.l(ffix.o)
    0x0801660e   0x00000002   PAD
    0x08016610   0x0000003e   Code   RO         3832    x$fpl$ffixu         fz_ws.l(ffixu.o)
    0x0801664e   0x00000002   PAD
    0x08016650   0x00000030   Code   RO         3837    x$fpl$fflt          fz_ws.l(fflt_clz.o)
    0x08016680   0x00000026   Code   RO         3836    x$fpl$ffltu         fz_ws.l(fflt_clz.o)
    0x080166a6   0x00000002   PAD
    0x080166a8   0x00000102   Code   RO         3842    x$fpl$fmul          fz_ws.l(fmul.o)
    0x080167aa   0x0000008c   Code   RO         3866    x$fpl$fnaninf       fz_ws.l(fnaninf.o)
    0x08016836   0x0000000a   Code   RO         3868    x$fpl$fretinf       fz_ws.l(fretinf.o)
    0x08016840   0x000000ea   Code   RO         3820    x$fpl$fsub          fz_ws.l(faddsub_clz.o)
    0x0801692a   0x00000004   Code   RO         3844    x$fpl$printf1       fz_ws.l(printf1.o)
    0x0801692e   0x00000000   Code   RO         3870    x$fpl$usenofp       fz_ws.l(usenofp.o)
    0x0801692e   0x00000002   PAD
    0x08016930   0x00002828   Data   RO          660    .constdata          aes.o
    0x08019158   0x00000200   Data   RO          694    .constdata          crc16.o
    0x08019358   0x00001c6e   Data   RO          858    .constdata          lcdutils.o
    0x0801afc6   0x00000020   Data   RO         1108    .constdata          ch374device.o
    0x0801afe6   0x00000061   Data   RO         1133    .constdata          ch374devicehid.o
    0x0801b047   0x00000100   Data   RO         3051    .constdata          os_core.o
    0x0801b147   0x00000011   Data   RO         3761    .constdata          c_w.l(__printf_flags_wp.o)
    0x0801b158   0x00000094   Data   RO         3902    .constdata          c_w.l(bigflt0.o)
    0x0801b1ec   0x00000020   Data   RO         4074    Region$$Table       anon$$obj.o
    0x0801b20c   0x0000001c   Data   RO         3926    locale$$data        c_w.l(lc_numeric_c.o)
    0x0801b228   0x00000110   Data   RO         3995    locale$$data        c_w.l(lc_ctype_c.o)


    Execution Region RW_IRAM1 (Base: 0x20000000, Size: 0x000047a0, Max: 0x0000c000, ABSOLUTE)

    Base Addr    Size         Type   Attr      Idx    E Section Name        Object

    0x20000000   0x0000000b   Data   RW          108    .data               task.o
    0x2000000b   0x00000001   PAD
    0x2000000c   0x00000004   Data   RW          268    .data               stm32f10x_it.o
    0x20000010   0x00000004   Data   RW          555    .data               adc.o
    0x20000014   0x00000008   Data   RW          661    .data               aes.o
    0x2000001c   0x0000000c   Data   RW          859    .data               lcdutils.o
    0x20000028   0x00000008   Data   RW         1109    .data               ch374device.o
    0x20000030   0x00000001   Data   RW         1134    .data               ch374devicehid.o
    0x20000031   0x00000014   Data   RW         1462    .data               stm32f10x_rcc.o
    0x20000045   0x00000001   PAD
    0x20000046   0x00000002   Data   RW         2943    .data               os_cpu_c.o
    0x20000048   0x0000005c   Data   RW         3052    .data               os_core.o
    0x200000a4   0x00000004   PAD
    0x200000a8   0x00000e41   Zero   RW          107    .bss                task.o
    0x20000ee9   0x00000001   PAD
    0x20000eea   0x00000808   Zero   RW          364    .bss                guestrespond.o
    0x200016f2   0x00000002   PAD
    0x200016f4   0x00000030   Zero   RW          554    .bss                adc.o
    0x20001724   0x00001000   Zero   RW          659    .bss                aes.o
    0x20002724   0x00000180   Zero   RW          857    .bss                lcdutils.o
    0x200028a4   0x00000204   Zero   RW         1046    .bss                package.o
    0x20002aa8   0x0000002c   Zero   RW         1107    .bss                ch374device.o
    0x20002ad4   0x00000404   Zero   RW         1132    .bss                ch374devicehid.o
    0x20002ed8   0x00001268   Zero   RW         3050    .bss                os_core.o
    0x20004140   0x00000060   Zero   RW         3934    .bss                c_w.l(libspace.o)
    0x200041a0   0x00000200   Zero   RW           18    HEAP                startup_stm32f10x_hd.o
    0x200043a0   0x00000400   Zero   RW           17    STACK               startup_stm32f10x_hd.o


==============================================================================

Image component sizes


      Code (inc. data)   RO Data    RW Data    ZI Data      Debug   Object Name

      1776        100          0          4         48      11159   adc.o
      9306         92      10280          8       4096      14765   aes.o
      1304         66         32          8         44       2589   ch374device.o
       300         24         97          1       1028       2745   ch374devicehid.o
       700         50          0          0          0       4472   ch374interface.o
         0          0          0          0          0       4244   core_cm3.o
        72          8        512          0          0       1100   crc16.o
       196          8          0          0          0      17398   delay.o
      2696        130          0          0       2056       4376   guestrespond.o
       774         32          0          0          0       4575   i2c.o
       326          0          0          0          0       3018   lcd.o
      1024         98       7278         12        384       8497   lcdutils.o
       108         12          0          0          0        444   led.o
        34          0          0          0          0        399   main.o
       968        144          0          0          0       3994   midfunction.o
       136         22          0          0          0       1454   misc.o
      2448        416        256         92       4712      22929   os_core.o
       164         32          0          0          0        292   os_cpu_a.o
       214         10          0          2          0      13361   os_cpu_c.o
         0          0          0          0          0       8786   os_dbg.o
        88         14          0          0          0        513   os_mem.o
      1080         72          0          0          0       3680   os_mutex.o
        80          8          0          0          0        543   os_q.o
       412         24          0          0          0       2298   os_sem.o
       806         68          0          0          0       4972   os_task.o
       120         20          0          0          0        600   os_time.o
       648        138          0          0          0       3675   os_tmr.o
       416         36          0          0        516       2045   package.o
       756         66          0          0          0      18881   recorder.o
       414          0          0          0          0       2184   slip.o
        64         26        304          0       1536        788   startup_stm32f10x_hd.o
       400         10          0          0          0       8033   stm32f10x_adc.o
       200         18          0          0          0       1956   stm32f10x_exti.o
       286         36          0          0          0       3640   stm32f10x_flash.o
       508         10          0          0          0       4828   stm32f10x_gpio.o
       132         16          0          4          0       5125   stm32f10x_it.o
        68         30          0          0          0       2274   stm32f10x_iwdg.o
        64         16          0          0          0        918   stm32f10x_pwr.o
       340         52          0         20          0       5278   stm32f10x_rcc.o
       112          0          0          0          0       3594   stm32f10x_spi.o
       246         42          0          0          0       3330   stm32f10x_tim.o
       324         26          0          0          0     268025   system_stm32f10x.o
       232         18          0          0          0        944   systemconfig.o
       530         80          0         11       3649      23934   task.o
        42          0          0          0          0        786   watchdog.o

    ----------------------------------------------------------------------
     30968       2070      18791        164      18076     503441   Object Totals
         0          0         32          0          0          0   (incl. Generated)
        54          0          0          2          7          0   (incl. Padding)

    ----------------------------------------------------------------------

      Code (inc. data)   RO Data    RW Data    ZI Data      Debug   Library Member Name

        60          8          0          0          0         84   __0sscanf.o
        44          6          0          0          0         84   __2sprintf.o
         8          0          0          0          0         68   __main.o
       316          6         17          0          0         92   __printf_flags_wp.o
        14          0          0          0          0         68   __printf_wp.o
        52          8          0          0          0          0   __scatter.o
        26          0          0          0          0          0   __scatter_copy.o
        28          0          0          0          0          0   __scatter_zi.o
        28          0          0          0          0         68   _chval.o
        48          6          0          0          0         96   _printf_char_common.o
         6          0          0          0          0          0   _printf_d.o
       120         18          0          0          0         92   _printf_dec.o
         6          0          0          0          0          0   _printf_f.o
      1056          0          0          0          0        216   _printf_fp_dec.o
       128         16          0          0          0         84   _printf_fp_infnan.o
       184          0          0          0          0         88   _printf_intcommon.o
        82          0          0          0          0        108   _printf_pad.o
         0          0          0          0          0          0   _printf_percent.o
         4          0          0          0          0          0   _printf_percent_end.o
         6          0          0          0          0          0   _printf_u.o
       880          4          0          0          0        100   _scanf.o
       336          0          0          0          0         96   _scanf_int.o
        64          0          0          0          0         84   _sgetc.o
        10          0          0          0          0         68   _sputc.o
       228          6        148          0          0         96   bigflt0.o
      1910        128          0          0          0        672   btod.o
        12          0          0          0          0         72   exit.o
         6          0          0          0          0        152   heapauxi.o
         0          0          0          0          0          0   indicate_semi.o
        18          0          0          0          0         76   isspace.o
        44         10        272          0          0         76   lc_ctype_c.o
        44         10         28          0          0         76   lc_numeric_c.o
         2          0          0          0          0          0   libinit.o
        30          0          0          0          0          0   libinit2.o
         2          0          0          0          0          0   libshutdown.o
         2          0          0          0          0          0   libshutdown2.o
         8          4          0          0         96         68   libspace.o
       138          0          0          0          0         80   lludiv10.o
        88          0          0          0          0         76   memcmp.o
        16          4          0          0          0         76   rt_ctype_table.o
         8          4          0          0          0         68   rt_locale_intlibspace.o
        68          0          0          0          0         68   rt_memclr.o
        78          0          0          0          0         80   rt_memclr_w.o
       138          0          0          0          0         68   rt_memcpy_v6.o
       100          0          0          0          0         80   rt_memcpy_w.o
         0          0          0          0          0          0   rtentry.o
        12          0          0          0          0          0   rtentry2.o
         6          0          0          0          0          0   rtentry4.o
         2          0          0          0          0          0   rtexit.o
        10          0          0          0          0          0   rtexit2.o
        44          8          0          0          0         84   scanf_char.o
       128          0          0          0          0         68   strcmpv7m.o
        72          0          0          0          0         80   strcpy.o
        86          0          0          0          0         76   strncpy.o
        12          4          0          0          0         68   sys_exit.o
        74          0          0          0          0         80   sys_stackheap_outer.o
         2          0          0          0          0         68   use_no_semi.o
        98          4          0          0          0         92   d2f.o
       688        140          0          0          0        208   ddiv.o
        94          4          0          0          0         92   dfix.o
        90          4          0          0          0         92   dfixu.o
        38          0          0          0          0         68   dflt_clz.o
       340         12          0          0          0        104   dmul.o
       156          4          0          0          0         92   dnaninf.o
        12          0          0          0          0         68   dretinf.o
        86          4          0          0          0         84   f2d.o
       430          8          0          0          0        168   faddsub_clz.o
       388         76          0          0          0         96   fdiv.o
        54          4          0          0          0         84   ffix.o
        62          4          0          0          0         84   ffixu.o
        86          0          0          0          0        136   fflt_clz.o
       258          4          0          0          0         84   fmul.o
       140          4          0          0          0         84   fnaninf.o
        10          0          0          0          0         68   fretinf.o
         4          0          0          0          0         68   printf1.o
         0          0          0          0          0          0   usenofp.o
        40          0          0          0          0         68   fpclassify.o

    ----------------------------------------------------------------------
      9992        522        465          0         96       5744   Library Totals
        24          0          0          0          0          0   (incl. Padding)

    ----------------------------------------------------------------------

      Code (inc. data)   RO Data    RW Data    ZI Data      Debug   Library Name

      6894        250        465          0         96       3904   c_w.l
      3034        272          0          0          0       1772   fz_ws.l
        40          0          0          0          0         68   m_ws.l

    ----------------------------------------------------------------------
      9992        522        465          0         96       5744   Library Totals

    ----------------------------------------------------------------------

==============================================================================


      Code (inc. data)   RO Data    RW Data    ZI Data      Debug   

     40960       2592      19256        164      18172     494209   Grand Totals
     40960       2592      19256        164      18172     494209   ELF Image Totals
     40960       2592      19256        164          0          0   ROM Totals

==============================================================================

    Total RO  Size (Code + RO Data)                60216 (  58.80kB)
    Total RW  Size (RW Data + ZI Data)             18336 (  17.91kB)
    Total ROM Size (Code + RO Data + RW Data)      60380 (  58.96kB)

==============================================================================

