ARM Linker, 5.03 [Build 76] [MDK-ARM Standard]

==============================================================================

Section Cross References

    startup_stm32f10x_hd.o(STACK) refers (Special) to heapauxi.o(.text) for __use_two_region_memory
    startup_stm32f10x_hd.o(HEAP) refers (Special) to heapauxi.o(.text) for __use_two_region_memory
    startup_stm32f10x_hd.o(RESET) refers (Special) to heapauxi.o(.text) for __use_two_region_memory
    startup_stm32f10x_hd.o(RESET) refers to startup_stm32f10x_hd.o(STACK) for __initial_sp
    startup_stm32f10x_hd.o(RESET) refers to startup_stm32f10x_hd.o(.text) for Reset_Handler
    startup_stm32f10x_hd.o(RESET) refers to stm32f10x_it.o(i.NMI_Handler) for NMI_Handler
    startup_stm32f10x_hd.o(RESET) refers to stm32f10x_it.o(i.HardFault_Handler) for HardFault_Handler
    startup_stm32f10x_hd.o(RESET) refers to stm32f10x_it.o(i.MemManage_Handler) for MemManage_Handler
    startup_stm32f10x_hd.o(RESET) refers to stm32f10x_it.o(i.BusFault_Handler) for BusFault_Handler
    startup_stm32f10x_hd.o(RESET) refers to stm32f10x_it.o(i.UsageFault_Handler) for UsageFault_Handler
    startup_stm32f10x_hd.o(RESET) refers to stm32f10x_it.o(i.SVC_Handler) for SVC_Handler
    startup_stm32f10x_hd.o(RESET) refers to stm32f10x_it.o(i.DebugMon_Handler) for DebugMon_Handler
    startup_stm32f10x_hd.o(RESET) refers to os_cpu_a.o(.text) for OS_CPU_PendSVHandler
    startup_stm32f10x_hd.o(RESET) refers to stm32f10x_it.o(i.SysTick_Handler) for SysTick_Handler
    startup_stm32f10x_hd.o(RESET) refers to stm32f10x_it.o(i.EXTI9_5_IRQHandler) for EXTI9_5_IRQHandler
    startup_stm32f10x_hd.o(.text) refers (Special) to heapauxi.o(.text) for __use_two_region_memory
    startup_stm32f10x_hd.o(.text) refers to system_stm32f10x.o(i.SystemInit) for SystemInit
    startup_stm32f10x_hd.o(.text) refers to __main.o(!!!main) for __main
    startup_stm32f10x_hd.o(.text) refers to startup_stm32f10x_hd.o(HEAP) for Heap_Mem
    startup_stm32f10x_hd.o(.text) refers to startup_stm32f10x_hd.o(STACK) for Stack_Mem
    system_stm32f10x.o(i.SetSysClock) refers to system_stm32f10x.o(i.SetSysClockTo72) for SetSysClockTo72
    system_stm32f10x.o(i.SystemCoreClockUpdate) refers to system_stm32f10x.o(.data) for SystemCoreClock
    system_stm32f10x.o(i.SystemInit) refers to system_stm32f10x.o(i.SetSysClock) for SetSysClock
    stm32f10x_gpio.o(i.GPIO_AFIODeInit) refers to stm32f10x_rcc.o(i.RCC_APB2PeriphResetCmd) for RCC_APB2PeriphResetCmd
    stm32f10x_gpio.o(i.GPIO_DeInit) refers to stm32f10x_rcc.o(i.RCC_APB2PeriphResetCmd) for RCC_APB2PeriphResetCmd
    stm32f10x_rcc.o(i.RCC_GetClocksFreq) refers to stm32f10x_rcc.o(.data) for APBAHBPrescTable
    stm32f10x_rcc.o(i.RCC_WaitForHSEStartUp) refers to stm32f10x_rcc.o(i.RCC_GetFlagStatus) for RCC_GetFlagStatus
    stm32f10x_spi.o(i.I2S_Init) refers to stm32f10x_rcc.o(i.RCC_GetClocksFreq) for RCC_GetClocksFreq
    stm32f10x_spi.o(i.SPI_I2S_DeInit) refers to stm32f10x_rcc.o(i.RCC_APB2PeriphResetCmd) for RCC_APB2PeriphResetCmd
    stm32f10x_spi.o(i.SPI_I2S_DeInit) refers to stm32f10x_rcc.o(i.RCC_APB1PeriphResetCmd) for RCC_APB1PeriphResetCmd
    stm32f10x_adc.o(i.ADC_DeInit) refers to stm32f10x_rcc.o(i.RCC_APB2PeriphResetCmd) for RCC_APB2PeriphResetCmd
    stm32f10x_flash.o(i.FLASH_EnableWriteProtection) refers to stm32f10x_flash.o(i.FLASH_WaitForLastOperation) for FLASH_WaitForLastOperation
    stm32f10x_flash.o(i.FLASH_EraseAllBank1Pages) refers to stm32f10x_flash.o(i.FLASH_WaitForLastBank1Operation) for FLASH_WaitForLastBank1Operation
    stm32f10x_flash.o(i.FLASH_EraseAllPages) refers to stm32f10x_flash.o(i.FLASH_WaitForLastOperation) for FLASH_WaitForLastOperation
    stm32f10x_flash.o(i.FLASH_EraseOptionBytes) refers to stm32f10x_flash.o(i.FLASH_GetReadOutProtectionStatus) for FLASH_GetReadOutProtectionStatus
    stm32f10x_flash.o(i.FLASH_EraseOptionBytes) refers to stm32f10x_flash.o(i.FLASH_WaitForLastOperation) for FLASH_WaitForLastOperation
    stm32f10x_flash.o(i.FLASH_ErasePage) refers to stm32f10x_flash.o(i.FLASH_WaitForLastOperation) for FLASH_WaitForLastOperation
    stm32f10x_flash.o(i.FLASH_ProgramHalfWord) refers to stm32f10x_flash.o(i.FLASH_WaitForLastOperation) for FLASH_WaitForLastOperation
    stm32f10x_flash.o(i.FLASH_ProgramOptionByteData) refers to stm32f10x_flash.o(i.FLASH_WaitForLastOperation) for FLASH_WaitForLastOperation
    stm32f10x_flash.o(i.FLASH_ProgramWord) refers to stm32f10x_flash.o(i.FLASH_WaitForLastOperation) for FLASH_WaitForLastOperation
    stm32f10x_flash.o(i.FLASH_ReadOutProtection) refers to stm32f10x_flash.o(i.FLASH_WaitForLastOperation) for FLASH_WaitForLastOperation
    stm32f10x_flash.o(i.FLASH_UserOptionByteConfig) refers to stm32f10x_flash.o(i.FLASH_WaitForLastOperation) for FLASH_WaitForLastOperation
    stm32f10x_flash.o(i.FLASH_WaitForLastBank1Operation) refers to stm32f10x_flash.o(i.FLASH_GetBank1Status) for FLASH_GetBank1Status
[...]
    __rt_lib_init_atexit_1                   0x0800c9d9   Thumb Code     0  libinit2.o(.ARM.Collect$$libinit$$00000019)
    __rt_lib_init_clock_1                    0x0800c9d9   Thumb Code     0  libinit2.o(.ARM.Collect$$libinit$$0000001F)
    __rt_lib_init_cpp_1                      0x0800c9d9   Thumb Code     0  libinit2.o(.ARM.Collect$$libinit$$00000030)
    __rt_lib_init_exceptions_1               0x0800c9d9   Thumb Code     0  libinit2.o(.ARM.Collect$$libinit$$0000002E)
    __rt_lib_init_fp_trap_1                  0x0800c9d9   Thumb Code     0  libinit2.o(.ARM.Collect$$libinit$$0000001D)
    __rt_lib_init_getenv_1                   0x0800c9d9   Thumb Code     0  libinit2.o(.ARM.Collect$$libinit$$00000021)
    __rt_lib_init_lc_numeric_1               0x0800c9d9   Thumb Code     0  libinit2.o(.ARM.Collect$$libinit$$00000015)
    __rt_lib_init_lc_time_1                  0x0800c9d9   Thumb Code     0  libinit2.o(.ARM.Collect$$libinit$$00000017)
    __rt_lib_init_return                     0x0800c9d9   Thumb Code     0  libinit2.o(.ARM.Collect$$libinit$$00000031)
    __rt_lib_init_signal_1                   0x0800c9d9   Thumb Code     0  libinit2.o(.ARM.Collect$$libinit$$0000001B)
    __rt_lib_init_stdio_1                    0x0800c9d9   Thumb Code     0  libinit2.o(.ARM.Collect$$libinit$$00000023)
    __rt_lib_shutdown                        0x0800c9db   Thumb Code     0  libshutdown.o(.ARM.Collect$$libshutdown$$00000000)
    __rt_lib_shutdown_fp_trap_1              0x0800c9dd   Thumb Code     0  libshutdown2.o(.ARM.Collect$$libshutdown$$00000006)
    __rt_lib_shutdown_heap_1                 0x0800c9dd   Thumb Code     0  libshutdown2.o(.ARM.Collect$$libshutdown$$0000000E)
    __rt_lib_shutdown_return                 0x0800c9dd   Thumb Code     0  libshutdown2.o(.ARM.Collect$$libshutdown$$0000000F)
    __rt_lib_shutdown_signal_1               0x0800c9dd   Thumb Code     0  libshutdown2.o(.ARM.Collect$$libshutdown$$00000009)
    __rt_lib_shutdown_stdio_1                0x0800c9dd   Thumb Code     0  libshutdown2.o(.ARM.Collect$$libshutdown$$00000003)
    __rt_lib_shutdown_user_alloc_1           0x0800c9dd   Thumb Code     0  libshutdown2.o(.ARM.Collect$$libshutdown$$0000000B)
    __rt_entry                               0x0800c9df   Thumb Code     0  rtentry.o(.ARM.Collect$$rtentry$$00000000)
    __rt_entry_presh_1                       0x0800c9df   Thumb Code     0  rtentry2.o(.ARM.Collect$$rtentry$$00000002)
    __rt_entry_sh                            0x0800c9df   Thumb Code     0  rtentry4.o(.ARM.Collect$$rtentry$$00000004)
    __rt_entry_li                            0x0800c9e5   Thumb Code     0  rtentry2.o(.ARM.Collect$$rtentry$$0000000A)
    __rt_entry_postsh_1                      0x0800c9e5   Thumb Code     0  rtentry2.o(.ARM.Collect$$rtentry$$00000009)
    __rt_entry_main                          0x0800c9e9   Thumb Code     0  rtentry2.o(.ARM.Collect$$rtentry$$0000000D)
    __rt_entry_postli_1                      0x0800c9e9   Thumb Code     0  rtentry2.o(.ARM.Collect$$rtentry$$0000000C)
    __rt_exit                                0x0800c9f1   Thumb Code     0  rtexit.o(.ARM.Collect$$rtexit$$00000000)
    __rt_exit_ls                             0x0800c9f3   Thumb Code     0  rtexit2.o(.ARM.Collect$$rtexit$$00000003)
    __rt_exit_prels_1                        0x0800c9f3   Thumb Code     0  rtexit2.o(.ARM.Collect$$rtexit$$00000002)
    __rt_exit_exit                           0x0800c9f7   Thumb Code     0  rtexit2.o(.ARM.Collect$$rtexit$$00000004)
    Reset_Handler                            0x0800c9fd   Thumb Code     8  startup_stm32f10x_hd.o(.text)
    ADC1_2_IRQHandler                        0x0800ca17   Thumb Code     0  startup_stm32f10x_hd.o(.text)
    ADC3_IRQHandler                          0x0800ca17   Thumb Code     0  startup_stm32f10x_hd.o(.text)
    CAN1_RX1_IRQHandler                      0x0800ca17   Thumb Code     0  startup_stm32f10x_hd.o(.text)
    CAN1_SCE_IRQHandler                      0x0800ca17   Thumb Code     0  startup_stm32f10x_hd.o(.text)
    DMA1_Channel1_IRQHandler                 0x0800ca17   Thumb Code     0  startup_stm32f10x_hd.o(.text)
    DMA1_Channel2_IRQHandler                 0x0800ca17   Thumb Code     0  startup_stm32f10x_hd.o(.text)
    DMA1_Channel3_IRQHandler                 0x0800ca17   Thumb Code     0  startup_stm32f10x_hd.o(.text)
    DMA1_Channel4_IRQHandler                 0x0800ca17   Thumb Code     0  startup_stm32f10x_hd.o(.text)
    DMA1_Channel5_IRQHandler                 0x0800ca17   Thumb Code     0  startup_stm32f10x_hd.o(.text)
    DMA1_Channel6_IRQHandler                 0x0800ca17   Thumb Code     0  startup_stm32f10x_hd.o(.text)
    DMA1_Channel7_IRQHandler                 0x0800ca17   Thumb Code     0  startup_stm32f10x_hd.o(.text)
    DMA2_Channel1_IRQHandler                 0x0800ca17   Thumb Code     0  startup_stm32f10x_hd.o(.text)
    DMA2_Channel2_IRQHandler                 0x0800ca17   Thumb Code     0  startup_stm32f10x_hd.o(.text)
    DMA2_Channel3_IRQHandler                 0x0800ca17   Thumb Code     0  startup_stm32f10x_hd.o(.text)
    DMA2_Channel4_5_IRQHandler               0x0800ca17   Thumb Code     0  startup_stm32f10x_hd.o(.text)
    EXTI0_IRQHandler                         0x0800ca17   Thumb Code     0  startup_stm32f10x_hd.o(.text)
    EXTI15_10_IRQHandler                     0x0800ca17   Thumb Code     0  startup_stm32f10x_hd.o(.text)
    EXTI1_IRQHandler                         0x0800ca17   Thumb Code     0  startup_stm32f10x_hd.o(.text)
    EXTI2_IRQHandler                         0x0800ca17   Thumb Code     0  startup_stm32f10x_hd.o(.text)
    EXTI3_IRQHandler                         0x0800ca17   Thumb Code     0  startup_stm32f10x_hd.o(.text)
    EXTI4_IRQHandler                         0x0800ca17   Thumb Code     0  startup_stm32f10x_hd.o(.text)
    FLASH_IRQHandler                         0x0800ca17   Thumb Code     0  startup_stm32f10x_hd.o(.text)
    FSMC_IRQHandler                          0x0800ca17   Thumb Code     0  startup_stm32f10x_hd.o(.text)
    I2C1_ER_IRQHandler                       0x0800ca17   Thumb Code     0  startup_stm32f10x_hd.o(.text)
    I2C1_EV_IRQHandler                       0x0800ca17   Thumb Code     0  startup_stm32f10x_hd.o(.text)
    I2C2_ER_IRQHandler                       0x0800ca17   Thumb Code     0  startup_stm32f10x_hd.o(.text)
    I2C2_EV_IRQHandler                       0x0800ca17   Thumb Code     0  startup_stm32f10x_hd.o(.text)
    PVD_IRQHandler                           0x0800ca17   Thumb Code     0  startup_stm32f10x_hd.o(.text)
    RCC_IRQHandler                           0x0800ca17   Thumb Code     0  startup_stm32f10x_hd.o(.text)
    RTCAlarm_IRQHandler                      0x0800ca17   Thumb Code     0  startup_stm32f10x_hd.o(.text)
    RTC_IRQHandler                           0x0800ca17   Thumb Code     0  startup_stm32f10x_hd.o(.text)
    SDIO_IRQHandler                          0x0800ca17   Thumb Code     0  startup_stm32f10x_hd.o(.text)
    SPI1_IRQHandler                          0x0800ca17   Thumb Code     0  startup_stm32f10x_hd.o(.text)
    SPI2_IRQHandler                          0x0800ca17   Thumb Code     0  startup_stm32f10x_hd.o(.text)
    SPI3_IRQHandler                          0x0800ca17   Thumb Code     0  startup_stm32f10x_hd.o(.text)
    TAMPER_IRQHandler                        0x0800ca17   Thumb Code     0  startup_stm32f10x_hd.o(.text)
    TIM1_BRK_IRQHandler                      0x0800ca17   Thumb Code     0  startup_stm32f10x_hd.o(.text)
    TIM1_CC_IRQHandler                       0x0800ca17   Thumb Code     0  startup_stm32f10x_hd.o(.text)
    TIM1_TRG_COM_IRQHandler                  0x0800ca17   Thumb Code     0  startup_stm32f10x_hd.o(.text)
    TIM1_UP_IRQHandler                       0x0800ca17   Thumb Code     0  startup_stm32f10x_hd.o(.text)
    TIM2_IRQHandler                          0x0800ca17   Thumb Code     0  startup_stm32f10x_hd.o(.text)
    TIM3_IRQHandler                          0x0800ca17   Thumb Code     0  startup_stm32f10x_hd.o(.text)
    TIM4_IRQHandler                          0x0800ca17   Thumb Code     0  startup_stm32f10x_hd.o(.text)
    TIM5_IRQHandler                          0x0800ca17   Thumb Code     0  startup_stm32f10x_hd.o(.text)
    TIM6_IRQHandler                          0x0800ca17   Thumb Code     0  startup_stm32f10x_hd.o(.text)
    TIM7_IRQHandler                          0x0800ca17   Thumb Code     0  startup_stm32f10x_hd.o(.text)
    TIM8_BRK_IRQHandler                      0x0800ca17   Thumb Code     0  startup_stm32f10x_hd.o(.text)
    TIM8_CC_IRQHandler                       0x0800ca17   Thumb Code     0  startup_stm32f10x_hd.o(.text)
    TIM8_TRG_COM_IRQHandler                  0x0800ca17   Thumb Code     0  startup_stm32f10x_hd.o(.text)
    TIM8_UP_IRQHandler                       0x0800ca17   Thumb Code     0  startup_stm32f10x_hd.o(.text)
    UART4_IRQHandler                         0x0800ca17   Thumb Code     0  startup_stm32f10x_hd.o(.text)
    UART5_IRQHandler                         0x0800ca17   Thumb Code     0  startup_stm32f10x_hd.o(.text)
    USART1_IRQHandler                        0x0800ca17   Thumb Code     0  startup_stm32f10x_hd.o(.text)
    USART2_IRQHandler                        0x0800ca17   Thumb Code     0  startup_stm32f10x_hd.o(.text)
    USART3_IRQHandler                        0x0800ca17   Thumb Code     0  startup_stm32f10x_hd.o(.text)
    USBWakeUp_IRQHandler                     0x0800ca17   Thumb Code     0  startup_stm32f10x_hd.o(.text)
    USB_HP_CAN1_TX_IRQHandler                0x0800ca17   Thumb Code     0  startup_stm32f10x_hd.o(.text)
    USB_LP_CAN1_RX0_IRQHandler               0x0800ca17   Thumb Code     0  startup_stm32f10x_hd.o(.text)
    WWDG_IRQHandler                          0x0800ca17   Thumb Code     0  startup_stm32f10x_hd.o(.text)
    __user_initial_stackheap                 0x0800ca19   Thumb Code     0  startup_stm32f10x_hd.o(.text)
    OS_CPU_SR_Save                           0x0800ca3d   Thumb Code     0  os_cpu_a.o(.text)
    OS_CPU_SR_Restore                        0x0800ca45   Thumb Code     0  os_cpu_a.o(.text)
    OSStartHighRdy                           0x0800ca4b   Thumb Code     0  os_cpu_a.o(.text)
    OSCtxSw                                  0x0800ca6b   Thumb Code     0  os_cpu_a.o(.text)
    OSIntCtxSw                               0x0800ca75   Thumb Code     0  os_cpu_a.o(.text)
    OS_CPU_PendSVHandler                     0x0800ca7f   Thumb Code     0  os_cpu_a.o(.text)
    __2sprintf                               0x0800cae1   Thumb Code    38  __2sprintf.o(.text)
    _printf_pre_padding                      0x0800cb0d   Thumb Code    46  _printf_pad.o(.text)
    _printf_post_padding                     0x0800cb3b   Thumb Code    36  _printf_pad.o(.text)
    _printf_int_dec                          0x0800cb61   Thumb Code   102  _printf_dec.o(.text)
    __printf                                 0x0800cbd9   Thumb Code   310  __printf_flags_wp.o(.text)
    __0sscanf                                0x0800cd15   Thumb Code    52  __0sscanf.o(.text)
    _scanf_int                               0x0800cd51   Thumb Code   336  _scanf_int.o(.text)
    memcmp                                   0x0800cea1   Thumb Code    88  memcmp.o(.text)
    strcpy                                   0x0800cef9   Thumb Code    72  strcpy.o(.text)
    __aeabi_memcpy                           0x0800cf41   Thumb Code     0  rt_memcpy_v6.o(.text)
    __rt_memcpy                              0x0800cf41   Thumb Code   138  rt_memcpy_v6.o(.text)
    _memcpy_lastbytes                        0x0800cfa7   Thumb Code     0  rt_memcpy_v6.o(.text)
    __aeabi_memcpy4                          0x0800cfcb   Thumb Code     0  rt_memcpy_w.o(.text)
    __aeabi_memcpy8                          0x0800cfcb   Thumb Code     0  rt_memcpy_w.o(.text)
    __rt_memcpy_w                            0x0800cfcb   Thumb Code   100  rt_memcpy_w.o(.text)
    _memcpy_lastbytes_aligned                0x0800d013   Thumb Code     0  rt_memcpy_w.o(.text)
    __aeabi_memclr                           0x0800d02f   Thumb Code     0  rt_memclr.o(.text)
    __rt_memclr                              0x0800d02f   Thumb Code    68  rt_memclr.o(.text)
    _memset                                  0x0800d033   Thumb Code     0  rt_memclr.o(.text)
    __aeabi_memclr4                          0x0800d073   Thumb Code     0  rt_memclr_w.o(.text)
    __aeabi_memclr8                          0x0800d073   Thumb Code     0  rt_memclr_w.o(.text)
    __rt_memclr_w                            0x0800d073   Thumb Code    78  rt_memclr_w.o(.text)
    _memset_w                                0x0800d077   Thumb Code     0  rt_memclr_w.o(.text)
    strncpy                                  0x0800d0c1   Thumb Code    86  strncpy.o(.text)
    __use_two_region_memory                  0x0800d117   Thumb Code     2  heapauxi.o(.text)
    __rt_heap_escrow$2region                 0x0800d119   Thumb Code     2  heapauxi.o(.text)
    __rt_heap_expand$2region                 0x0800d11b   Thumb Code     2  heapauxi.o(.text)
    _printf_int_common                       0x0800d11d   Thumb Code   184  _printf_intcommon.o(.text)
    __lib_sel_fp_printf                      0x0800d1d5   Thumb Code     2  _printf_fp_dec.o(.text)
    _printf_fp_dec_real                      0x0800d381   Thumb Code   628  _printf_fp_dec.o(.text)
    _printf_char_common                      0x0800d5ff   Thumb Code    32  _printf_char_common.o(.text)
    _sputc                                   0x0800d625   Thumb Code    10  _sputc.o(.text)
    _chval                                   0x0800d62f   Thumb Code    28  _chval.o(.text)
    __vfscanf_char                           0x0800d659   Thumb Code    24  scanf_char.o(.text)
    _sgetc                                   0x0800d679   Thumb Code    30  _sgetc.o(.text)
    _sbackspace                              0x0800d697   Thumb Code    34  _sgetc.o(.text)
    __rt_locale                              0x0800d6b9   Thumb Code     8  rt_locale_intlibspace.o(.text)
    _ll_udiv10                               0x0800d6c1   Thumb Code   138  lludiv10.o(.text)
    isspace                                  0x0800d74b   Thumb Code    18  isspace.o(.text)
    _printf_fp_infnan                        0x0800d75d   Thumb Code   112  _printf_fp_infnan.o(.text)
    __vfscanf                                0x0800d7dd   Thumb Code   876  _scanf.o(.text)
    _btod_etento                             0x0800db4d   Thumb Code   222  bigflt0.o(.text)
    __user_libspace                          0x0800dc31   Thumb Code     8  libspace.o(.text)
    __user_perproc_libspace                  0x0800dc31   Thumb Code     0  libspace.o(.text)
    __user_perthread_libspace                0x0800dc31   Thumb Code     0  libspace.o(.text)
    __user_setup_stackheap                   0x0800dc39   Thumb Code    74  sys_stackheap_outer.o(.text)
    __rt_ctype_table                         0x0800dc85   Thumb Code    16  rt_ctype_table.o(.text)
    exit                                     0x0800dc95   Thumb Code    12  exit.o(.text)
    strcmp                                   0x0800dca1   Thumb Code   128  strcmpv7m.o(.text)
    _sys_exit                                0x0800dd21   Thumb Code     8  sys_exit.o(.text)
    __I$use$semihosting                      0x0800dd2d   Thumb Code     0  use_no_semi.o(.text)
    __use_no_semihosting_swi                 0x0800dd2d   Thumb Code     2  use_no_semi.o(.text)
    __semihosting_library_function           0x0800dd2f   Thumb Code     0  indicate_semi.o(.text)
    _btod_d2e                                0x0800dd2f   Thumb Code    62  btod.o(CL$$btod_d2e)
    _d2e_denorm_low                          0x0800dd6d   Thumb Code    70  btod.o(CL$$btod_d2e_denorm_low)
    _d2e_norm_op1                            0x0800ddb3   Thumb Code    96  btod.o(CL$$btod_d2e_norm_op1)
    __btod_div_common                        0x0800de13   Thumb Code   696  btod.o(CL$$btod_div_common)
    _e2e                                     0x0800e14b   Thumb Code   198  btod.o(CL$$btod_e2e)
    _btod_ediv                               0x0800e211   Thumb Code    40  btod.o(CL$$btod_ediv)
    _btod_emul                               0x0800e239   Thumb Code    40  btod.o(CL$$btod_emul)
    __btod_mult_common                       0x0800e261   Thumb Code   580  btod.o(CL$$btod_mult_common)
    ADC_ClearFlag                            0x0800e4a5   Thumb Code     6  stm32f10x_adc.o(i.ADC_ClearFlag)
    ADC_Cmd                                  0x0800e4ab   Thumb Code    22  stm32f10x_adc.o(i.ADC_Cmd)
    ADC_GetCalibrationStatus                 0x0800e4c1   Thumb Code    20  stm32f10x_adc.o(i.ADC_GetCalibrationStatus)
    ADC_GetConversionValue                   0x0800e4d5   Thumb Code     8  stm32f10x_adc.o(i.ADC_GetConversionValue)
    ADC_GetFlagStatus                        0x0800e4dd   Thumb Code    18  stm32f10x_adc.o(i.ADC_GetFlagStatus)
    ADC_GetResetCalibrationStatus            0x0800e4ef   Thumb Code    20  stm32f10x_adc.o(i.ADC_GetResetCalibrationStatus)
    ADC_Init                                 0x0800e505   Thumb Code    70  stm32f10x_adc.o(i.ADC_Init)
    ADC_RegularChannelConfig                 0x0800e555   Thumb Code   184  stm32f10x_adc.o(i.ADC_RegularChannelConfig)
    ADC_ResetCalibration                     0x0800e60d   Thumb Code    10  stm32f10x_adc.o(i.ADC_ResetCalibration)
    ADC_SoftwareStartConvCmd                 0x0800e617   Thumb Code    22  stm32f10x_adc.o(i.ADC_SoftwareStartConvCmd)
    ADC_StartCalibration                     0x0800e62d   Thumb Code    10  stm32f10x_adc.o(i.ADC_StartCalibration)
    Adc2VoltageOrCurrent                     0x0800e639   Thumb Code   160  ad.o(i.Adc2VoltageOrCurrent)
    AdcConfig                                0x0800e6dd   Thumb Code   150  ad.o(i.AdcConfig)
    AlarmOpen                                0x0800e7b9   Thumb Code    34  ad.o(i.AlarmOpen)
    AppLEDTask                               0x0800e7dd   Thumb Code    44  task.o(i.AppLEDTask)
    AppOLEDTask                              0x0800e80d   Thumb Code     8  task.o(i.AppOLEDTask)
    AppStartUpTask                           0x0800e815   Thumb Code    52  task.o(i.AppStartUpTask)
    AppUsbTask                               0x0800e849   Thumb Code    90  task.o(i.AppUsbTask)
    BusFault_Handler                         0x0800e8b5   Thumb Code     4  stm32f10x_it.o(i.BusFault_Handler)
    BusIsShort                               0x0800e8b9   Thumb Code    28  ad.o(i.BusIsShort)
    BusLeakIsShort                           0x0800e8d5   Thumb Code    24  ad.o(i.BusLeakIsShort)
    CH374DeviceInit                          0x0800e8ed   Thumb Code   176  ch374device.o(i.CH374DeviceInit)
    CH374DeviceInterrupt                     0x0800e9b5   Thumb Code  1074  ch374device.o(i.CH374DeviceInterrupt)
    CH374InterruptCallBack                   0x0800ee05   Thumb Code    22  ch374devicehid.o(i.CH374InterruptCallBack)
    CH374SpiConfig                           0x0800ee21   Thumb Code   156  ch374interface.o(i.CH374SpiConfig)
    CH374SpiSendByte                         0x0800eec5   Thumb Code    50  ch374interface.o(i.CH374SpiSendByte)
    CH374WriteBlockZero                      0x0800eefd   Thumb Code    58  ch374interface.o(i.CH374WriteBlockZero)
    Ch374HardWareConfig                      0x0800ef3d   Thumb Code   166  ch374interface.o(i.Ch374HardWareConfig)
    DebugMon_Handler                         0x0800efed   Thumb Code     2  stm32f10x_it.o(i.DebugMon_Handler)
    DetInsert                                0x0800eff1   Thumb Code    24  ad.o(i.DetInsert)
    DetIsInsert                              0x0800f00d   Thumb Code    68  ad.o(i.DetIsInsert)
    DeviceHidOutCallBack                     0x0800f055   Thumb Code    86  ch374devicehid.o(i.DeviceHidOutCallBack)
    DeviceHidSendData                        0x0800f0b5   Thumb Code   160  ch374devicehid.o(i.DeviceHidSendData)
    DeviceHidSendFinishCallBack              0x0800f159   Thumb Code     8  ch374devicehid.o(i.DeviceHidSendFinishCallBack)
    EXTI9_5_IRQHandler                       0x0800f165   Thumb Code    30  stm32f10x_it.o(i.EXTI9_5_IRQHandler)
    EXTI_ClearITPendingBit                   0x0800f185   Thumb Code     6  stm32f10x_exti.o(i.EXTI_ClearITPendingBit)
    EXTI_GetITStatus                         0x0800f191   Thumb Code    34  stm32f10x_exti.o(i.EXTI_GetITStatus)
    EXTI_Init                                0x0800f1b9   Thumb Code   142  stm32f10x_exti.o(i.EXTI_Init)
    FLASH_ClearFlag                          0x0800f24d   Thumb Code     6  stm32f10x_flash.o(i.FLASH_ClearFlag)
    FLASH_ErasePage                          0x0800f259   Thumb Code    72  stm32f10x_flash.o(i.FLASH_ErasePage)
    FLASH_GetBank1Status                     0x0800f2a5   Thumb Code    48  stm32f10x_flash.o(i.FLASH_GetBank1Status)
    FLASH_Lock                               0x0800f2d9   Thumb Code    14  stm32f10x_flash.o(i.FLASH_Lock)
    FLASH_ProgramHalfWord                    0x0800f2ed   Thumb Code    60  stm32f10x_flash.o(i.FLASH_ProgramHalfWord)
    FLASH_Unlock                             0x0800f32d   Thumb Code    12  stm32f10x_flash.o(i.FLASH_Unlock)
    FLASH_WaitForLastOperation               0x0800f345   Thumb Code    38  stm32f10x_flash.o(i.FLASH_WaitForLastOperation)
    GPIO_EXTILineConfig                      0x0800f36d   Thumb Code    60  stm32f10x_gpio.o(i.GPIO_EXTILineConfig)
    GPIO_Init                                0x0800f3ad   Thumb Code   274  stm32f10x_gpio.o(i.GPIO_Init)
    GPIO_PinRemapConfig                      0x0800f4c1   Thumb Code   138  stm32f10x_gpio.o(i.GPIO_PinRemapConfig)
    GPIO_ReadInputDataBit                    0x0800f551   Thumb Code    18  stm32f10x_gpio.o(i.GPIO_ReadInputDataBit)
    GPIO_ResetBits                           0x0800f563   Thumb Code     4  stm32f10x_gpio.o(i.GPIO_ResetBits)
    GPIO_SetBits                             0x0800f567   Thumb Code     4  stm32f10x_gpio.o(i.GPIO_SetBits)
    GetAdcValue                              0x0800f56d   Thumb Code   202  ad.o(i.GetAdcValue)
    GetBatteryVoltage                        0x0800f63d   Thumb Code    52  ad.o(i.GetBatteryVoltage)
    GetBufferStringLenght                    0x0800f679   Thumb Code    24  guestrespond.o(i.GetBufferStringLenght)
    GetBusCurrent                            0x0800f691   Thumb Code   114  ad.o(i.GetBusCurrent)
    GetBusLeakCurrent                        0x0800f715   Thumb Code   210  ad.o(i.GetBusLeakCurrent)
    GetBusVoltage                            0x0800f7fd   Thumb Code   174  ad.o(i.GetBusVoltage)
    GetBusVoltageFromAdcValue                0x0800f8ad   Thumb Code   206  ad.o(i.GetBusVoltageFromAdcValue)
    GetCrc16Value                            0x0800f98d   Thumb Code    64  crc16.o(i.GetCrc16Value)
    GetDecValueFromSeparator                 0x0800f9d5   Thumb Code   106  guestrespond.o(i.GetDecValueFromSeparator)
    GetGeneralRespondData                    0x0800fa49   Thumb Code    66  guestrespond.o(i.GetGeneralRespondData)
    GetLinABAdcValue                         0x0800fa91   Thumb Code    40  ad.o(i.GetLinABAdcValue)
    GpioConfig                               0x0800fab9   Thumb Code   140  systemconfig.o(i.GpioConfig)
    GuestRespond                             0x0800fb4d   Thumb Code  2170  guestrespond.o(i.GuestRespond)
    HardFault_Handler                        0x080103c7   Thumb Code     4  stm32f10x_it.o(i.HardFault_Handler)
    I2C_Delay                                0x080103cb   Thumb Code    20  i2c.o(i.I2C_Delay)
    I2C_FromBusyToIdle                       0x080103e1   Thumb Code    54  i2c.o(i.I2C_FromBusyToIdle)
    I2C_GPIO_Config                          0x0801041d   Thumb Code    76  i2c.o(i.I2C_GPIO_Config)
    I2C_SendByte                             0x0801046d   Thumb Code   106  i2c.o(i.I2C_SendByte)
    I2C_Start                                0x080104dd   Thumb Code   118  i2c.o(i.I2C_Start)
    I2C_Stop                                 0x08010559   Thumb Code    74  i2c.o(i.I2C_Stop)
    I2C_WaitAck                              0x080105a9   Thumb Code    96  i2c.o(i.I2C_WaitAck)
    I2C_WriteByte                            0x0801060d   Thumb Code    94  i2c.o(i.I2C_WriteByte)
    I2C_WriteData                            0x0801066b   Thumb Code   104  i2c.o(i.I2C_WriteData)
    LEDConfig                                0x080106d5   Thumb Code    96  led.o(i.LEDConfig)
    LcdBufferClear                           0x08010741   Thumb Code    42  lcdutils.o(i.LcdBufferClear)
    LcdBufferPaint                           0x08010771   Thumb Code    40  lcdutils.o(i.LcdBufferPaint)
    LcdCheckCharHz                           0x0801079d   Thumb Code   158  lcdutils.o(i.LcdCheckCharHz)
    LcdClear                                 0x0801085d   Thumb Code    56  lcd.o(i.LcdClear)
    LcdDrawOne                               0x08010895   Thumb Code   182  lcdutils.o(i.LcdDrawOne)
    LcdDrawPoint                             0x08010955   Thumb Code   150  lcdutils.o(i.LcdDrawPoint)
    LcdDrawString                            0x080109f1   Thumb Code    86  lcdutils.o(i.LcdDrawString)
    LcdDrawStringHCenter                     0x08010a4d   Thumb Code    88  lcdutils.o(i.LcdDrawStringHCenter)
    LcdInit                                  0x08010aa9   Thumb Code   182  lcd.o(i.LcdInit)
    LcdSetFont                               0x08010b61   Thumb Code    66  lcdutils.o(i.LcdSetFont)
    LcdSetFontState                          0x08010bad   Thumb Code     6  lcdutils.o(i.LcdSetFontState)
    LcdSetPos                                0x08010bb9   Thumb Code    36  lcd.o(i.LcdSetPos)
    LcdShowStr2Center                        0x08010bdd   Thumb Code    58  lcdutils.o(i.LcdShowStr2Center)
    LcdWriteCommand                          0x08010c1d   Thumb Code    16  lcd.o(i.LcdWriteCommand)
    LcdWriteData                             0x08010c2d   Thumb Code    16  lcd.o(i.LcdWriteData)
    LcdWriteDataBytes                        0x08010c3d   Thumb Code    20  lcd.o(i.LcdWriteDataBytes)
    MemManage_Handler                        0x08010c51   Thumb Code     4  stm32f10x_it.o(i.MemManage_Handler)
    NMI_Handler                              0x08010c55   Thumb Code     2  stm32f10x_it.o(i.NMI_Handler)
    NVIC_Init                                0x08010c59   Thumb Code   102  misc.o(i.NVIC_Init)
    NVIC_SetVectorTable                      0x08010ccd   Thumb Code    12  misc.o(i.NVIC_SetVectorTable)
    OLEDDisplay                              0x08010ce1   Thumb Code   240  ad.o(i.OLEDDisplay)
    OSEventNameSet                           0x08010e1d   Thumb Code    84  os_core.o(i.OSEventNameSet)
    OSInit                                   0x08010e75   Thumb Code    48  os_core.o(i.OSInit)
    OSInitHookBegin                          0x08010ea5   Thumb Code     8  os_cpu_c.o(i.OSInitHookBegin)
    OSInitHookEnd                            0x08010eb1   Thumb Code     2  os_cpu_c.o(i.OSInitHookEnd)
    OSIntEnter                               0x08010eb5   Thumb Code    28  os_core.o(i.OSIntEnter)
    OSIntExit                                0x08010ed9   Thumb Code   112  os_core.o(i.OSIntExit)
    OSMutexCreate                            0x08010f69   Thumb Code   138  os_mutex.o(i.OSMutexCreate)
    OSMutexPend                              0x08011005   Thumb Code   568  os_mutex.o(i.OSMutexPend)
    OSMutexPost                              0x08011255   Thumb Code   186  os_mutex.o(i.OSMutexPost)
    OSSchedLock                              0x080113a1   Thumb Code    50  os_core.o(i.OSSchedLock)
    OSSchedUnlock                            0x080113e1   Thumb Code    82  os_core.o(i.OSSchedUnlock)
    OSSemCreate                              0x08011441   Thumb Code    72  os_sem.o(i.OSSemCreate)
    OSSemPend                                0x08011495   Thumb Code   228  os_sem.o(i.OSSemPend)
    OSSemPost                                0x08011585   Thumb Code    88  os_sem.o(i.OSSemPost)
    OSStart                                  0x080115dd   Thumb Code    48  os_core.o(i.OSStart)
    OSTCBInitHook                            0x08011625   Thumb Code     2  os_cpu_c.o(i.OSTCBInitHook)
    OSTaskCreateExt                          0x08011629   Thumb Code   170  os_task.o(i.OSTaskCreateExt)
    OSTaskCreateHook                         0x080116e1   Thumb Code     2  os_cpu_c.o(i.OSTaskCreateHook)
    OSTaskIdleHook                           0x080116e3   Thumb Code     2  os_cpu_c.o(i.OSTaskIdleHook)
    OSTaskNameSet                            0x080116e5   Thumb Code    98  os_task.o(i.OSTaskNameSet)
    OSTaskResume                             0x08011755   Thumb Code   160  os_task.o(i.OSTaskResume)
    OSTaskStatHook                           0x08011805   Thumb Code     2  os_cpu_c.o(i.OSTaskStatHook)
    OSTaskStkChk                             0x08011809   Thumb Code   132  os_task.o(i.OSTaskStkChk)
    OSTaskStkInit                            0x08011895   Thumb Code   154  os_cpu_c.o(i.OSTaskStkInit)
    OSTaskSuspend                            0x08011931   Thumb Code   152  os_task.o(i.OSTaskSuspend)
    OSTaskSwHook                             0x080119d9   Thumb Code     2  os_cpu_c.o(i.OSTaskSwHook)
    OSTimeDly                                0x080119dd   Thumb Code   100  os_time.o(i.OSTimeDly)
    OSTimeDlyHMSM                            0x08011a55   Thumb Code    86  os_time.o(i.OSTimeDlyHMSM)
    OSTimeTick                               0x08011ab5   Thumb Code   218  os_core.o(i.OSTimeTick)
    OSTimeTickHook                           0x08011ba9   Thumb Code    30  os_cpu_c.o(i.OSTimeTickHook)
    OSTmrSignal                              0x08011bcd   Thumb Code    16  os_tmr.o(i.OSTmrSignal)
    OSTmr_Init                               0x08011be1   Thumb Code   168  os_tmr.o(i.OSTmr_Init)
    OS_EventTaskRdy                          0x08011e55   Thumb Code   132  os_core.o(i.OS_EventTaskRdy)
    OS_EventTaskRemove                       0x08011ee9   Thumb Code    42  os_core.o(i.OS_EventTaskRemove)
    OS_EventTaskRemoveMulti                  0x08011f13   Thumb Code    60  os_core.o(i.OS_EventTaskRemoveMulti)
    OS_EventTaskWait                         0x08011f51   Thumb Code   112  os_core.o(i.OS_EventTaskWait)
    OS_EventWaitListInit                     0x08011fcd   Thumb Code    28  os_core.o(i.OS_EventWaitListInit)
    OS_MemClr                                0x080121f5   Thumb Code    18  os_core.o(i.OS_MemClr)
    OS_MemInit                               0x08012209   Thumb Code    74  os_mem.o(i.OS_MemInit)
    OS_QInit                                 0x08012261   Thumb Code    72  os_q.o(i.OS_QInit)
    OS_Sched                                 0x080122b1   Thumb Code    88  os_core.o(i.OS_Sched)
    OS_TCBInit                               0x08012351   Thumb Code   288  os_core.o(i.OS_TCBInit)
    OS_TaskIdle                              0x0801248d   Thumb Code    34  os_core.o(i.OS_TaskIdle)
    OS_TaskStat                              0x080124b5   Thumb Code   116  os_core.o(i.OS_TaskStat)
    OS_TaskStatStkChk                        0x0801253d   Thumb Code    54  os_core.o(i.OS_TaskStatStkChk)
    OS_TaskStkClr                            0x08012579   Thumb Code    26  os_task.o(i.OS_TaskStkClr)
    Pack                                     0x08012595   Thumb Code   174  package.o(i.Pack)
    PackageKeyInit                           0x08012649   Thumb Code    14  package.o(i.PackageKeyInit)
    RCC_ADCCLKConfig                         0x08012671   Thumb Code    18  stm32f10x_rcc.o(i.RCC_ADCCLKConfig)
    RCC_APB1PeriphClockCmd                   0x08012689   Thumb Code    26  stm32f10x_rcc.o(i.RCC_APB1PeriphClockCmd)
    RCC_APB2PeriphClockCmd                   0x080126a9   Thumb Code    26  stm32f10x_rcc.o(i.RCC_APB2PeriphClockCmd)
    RCC_GetClocksFreq                        0x080126c9   Thumb Code   192  stm32f10x_rcc.o(i.RCC_GetClocksFreq)
    Read374Block                             0x080127a5   Thumb Code    64  ch374interface.o(i.Read374Block)
    Read374Byte                              0x080127e9   Thumb Code    48  ch374interface.o(i.Read374Byte)
    ReadFactoryConfigParam                   0x0801281d   Thumb Code   102  recorder.o(i.ReadFactoryConfigParam)
    ReadFlashDataWithCRC16                   0x08012891   Thumb Code   128  recorder.o(i.ReadFlashDataWithCRC16)
    SPI_Cmd                                  0x08012919   Thumb Code    24  stm32f10x_spi.o(i.SPI_Cmd)
    SPI_I2S_GetFlagStatus                    0x08012931   Thumb Code    18  stm32f10x_spi.o(i.SPI_I2S_GetFlagStatus)
    SPI_I2S_ReceiveData                      0x08012943   Thumb Code     6  stm32f10x_spi.o(i.SPI_I2S_ReceiveData)
    SPI_I2S_SendData                         0x08012949   Thumb Code     4  stm32f10x_spi.o(i.SPI_I2S_SendData)
    SPI_Init                                 0x0801294d   Thumb Code    60  stm32f10x_spi.o(i.SPI_Init)
    STMOpen                                  0x08012989   Thumb Code    42  ad.o(i.STMOpen)
    SVC_Handler                              0x080129b9   Thumb Code     2  stm32f10x_it.o(i.SVC_Handler)
    SetStayInBoot                            0x080129bd   Thumb Code    56  recorder.o(i.SetStayInBoot)
    SlipSimpleCheck                          0x08012add   Thumb Code   120  slip.o(i.SlipSimpleCheck)
    Slip_Pack                                0x08012b55   Thumb Code   134  slip.o(i.Slip_Pack)
    Slip_Unpack                              0x08012bdb   Thumb Code   160  slip.o(i.Slip_Unpack)
    SoftReset                                0x08012c7d   Thumb Code    38  recorder.o(i.SoftReset)
    Sound                                    0x08012cad   Thumb Code   188  ad.o(i.Sound)
    SysTickConfig                            0x08012d6d   Thumb Code    92  delay.o(i.SysTickConfig)
    SysTick_Handler                          0x08012dd1   Thumb Code    26  stm32f10x_it.o(i.SysTick_Handler)
    System72MDelay100us                      0x08012df1   Thumb Code    28  delay.o(i.System72MDelay100us)
    System72MDelay10us                       0x08012e0d   Thumb Code    28  delay.o(i.System72MDelay10us)
    System72MDelay1ms                        0x08012e29   Thumb Code    24  delay.o(i.System72MDelay1ms)
    System72MDelay1us                        0x08012e41   Thumb Code    16  delay.o(i.System72MDelay1us)
    SystemGpioConfig                         0x08012e51   Thumb Code    54  systemconfig.o(i.SystemGpioConfig)
    SystemInit                               0x08012e91   Thumb Code    78  system_stm32f10x.o(i.SystemInit)
    TaskCreate                               0x08012ef1   Thumb Code   188  task.o(i.TaskCreate)
    U16DataFallRank                          0x08012fcd   Thumb Code   114  ad.o(i.U16DataFallRank)
    Unpack                                   0x08013041   Thumb Code   192  package.o(i.Unpack)
    UsageFault_Handler                       0x08013105   Thumb Code     4  stm32f10x_it.o(i.UsageFault_Handler)
    UsbIdentify                              0x08013109   Thumb Code   112  task.o(i.UsbIdentify)
    Write374Block                            0x08013189   Thumb Code    62  ch374interface.o(i.Write374Block)
    Write374Byte                             0x080131cd   Thumb Code    46  ch374interface.o(i.Write374Byte)
    WriteFactoryConfigParam                  0x08013201   Thumb Code   106  recorder.o(i.WriteFactoryConfigParam)
    WriteFlashDataWithCRC16                  0x08013279   Thumb Code   170  recorder.o(i.WriteFlashDataWithCRC16)
    __ARM_fpclassify                         0x0801332d   Thumb Code    40  fpclassify.o(i.__ARM_fpclassify)
    _is_digit                                0x08013355   Thumb Code    14  __printf_wp.o(i._is_digit)
    aes_decrypt                              0x08013365   Thumb Code  4144  aes.o(i.aes_decrypt)
    aes_encrypt                              0x080143a9   Thumb Code  4138  aes.o(i.aes_encrypt)
    aes_gen_tables                           0x080153e9   Thumb Code     2  aes.o(i.aes_gen_tables)
    aes_set_key                              0x080153ed   Thumb Code   930  aes.o(i.aes_set_key)
    main                                     0x080157c1   Thumb Code    34  main.o(i.main)
    _get_lc_numeric                          0x080157e5   Thumb Code    44  lc_numeric_c.o(locale$$code)
    _get_lc_ctype                            0x08015811   Thumb Code    44  lc_ctype_c.o(locale$$code)
    __aeabi_d2f                              0x0801583d   Thumb Code     0  d2f.o(x$fpl$d2f)
    _d2f                                     0x0801583d   Thumb Code    98  d2f.o(x$fpl$d2f)
    __aeabi_ddiv                             0x080158a1   Thumb Code     0  ddiv.o(x$fpl$ddiv)
    _ddiv                                    0x080158a1   Thumb Code   552  ddiv.o(x$fpl$ddiv)
    __aeabi_d2iz                             0x08015b51   Thumb Code     0  dfix.o(x$fpl$dfix)
    _dfix                                    0x08015b51   Thumb Code    94  dfix.o(x$fpl$dfix)
    __aeabi_d2uiz                            0x08015bb1   Thumb Code     0  dfixu.o(x$fpl$dfixu)
    _dfixu                                   0x08015bb1   Thumb Code    90  dfixu.o(x$fpl$dfixu)
    __aeabi_ui2d                             0x08015c0b   Thumb Code     0  dflt_clz.o(x$fpl$dfltu)
    _dfltu                                   0x08015c0b   Thumb Code    38  dflt_clz.o(x$fpl$dfltu)
    __aeabi_dmul                             0x08015c31   Thumb Code     0  dmul.o(x$fpl$dmul)
    _dmul                                    0x08015c31   Thumb Code   332  dmul.o(x$fpl$dmul)
    __fpl_dnaninf                            0x08015d85   Thumb Code   156  dnaninf.o(x$fpl$dnaninf)
    __fpl_dretinf                            0x08015e21   Thumb Code    12  dretinf.o(x$fpl$dretinf)
    __aeabi_f2d                              0x08015e2d   Thumb Code     0  f2d.o(x$fpl$f2d)
    _f2d                                     0x08015e2d   Thumb Code    86  f2d.o(x$fpl$f2d)
    __aeabi_fadd                             0x08015e85   Thumb Code     0  faddsub_clz.o(x$fpl$fadd)
    _fadd                                    0x08015e85   Thumb Code   196  faddsub_clz.o(x$fpl$fadd)
    __aeabi_fdiv                             0x08015f49   Thumb Code     0  fdiv.o(x$fpl$fdiv)
    _fdiv                                    0x08015f49   Thumb Code   384  fdiv.o(x$fpl$fdiv)
    __aeabi_f2iz                             0x080160cd   Thumb Code     0  ffix.o(x$fpl$ffix)
    _ffix                                    0x080160cd   Thumb Code    54  ffix.o(x$fpl$ffix)
    __aeabi_f2uiz                            0x08016105   Thumb Code     0  ffixu.o(x$fpl$ffixu)
    _ffixu                                   0x08016105   Thumb Code    62  ffixu.o(x$fpl$ffixu)
    __aeabi_i2f                              0x08016145   Thumb Code     0  fflt_clz.o(x$fpl$fflt)
    _fflt                                    0x08016145   Thumb Code    48  fflt_clz.o(x$fpl$fflt)
    __aeabi_ui2f                             0x08016175   Thumb Code     0  fflt_clz.o(x$fpl$ffltu)
    _ffltu                                   0x08016175   Thumb Code    38  fflt_clz.o(x$fpl$ffltu)
    __aeabi_fmul                             0x0801619d   Thumb Code     0  fmul.o(x$fpl$fmul)
    _fmul                                    0x0801619d   Thumb Code   258  fmul.o(x$fpl$fmul)
    __fpl_fnaninf                            0x0801629f   Thumb Code   140  fnaninf.o(x$fpl$fnaninf)
    __fpl_fretinf                            0x0801632b   Thumb Code    10  fretinf.o(x$fpl$fretinf)
    __aeabi_fsub                             0x08016335   Thumb Code     0  faddsub_clz.o(x$fpl$fsub)
    _fsub                                    0x08016335   Thumb Code   234  faddsub_clz.o(x$fpl$fsub)
    _printf_fp_dec                           0x0801641f   Thumb Code     4  printf1.o(x$fpl$printf1)
    __I$use$fp                               0x08016422   Number         0  usenofp.o(x$fpl$usenofp)
    auch_CRCHi                               0x08018c4c   Data         256  crc16.o(.constdata)
    auch_CRCLo                               0x08018d4c   Data         256  crc16.o(.constdata)
    charIndex8_16                            0x08018e4c   Data          96  lcdutils.o(.constdata)
    chardot8_16                              0x08018eac   Data        1536  lcdutils.o(.constdata)
    hzIndex16_16                             0x080194ac   Data          28  lcdutils.o(.constdata)
    hzdot16_16                               0x080194c8   Data         448  lcdutils.o(.constdata)
    charIndex12_24                           0x08019688   Data          96  lcdutils.o(.constdata)
    chardot12_24                             0x080196e8   Data        4608  lcdutils.o(.constdata)
    hzIndex24_24                             0x0801a8e8   Data           8  lcdutils.o(.constdata)
    hzdot24_24                               0x0801a8f0   Data         288  lcdutils.o(.constdata)
    LangDescr                                0x0801aa10   Data           4  ch374device.o(.constdata)
    ManuInfo                                 0x0801aa14   Data          14  ch374device.o(.constdata)
    ProdInfo                                 0x0801aa22   Data          14  ch374device.o(.constdata)
    CustomHID_DeviceDescriptor               0x0801aa30   Data          18  ch374devicehid.o(.constdata)
    CustomHID_ConfigDescriptor               0x0801aa42   Data          41  ch374devicehid.o(.constdata)
    CustomHID_ReportDescriptor               0x0801aa6b   Data          38  ch374devicehid.o(.constdata)
    OSUnMapTbl                               0x0801aa91   Data         256  os_core.o(.constdata)
    Region$$Table$$Base                      0x0801ac38   Number         0  anon$$obj.o(Region$$Table)
    Region$$Table$$Limit                     0x0801ac58   Number         0  anon$$obj.o(Region$$Table)
    __ctype                                  0x0801ac81   Data           0  lc_ctype_c.o(locale$$data)
    MsgSem                                   0x20000014   Data           4  task.o(.data)
    op_data                                  0x20000018   Data           4  task.o(.data)
    TickCounter                              0x2000001c   Data           4  stm32f10x_it.o(.data)
    do_init                                  0x20000020   Data           4  aes.o(.data)
    KT_init                                  0x20000024   Data           4  aes.o(.data)
    LcdFont                                  0x20000028   Data           6  lcdutils.o(.data)
    LcdState                                 0x2000002e   Data           6  lcdutils.o(.data)
    UsbConfig                                0x20000038   Data           1  ch374device.o(.data)
    CH374ErrFlag                             0x20000039   Data           1  ch374device.o(.data)
    mVarSetupRequest                         0x2000003a   Data           1  ch374device.o(.data)
    mVarSetupLength                          0x2000003b   Data           1  ch374device.o(.data)
    VarSetupDescr                            0x2000003c   Data           4  ch374device.o(.data)
    DeviceHidSendFinish                      0x20000040   Data           1  ch374devicehid.o(.data)
    OSCtxSwCtr                               0x20000044   Data           4  os_core.o(.data)
    OSEventFreeList                          0x20000048   Data           4  os_core.o(.data)
    OSCPUUsage                               0x2000004c   Data           1  os_core.o(.data)
    OSIdleCtrMax                             0x20000050   Data           4  os_core.o(.data)
    OSIdleCtrRun                             0x20000054   Data           4  os_core.o(.data)
    OSStatRdy                                0x20000058   Data           1  os_core.o(.data)
    OSIntNesting                             0x20000059   Data           1  os_core.o(.data)
    OSLockNesting                            0x2000005a   Data           1  os_core.o(.data)
    OSPrioCur                                0x2000005b   Data           1  os_core.o(.data)
    OSPrioHighRdy                            0x2000005c   Data           1  os_core.o(.data)
    OSRdyGrp                                 0x2000005d   Data           1  os_core.o(.data)
    OSRdyTbl                                 0x2000005e   Data           8  os_core.o(.data)
    OSRunning                                0x20000066   Data           1  os_core.o(.data)
    OSTaskCtr                                0x20000067   Data           1  os_core.o(.data)
    OSIdleCtr                                0x20000068   Data           4  os_core.o(.data)
    OSTCBCur                                 0x2000006c   Data           4  os_core.o(.data)
    OSTCBFreeList                            0x20000070   Data           4  os_core.o(.data)
    OSTCBHighRdy                             0x20000074   Data           4  os_core.o(.data)
    OSTCBList                                0x20000078   Data           4  os_core.o(.data)
    OSTickStepState                          0x2000007c   Data           1  os_core.o(.data)
    OSMemFreeList                            0x20000080   Data           4  os_core.o(.data)
    OSQFreeList                              0x20000084   Data           4  os_core.o(.data)
    OSTime                                   0x20000088   Data           4  os_core.o(.data)
    OSTmrFree                                0x2000008c   Data           2  os_core.o(.data)
    OSTmrUsed                                0x2000008e   Data           2  os_core.o(.data)
    OSTmrTime                                0x20000090   Data           4  os_core.o(.data)
    OSTmrSem                                 0x20000094   Data           4  os_core.o(.data)
    OSTmrSemSignal                           0x20000098   Data           4  os_core.o(.data)
    OSTmrFreeList                            0x2000009c   Data           4  os_core.o(.data)
    PrivateStk                               0x200000a0   Data        3584  task.o(.bss)
    DeviceInfo                               0x20000ea0   Data          65  task.o(.bss)
    KT0                                      0x20000ee4   Data        1024  aes.o(.bss)
    KT1                                      0x200012e4   Data        1024  aes.o(.bss)
    KT2                                      0x200016e4   Data        1024  aes.o(.bss)
    KT3                                      0x20001ae4   Data        1024  aes.o(.bss)
    GusetSendBuffer                          0x20001ee4   Data        1028  guestrespond.o(.bss)
    GusetTempBuffer                          0x200022e8   Data        1028  guestrespond.o(.bss)
    LcdBuffer                                0x200026ec   Data         384  lcdutils.o(.bss)
    adc_adjust                               0x20002a70   Data          32  ad.o(.bss)
    Ch374Device                              0x20002a90   Data          44  ch374device.o(.bss)
    HidData                                  0x20002abc   Data        1028  ch374devicehid.o(.bss)
    OSEventTbl                               0x20002ec0   Data         240  os_core.o(.bss)
    OSTaskStatStk                            0x20002fb0   Data         512  os_core.o(.bss)
    OSTaskIdleStk                            0x200031b0   Data         512  os_core.o(.bss)
    OSTCBPrioTbl                             0x200033b0   Data         256  os_core.o(.bss)
    OSTCBTbl                                 0x200034b0   Data        1760  os_core.o(.bss)
    OSMemTbl                                 0x20003b90   Data         120  os_core.o(.bss)
    OSQTbl                                   0x20003c08   Data          96  os_core.o(.bss)
    OSTmrTbl                                 0x20003c68   Data         640  os_core.o(.bss)
    OSTmrTaskStk                             0x20003ee8   Data         512  os_core.o(.bss)
    OSTmrWheelTbl                            0x200040e8   Data          64  os_core.o(.bss)
    __libspace_start                         0x20004128   Data          96  libspace.o(.bss)
    __temporary_stack_top$libspace           0x20004188   Data           0  libspace.o(.bss)



==============================================================================

Memory Map of the image

  Image Entry point : 0x0800c931

  Load Region LR_IROM1 (Base: 0x0800c800, Size: 0x0000e624, Max: 0x00040000, ABSOLUTE)

    Execution Region ER_IROM1 (Base: 0x0800c800, Size: 0x0000e584, Max: 0x00040000, ABSOLUTE)

    Base Addr    Size         Type   Attr      Idx    E Section Name        Object

    0x0800c800   0x00000130   Data   RO           19    RESET               startup_stm32f10x_hd.o
    0x0800c930   0x00000008   Code   RO         2970  * !!!main             c_w.l(__main.o)
    0x0800c938   0x00000034   Code   RO         3254    !!!scatter          c_w.l(__scatter.o)
    0x0800c96c   0x0000001a   Code   RO         3256    !!handler_copy      c_w.l(__scatter_copy.o)
    0x0800c986   0x00000002   PAD
    0x0800c988   0x0000001c   Code   RO         3258    !!handler_zi        c_w.l(__scatter_zi.o)
    0x0800c9a4   0x00000000   Code   RO         2949    .ARM.Collect$$_printf_percent$$00000000  c_w.l(_printf_percent.o)
    0x0800c9a4   0x00000006   Code   RO         2948    .ARM.Collect$$_printf_percent$$00000003  c_w.l(_printf_f.o)
    0x0800c9aa   0x00000006   Code   RO         2946    .ARM.Collect$$_printf_percent$$00000009  c_w.l(_printf_d.o)
    0x0800c9b0   0x00000006   Code   RO         2947    .ARM.Collect$$_printf_percent$$0000000A  c_w.l(_printf_u.o)
    0x0800c9b6   0x00000004   Code   RO         3033    .ARM.Collect$$_printf_percent$$00000017  c_w.l(_printf_percent_end.o)
    0x0800c9ba   0x00000002   Code   RO         3127    .ARM.Collect$$libinit$$00000000  c_w.l(libinit.o)
    0x0800c9bc   0x00000000   Code   RO         3129    .ARM.Collect$$libinit$$00000002  c_w.l(libinit2.o)
    0x0800c9bc   0x00000000   Code   RO         3132    .ARM.Collect$$libinit$$00000008  c_w.l(libinit2.o)
    0x0800c9bc   0x00000000   Code   RO         3134    .ARM.Collect$$libinit$$0000000A  c_w.l(libinit2.o)
    0x0800c9bc   0x00000000   Code   RO         3136    .ARM.Collect$$libinit$$0000000C  c_w.l(libinit2.o)
    0x0800c9bc   0x00000006   Code   RO         3137    .ARM.Collect$$libinit$$0000000D  c_w.l(libinit2.o)
    0x0800c9c2   0x00000000   Code   RO         3139    .ARM.Collect$$libinit$$0000000F  c_w.l(libinit2.o)
    0x0800c9c2   0x0000000c   Code   RO         3140    .ARM.Collect$$libinit$$00000010  c_w.l(libinit2.o)
    0x0800c9ce   0x00000000   Code   RO         3141    .ARM.Collect$$libinit$$00000011  c_w.l(libinit2.o)
    0x0800c9ce   0x00000000   Code   RO         3143    .ARM.Collect$$libinit$$00000013  c_w.l(libinit2.o)
    0x0800c9ce   0x0000000a   Code   RO         3144    .ARM.Collect$$libinit$$00000014  c_w.l(libinit2.o)
    0x0800c9d8   0x00000000   Code   RO         3145    .ARM.Collect$$libinit$$00000015  c_w.l(libinit2.o)
    0x0800c9d8   0x00000000   Code   RO         3147    .ARM.Collect$$libinit$$00000017  c_w.l(libinit2.o)
    0x0800c9d8   0x00000000   Code   RO         3149    .ARM.Collect$$libinit$$00000019  c_w.l(libinit2.o)
    0x0800c9d8   0x00000000   Code   RO         3151    .ARM.Collect$$libinit$$0000001B  c_w.l(libinit2.o)
    0x0800c9d8   0x00000000   Code   RO         3153    .ARM.Collect$$libinit$$0000001D  c_w.l(libinit2.o)
    0x0800c9d8   0x00000000   Code   RO         3155    .ARM.Collect$$libinit$$0000001F  c_w.l(libinit2.o)
    0x0800c9d8   0x00000000   Code   RO         3157    .ARM.Collect$$libinit$$00000021  c_w.l(libinit2.o)
    0x0800c9d8   0x00000000   Code   RO         3159    .ARM.Collect$$libinit$$00000023  c_w.l(libinit2.o)
    0x0800c9d8   0x00000000   Code   RO         3163    .ARM.Collect$$libinit$$0000002A  c_w.l(libinit2.o)
    0x0800c9d8   0x00000000   Code   RO         3165    .ARM.Collect$$libinit$$0000002C  c_w.l(libinit2.o)
    0x0800c9d8   0x00000000   Code   RO         3167    .ARM.Collect$$libinit$$0000002E  c_w.l(libinit2.o)
    0x0800c9d8   0x00000000   Code   RO         3169    .ARM.Collect$$libinit$$00000030  c_w.l(libinit2.o)
    0x0800c9d8   0x00000002   Code   RO         3170    .ARM.Collect$$libinit$$00000031  c_w.l(libinit2.o)
    0x0800c9da   0x00000002   Code   RO         3203    .ARM.Collect$$libshutdown$$00000000  c_w.l(libshutdown.o)
    0x0800c9dc   0x00000000   Code   RO         3215    .ARM.Collect$$libshutdown$$00000003  c_w.l(libshutdown2.o)
    0x0800c9dc   0x00000000   Code   RO         3218    .ARM.Collect$$libshutdown$$00000006  c_w.l(libshutdown2.o)
    0x0800c9dc   0x00000000   Code   RO         3221    .ARM.Collect$$libshutdown$$00000009  c_w.l(libshutdown2.o)
    0x0800c9dc   0x00000000   Code   RO         3223    .ARM.Collect$$libshutdown$$0000000B  c_w.l(libshutdown2.o)
    0x0800c9dc   0x00000000   Code   RO         3226    .ARM.Collect$$libshutdown$$0000000E  c_w.l(libshutdown2.o)
    0x0800c9dc   0x00000002   Code   RO         3227    .ARM.Collect$$libshutdown$$0000000F  c_w.l(libshutdown2.o)
    0x0800c9de   0x00000000   Code   RO         3024    .ARM.Collect$$rtentry$$00000000  c_w.l(rtentry.o)
    0x0800c9de   0x00000000   Code   RO         3050    .ARM.Collect$$rtentry$$00000002  c_w.l(rtentry2.o)
    0x0800c9de   0x00000006   Code   RO         3062    .ARM.Collect$$rtentry$$00000004  c_w.l(rtentry4.o)
    0x0800c9e4   0x00000000   Code   RO         3052    .ARM.Collect$$rtentry$$00000009  c_w.l(rtentry2.o)
    0x0800c9e4   0x00000004   Code   RO         3053    .ARM.Collect$$rtentry$$0000000A  c_w.l(rtentry2.o)
    0x0800c9e8   0x00000000   Code   RO         3055    .ARM.Collect$$rtentry$$0000000C  c_w.l(rtentry2.o)
    0x0800c9e8   0x00000008   Code   RO         3056    .ARM.Collect$$rtentry$$0000000D  c_w.l(rtentry2.o)
    0x0800c9f0   0x00000002   Code   RO         3171    .ARM.Collect$$rtexit$$00000000  c_w.l(rtexit.o)
    0x0800c9f2   0x00000000   Code   RO         3181    .ARM.Collect$$rtexit$$00000002  c_w.l(rtexit2.o)
    0x0800c9f2   0x00000004   Code   RO         3182    .ARM.Collect$$rtexit$$00000003  c_w.l(rtexit2.o)
    0x0800c9f6   0x00000006   Code   RO         3183    .ARM.Collect$$rtexit$$00000004  c_w.l(rtexit2.o)
    0x0800c9fc   0x00000040   Code   RO           20    .text               startup_stm32f10x_hd.o
    0x0800ca3c   0x000000a4   Code   RO         2191    .text               os_cpu_a.o
    0x0800cae0   0x0000002c   Code   RO         2916    .text               c_w.l(__2sprintf.o)
    0x0800cb0c   0x00000052   Code   RO         2922    .text               c_w.l(_printf_pad.o)
    0x0800cb5e   0x00000002   PAD
    0x0800cb60   0x00000078   Code   RO         2924    .text               c_w.l(_printf_dec.o)
    0x0800cbd8   0x0000013c   Code   RO         2938    .text               c_w.l(__printf_flags_wp.o)
    0x0800cd14   0x0000003c   Code   RO         2950    .text               c_w.l(__0sscanf.o)
    0x0800cd50   0x00000150   Code   RO         2952    .text               c_w.l(_scanf_int.o)
    0x0800cea0   0x00000058   Code   RO         2954    .text               c_w.l(memcmp.o)
    0x0800cef8   0x00000048   Code   RO         2956    .text               c_w.l(strcpy.o)
    0x0800cf40   0x0000008a   Code   RO         2958    .text               c_w.l(rt_memcpy_v6.o)
    0x0800cfca   0x00000064   Code   RO         2960    .text               c_w.l(rt_memcpy_w.o)
    0x0800d02e   0x00000044   Code   RO         2962    .text               c_w.l(rt_memclr.o)
    0x0800d072   0x0000004e   Code   RO         2964    .text               c_w.l(rt_memclr_w.o)
    0x0800d0c0   0x00000056   Code   RO         2966    .text               c_w.l(strncpy.o)
    0x0800d116   0x00000006   Code   RO         2968    .text               c_w.l(heapauxi.o)
    0x0800d11c   0x000000b8   Code   RO         3025    .text               c_w.l(_printf_intcommon.o)
    0x0800d1d4   0x00000420   Code   RO         3027    .text               c_w.l(_printf_fp_dec.o)
    0x0800d5f4   0x00000030   Code   RO         3029    .text               c_w.l(_printf_char_common.o)
    0x0800d624   0x0000000a   Code   RO         3031    .text               c_w.l(_sputc.o)
    0x0800d62e   0x0000001c   Code   RO         3034    .text               c_w.l(_chval.o)
    0x0800d64a   0x00000002   PAD
    0x0800d64c   0x0000002c   Code   RO         3036    .text               c_w.l(scanf_char.o)
    0x0800d678   0x00000040   Code   RO         3038    .text               c_w.l(_sgetc.o)
    0x0800d6b8   0x00000008   Code   RO         3067    .text               c_w.l(rt_locale_intlibspace.o)
    0x0800d6c0   0x0000008a   Code   RO         3069    .text               c_w.l(lludiv10.o)
    0x0800d74a   0x00000012   Code   RO         3071    .text               c_w.l(isspace.o)
    0x0800d75c   0x00000080   Code   RO         3073    .text               c_w.l(_printf_fp_infnan.o)
    0x0800d7dc   0x00000370   Code   RO         3077    .text               c_w.l(_scanf.o)
    0x0800db4c   0x000000e4   Code   RO         3079    .text               c_w.l(bigflt0.o)
    0x0800dc30   0x00000008   Code   RO         3111    .text               c_w.l(libspace.o)
    0x0800dc38   0x0000004a   Code   RO         3114    .text               c_w.l(sys_stackheap_outer.o)
    0x0800dc82   0x00000002   PAD
    0x0800dc84   0x00000010   Code   RO         3116    .text               c_w.l(rt_ctype_table.o)
    0x0800dc94   0x0000000c   Code   RO         3118    .text               c_w.l(exit.o)
    0x0800dca0   0x00000080   Code   RO         3120    .text               c_w.l(strcmpv7m.o)
    0x0800dd20   0x0000000c   Code   RO         3193    .text               c_w.l(sys_exit.o)
    0x0800dd2c   0x00000002   Code   RO         3204    .text               c_w.l(use_no_semi.o)
    0x0800dd2e   0x00000000   Code   RO         3206    .text               c_w.l(indicate_semi.o)
    0x0800dd2e   0x0000003e   Code   RO         3082    CL$$btod_d2e        c_w.l(btod.o)
    0x0800dd6c   0x00000046   Code   RO         3084    CL$$btod_d2e_denorm_low  c_w.l(btod.o)
    0x0800ddb2   0x00000060   Code   RO         3083    CL$$btod_d2e_norm_op1  c_w.l(btod.o)
    0x0800de12   0x00000338   Code   RO         3092    CL$$btod_div_common  c_w.l(btod.o)
    0x0800e14a   0x000000c6   Code   RO         3089    CL$$btod_e2e        c_w.l(btod.o)
    0x0800e210   0x00000028   Code   RO         3086    CL$$btod_ediv       c_w.l(btod.o)
    0x0800e238   0x00000028   Code   RO         3085    CL$$btod_emul       c_w.l(btod.o)
    0x0800e260   0x00000244   Code   RO         3091    CL$$btod_mult_common  c_w.l(btod.o)
    0x0800e4a4   0x00000006   Code   RO          645    i.ADC_ClearFlag     stm32f10x_adc.o
    0x0800e4aa   0x00000016   Code   RO          647    i.ADC_Cmd           stm32f10x_adc.o
    0x0800e4c0   0x00000014   Code   RO          655    i.ADC_GetCalibrationStatus  stm32f10x_adc.o
    0x0800e4d4   0x00000008   Code   RO          656    i.ADC_GetConversionValue  stm32f10x_adc.o
    0x0800e4dc   0x00000012   Code   RO          658    i.ADC_GetFlagStatus  stm32f10x_adc.o
    0x0800e4ee   0x00000014   Code   RO          661    i.ADC_GetResetCalibrationStatus  stm32f10x_adc.o
    0x0800e502   0x00000002   PAD
    0x0800e504   0x00000050   Code   RO          665    i.ADC_Init          stm32f10x_adc.o
    0x0800e554   0x000000b8   Code   RO          669    i.ADC_RegularChannelConfig  stm32f10x_adc.o
    0x0800e60c   0x0000000a   Code   RO          670    i.ADC_ResetCalibration  stm32f10x_adc.o
    0x0800e616   0x00000016   Code   RO          672    i.ADC_SoftwareStartConvCmd  stm32f10x_adc.o
    0x0800e62c   0x0000000a   Code   RO          674    i.ADC_StartCalibration  stm32f10x_adc.o
    0x0800e636   0x00000002   PAD
    0x0800e638   0x000000a4   Code   RO         1837    i.Adc2VoltageOrCurrent  ad.o
    0x0800e6dc   0x000000a4   Code   RO         1838    i.AdcConfig         ad.o
    0x0800e780   0x00000028   Code   RO         1839    i.AdcLock           ad.o
    0x0800e7a8   0x00000010   Code   RO         1840    i.AdcUnlock         ad.o
    0x0800e7b8   0x00000022   Code   RO         1841    i.AlarmOpen         ad.o
    0x0800e7da   0x00000002   PAD
    0x0800e7dc   0x00000030   Code   RO         1150    i.AppLEDTask        task.o
    0x0800e80c   0x00000008   Code   RO         1151    i.AppOLEDTask       task.o
    0x0800e814   0x00000034   Code   RO         1152    i.AppStartUpTask    task.o
    0x0800e848   0x0000006c   Code   RO         1153    i.AppUsbTask        task.o
    0x0800e8b4   0x00000004   Code   RO         1223    i.BusFault_Handler  stm32f10x_it.o
    0x0800e8b8   0x0000001c   Code   RO         1843    i.BusIsShort        ad.o
    0x0800e8d4   0x00000018   Code   RO         1844    i.BusLeakIsShort    ad.o
    0x0800e8ec   0x000000c8   Code   RO         1980    i.CH374DeviceInit   ch374device.o
    0x0800e9b4   0x00000450   Code   RO         1981    i.CH374DeviceInterrupt  ch374device.o
    0x0800ee04   0x0000001c   Code   RO         2003    i.CH374InterruptCallBack  ch374devicehid.o
    0x0800ee20   0x000000a4   Code   RO         2041    i.CH374SpiConfig    ch374interface.o
    0x0800eec4   0x00000038   Code   RO         2042    i.CH374SpiSendByte  ch374interface.o
    0x0800eefc   0x00000040   Code   RO         2043    i.CH374WriteBlockZero  ch374interface.o
    0x0800ef3c   0x000000b0   Code   RO         2044    i.Ch374HardWareConfig  ch374interface.o
    0x0800efec   0x00000002   Code   RO         1224    i.DebugMon_Handler  stm32f10x_it.o
    0x0800efee   0x00000002   PAD
    0x0800eff0   0x0000001c   Code   RO         1845    i.DetInsert         ad.o
    0x0800f00c   0x00000048   Code   RO         1846    i.DetIsInsert       ad.o
    0x0800f054   0x00000060   Code   RO         2004    i.DeviceHidOutCallBack  ch374devicehid.o
    0x0800f0b4   0x000000a4   Code   RO         2005    i.DeviceHidSendData  ch374devicehid.o
    0x0800f158   0x0000000c   Code   RO         2006    i.DeviceHidSendFinishCallBack  ch374devicehid.o
    0x0800f164   0x0000001e   Code   RO         1225    i.EXTI9_5_IRQHandler  stm32f10x_it.o
    0x0800f182   0x00000002   PAD
    0x0800f184   0x0000000c   Code   RO          130    i.EXTI_ClearITPendingBit  stm32f10x_exti.o
    0x0800f190   0x00000028   Code   RO          134    i.EXTI_GetITStatus  stm32f10x_exti.o
    0x0800f1b8   0x00000094   Code   RO          135    i.EXTI_Init         stm32f10x_exti.o
    0x0800f24c   0x0000000c   Code   RO          863    i.FLASH_ClearFlag   stm32f10x_flash.o
    0x0800f258   0x0000004c   Code   RO          868    i.FLASH_ErasePage   stm32f10x_flash.o
    0x0800f2a4   0x00000034   Code   RO          869    i.FLASH_GetBank1Status  stm32f10x_flash.o
    0x0800f2d8   0x00000014   Code   RO          878    i.FLASH_Lock        stm32f10x_flash.o
    0x0800f2ec   0x00000040   Code   RO          881    i.FLASH_ProgramHalfWord  stm32f10x_flash.o
    0x0800f32c   0x00000018   Code   RO          886    i.FLASH_Unlock      stm32f10x_flash.o
    0x0800f344   0x00000026   Code   RO          890    i.FLASH_WaitForLastOperation  stm32f10x_flash.o
    0x0800f36a   0x00000002   PAD
    0x0800f36c   0x00000040   Code   RO          186    i.GPIO_EXTILineConfig  stm32f10x_gpio.o
    0x0800f3ac   0x00000112   Code   RO          189    i.GPIO_Init         stm32f10x_gpio.o
    0x0800f4be   0x00000002   PAD
    0x0800f4c0   0x00000090   Code   RO          191    i.GPIO_PinRemapConfig  stm32f10x_gpio.o
    0x0800f550   0x00000012   Code   RO          193    i.GPIO_ReadInputDataBit  stm32f10x_gpio.o
    0x0800f562   0x00000004   Code   RO          196    i.GPIO_ResetBits    stm32f10x_gpio.o
    0x0800f566   0x00000004   Code   RO          197    i.GPIO_SetBits      stm32f10x_gpio.o
    0x0800f56a   0x00000002   PAD
    0x0800f56c   0x000000d0   Code   RO         1847    i.GetAdcValue       ad.o
    0x0800f63c   0x0000003c   Code   RO         1848    i.GetBatteryVoltage  ad.o
    0x0800f678   0x00000018   Code   RO         1432    i.GetBufferStringLenght  guestrespond.o
    0x0800f690   0x00000084   Code   RO         1849    i.GetBusCurrent     ad.o
    0x0800f714   0x000000e8   Code   RO         1850    i.GetBusLeakCurrent  ad.o
    0x0800f7fc   0x000000ae   Code   RO         1851    i.GetBusVoltage     ad.o
    0x0800f8aa   0x00000002   PAD
    0x0800f8ac   0x000000e0   Code   RO         1852    i.GetBusVoltageFromAdcValue  ad.o
    0x0800f98c   0x00000048   Code   RO         1377    i.GetCrc16Value     crc16.o
    0x0800f9d4   0x00000074   Code   RO         1435    i.GetDecValueFromSeparator  guestrespond.o
    0x0800fa48   0x00000048   Code   RO         1436    i.GetGeneralRespondData  guestrespond.o
    0x0800fa90   0x00000028   Code   RO         1854    i.GetLinABAdcValue  ad.o
    0x0800fab8   0x00000094   Code   RO         1199    i.GpioConfig        systemconfig.o
    0x0800fb4c   0x0000087a   Code   RO         1437    i.GuestRespond      guestrespond.o
    0x080103c6   0x00000004   Code   RO         1226    i.HardFault_Handler  stm32f10x_it.o
    0x080103ca   0x00000014   Code   RO         1481    i.I2C_Delay         i2c.o
    0x080103de   0x00000002   PAD
    0x080103e0   0x0000003c   Code   RO         1482    i.I2C_FromBusyToIdle  i2c.o
    0x0801041c   0x00000050   Code   RO         1483    i.I2C_GPIO_Config   i2c.o
    0x0801046c   0x00000070   Code   RO         1488    i.I2C_SendByte      i2c.o
    0x080104dc   0x0000007c   Code   RO         1489    i.I2C_Start         i2c.o
    0x08010558   0x00000050   Code   RO         1490    i.I2C_Stop          i2c.o
    0x080105a8   0x00000064   Code   RO         1491    i.I2C_WaitAck       i2c.o
    0x0801060c   0x0000005e   Code   RO         1492    i.I2C_WriteByte     i2c.o
    0x0801066a   0x00000068   Code   RO         1493    i.I2C_WriteData     i2c.o
    0x080106d2   0x00000002   PAD
    0x080106d4   0x0000006c   Code   RO         1763    i.LEDConfig         led.o
    0x08010740   0x00000030   Code   RO         1630    i.LcdBufferClear    lcdutils.o
    0x08010770   0x0000002c   Code   RO         1631    i.LcdBufferPaint    lcdutils.o
    0x0801079c   0x000000c0   Code   RO         1632    i.LcdCheckCharHz    lcdutils.o
    0x0801085c   0x00000038   Code   RO         1570    i.LcdClear          lcd.o
    0x08010894   0x000000c0   Code   RO         1635    i.LcdDrawOne        lcdutils.o
    0x08010954   0x0000009c   Code   RO         1636    i.LcdDrawPoint      lcdutils.o
    0x080109f0   0x0000005c   Code   RO         1637    i.LcdDrawString     lcdutils.o
    0x08010a4c   0x0000005c   Code   RO         1639    i.LcdDrawStringHCenter  lcdutils.o
    0x08010aa8   0x000000b6   Code   RO         1573    i.LcdInit           lcd.o
    0x08010b5e   0x00000002   PAD
    0x08010b60   0x0000004c   Code   RO         1644    i.LcdSetFont        lcdutils.o
    0x08010bac   0x0000000c   Code   RO         1645    i.LcdSetFontState   lcdutils.o
    0x08010bb8   0x00000024   Code   RO         1575    i.LcdSetPos         lcd.o
    0x08010bdc   0x00000040   Code   RO         1647    i.LcdShowStr2Center  lcdutils.o
    0x08010c1c   0x00000010   Code   RO         1576    i.LcdWriteCommand   lcd.o
    0x08010c2c   0x00000010   Code   RO         1577    i.LcdWriteData      lcd.o
    0x08010c3c   0x00000014   Code   RO         1578    i.LcdWriteDataBytes  lcd.o
    0x08010c50   0x00000004   Code   RO         1227    i.MemManage_Handler  stm32f10x_it.o
    0x08010c54   0x00000002   Code   RO         1228    i.NMI_Handler       stm32f10x_it.o
    0x08010c56   0x00000002   PAD
    0x08010c58   0x00000074   Code   RO           89    i.NVIC_Init         misc.o
    0x08010ccc   0x00000014   Code   RO           91    i.NVIC_SetVectorTable  misc.o
    0x08010ce0   0x0000013c   Code   RO         1855    i.OLEDDisplay       ad.o
    0x08010e1c   0x00000058   Code   RO         2195    i.OSEventNameSet    os_core.o
    0x08010e74   0x00000030   Code   RO         2197    i.OSInit            os_core.o
    0x08010ea4   0x0000000c   Code   RO         2110    i.OSInitHookBegin   os_cpu_c.o
    0x08010eb0   0x00000002   Code   RO         2111    i.OSInitHookEnd     os_cpu_c.o
    0x08010eb2   0x00000002   PAD
    0x08010eb4   0x00000024   Code   RO         2198    i.OSIntEnter        os_core.o
    0x08010ed8   0x00000090   Code   RO         2199    i.OSIntExit         os_core.o
    0x08010f68   0x0000009c   Code   RO         2514    i.OSMutexCreate     os_mutex.o
    0x08011004   0x00000250   Code   RO         2516    i.OSMutexPend       os_mutex.o
    0x08011254   0x000000c8   Code   RO         2517    i.OSMutexPost       os_mutex.o
    0x0801131c   0x00000084   Code   RO         2519    i.OSMutex_RdyAtPrio  os_mutex.o
    0x080113a0   0x00000040   Code   RO         2200    i.OSSchedLock       os_core.o
    0x080113e0   0x00000060   Code   RO         2201    i.OSSchedUnlock     os_core.o
    0x08011440   0x00000054   Code   RO         2633    i.OSSemCreate       os_sem.o
    0x08011494   0x000000f0   Code   RO         2635    i.OSSemPend         os_sem.o
    0x08011584   0x00000058   Code   RO         2637    i.OSSemPost         os_sem.o
    0x080115dc   0x00000048   Code   RO         2202    i.OSStart           os_core.o
    0x08011624   0x00000002   Code   RO         2112    i.OSTCBInitHook     os_cpu_c.o
    0x08011626   0x00000002   PAD
    0x08011628   0x000000b8   Code   RO         2688    i.OSTaskCreateExt   os_task.o
    0x080116e0   0x00000002   Code   RO         2113    i.OSTaskCreateHook  os_cpu_c.o
    0x080116e2   0x00000002   Code   RO         2115    i.OSTaskIdleHook    os_cpu_c.o
    0x080116e4   0x00000070   Code   RO         2692    i.OSTaskNameSet     os_task.o
    0x08011754   0x000000b0   Code   RO         2696    i.OSTaskResume      os_task.o
    0x08011804   0x00000002   Code   RO         2117    i.OSTaskStatHook    os_cpu_c.o
    0x08011806   0x00000002   PAD
    0x08011808   0x0000008c   Code   RO         2697    i.OSTaskStkChk      os_task.o
    0x08011894   0x0000009a   Code   RO         2118    i.OSTaskStkInit     os_cpu_c.o
    0x0801192e   0x00000002   PAD
    0x08011930   0x000000a8   Code   RO         2698    i.OSTaskSuspend     os_task.o
    0x080119d8   0x00000002   Code   RO         2119    i.OSTaskSwHook      os_cpu_c.o
    0x080119da   0x00000002   PAD
    0x080119dc   0x00000078   Code   RO         2782    i.OSTimeDly         os_time.o
    0x08011a54   0x00000060   Code   RO         2783    i.OSTimeDlyHMSM     os_time.o
    0x08011ab4   0x000000f4   Code   RO         2204    i.OSTimeTick        os_core.o
    0x08011ba8   0x00000024   Code   RO         2120    i.OSTimeTickHook    os_cpu_c.o
    0x08011bcc   0x00000014   Code   RO         2822    i.OSTmrSignal       os_tmr.o
    0x08011be0   0x000000f4   Code   RO         2828    i.OSTmr_Init        os_tmr.o
    0x08011cd4   0x00000050   Code   RO         2829    i.OSTmr_InitTask    os_tmr.o
    0x08011d24   0x0000006c   Code   RO         2830    i.OSTmr_Link        os_tmr.o
    0x08011d90   0x00000080   Code   RO         2831    i.OSTmr_Task        os_tmr.o
    0x08011e10   0x00000044   Code   RO         2832    i.OSTmr_Unlink      os_tmr.o
    0x08011e54   0x00000094   Code   RO         2207    i.OS_EventTaskRdy   os_core.o
    0x08011ee8   0x0000002a   Code   RO         2208    i.OS_EventTaskRemove  os_core.o
    0x08011f12   0x0000003c   Code   RO         2209    i.OS_EventTaskRemoveMulti  os_core.o
    0x08011f4e   0x00000002   PAD
    0x08011f50   0x0000007c   Code   RO         2210    i.OS_EventTaskWait  os_core.o
    0x08011fcc   0x0000001c   Code   RO         2212    i.OS_EventWaitListInit  os_core.o
    0x08011fe8   0x00000060   Code   RO         2213    i.OS_InitEventList  os_core.o
    0x08012048   0x00000054   Code   RO         2214    i.OS_InitMisc       os_core.o
    0x0801209c   0x00000044   Code   RO         2215    i.OS_InitRdyList    os_core.o
    0x080120e0   0x00000074   Code   RO         2216    i.OS_InitTCBList    os_core.o
    0x08012154   0x00000050   Code   RO         2217    i.OS_InitTaskIdle   os_core.o
    0x080121a4   0x00000050   Code   RO         2218    i.OS_InitTaskStat   os_core.o
    0x080121f4   0x00000012   Code   RO         2219    i.OS_MemClr         os_core.o
    0x08012206   0x00000002   PAD
    0x08012208   0x00000058   Code   RO         2471    i.OS_MemInit        os_mem.o
    0x08012260   0x00000050   Code   RO         2570    i.OS_QInit          os_q.o
    0x080122b0   0x00000074   Code   RO         2221    i.OS_Sched          os_core.o
    0x08012324   0x0000002c   Code   RO         2222    i.OS_SchedNew       os_core.o
    0x08012350   0x0000013c   Code   RO         2224    i.OS_TCBInit        os_core.o
    0x0801248c   0x00000028   Code   RO         2225    i.OS_TaskIdle       os_core.o
    0x080124b4   0x00000088   Code   RO         2226    i.OS_TaskStat       os_core.o
    0x0801253c   0x0000003c   Code   RO         2227    i.OS_TaskStatStkChk  os_core.o
    0x08012578   0x0000001a   Code   RO         2700    i.OS_TaskStkClr     os_task.o
    0x08012592   0x00000002   PAD
    0x08012594   0x000000b4   Code   RO         1775    i.Pack              package.o
    0x08012648   0x00000028   Code   RO         1776    i.PackageKeyInit    package.o
    0x08012670   0x00000018   Code   RO          297    i.RCC_ADCCLKConfig  stm32f10x_rcc.o
    0x08012688   0x00000020   Code   RO          299    i.RCC_APB1PeriphClockCmd  stm32f10x_rcc.o
    0x080126a8   0x00000020   Code   RO          301    i.RCC_APB2PeriphClockCmd  stm32f10x_rcc.o
    0x080126c8   0x000000dc   Code   RO          309    i.RCC_GetClocksFreq  stm32f10x_rcc.o
    0x080127a4   0x00000044   Code   RO         2046    i.Read374Block      ch374interface.o
    0x080127e8   0x00000034   Code   RO         2047    i.Read374Byte       ch374interface.o
    0x0801281c   0x00000074   Code   RO         1296    i.ReadFactoryConfigParam  recorder.o
    0x08012890   0x00000088   Code   RO         1297    i.ReadFlashDataWithCRC16  recorder.o
    0x08012918   0x00000018   Code   RO          502    i.SPI_Cmd           stm32f10x_spi.o
    0x08012930   0x00000012   Code   RO          510    i.SPI_I2S_GetFlagStatus  stm32f10x_spi.o
    0x08012942   0x00000006   Code   RO          513    i.SPI_I2S_ReceiveData  stm32f10x_spi.o
    0x08012948   0x00000004   Code   RO          514    i.SPI_I2S_SendData  stm32f10x_spi.o
    0x0801294c   0x0000003c   Code   RO          515    i.SPI_Init          stm32f10x_spi.o
    0x08012988   0x00000030   Code   RO         1856    i.STMOpen           ad.o
    0x080129b8   0x00000002   Code   RO         1230    i.SVC_Handler       stm32f10x_it.o
    0x080129ba   0x00000002   PAD
    0x080129bc   0x0000003c   Code   RO         1298    i.SetStayInBoot     recorder.o
    0x080129f8   0x00000008   Code   RO           24    i.SetSysClock       system_stm32f10x.o
    0x08012a00   0x000000dc   Code   RO           25    i.SetSysClockTo72   system_stm32f10x.o
    0x08012adc   0x00000078   Code   RO         1803    i.SlipSimpleCheck   slip.o
    0x08012b54   0x00000086   Code   RO         1804    i.Slip_Pack         slip.o
    0x08012bda   0x000000a0   Code   RO         1805    i.Slip_Unpack       slip.o
    0x08012c7a   0x00000002   PAD
    0x08012c7c   0x00000030   Code   RO         1299    i.SoftReset         recorder.o
    0x08012cac   0x000000c0   Code   RO         1857    i.Sound             ad.o
    0x08012d6c   0x00000064   Code   RO         1392    i.SysTickConfig     delay.o
    0x08012dd0   0x00000020   Code   RO         1231    i.SysTick_Handler   stm32f10x_it.o
    0x08012df0   0x0000001c   Code   RO         1393    i.System72MDelay100us  delay.o
    0x08012e0c   0x0000001c   Code   RO         1394    i.System72MDelay10us  delay.o
    0x08012e28   0x00000018   Code   RO         1395    i.System72MDelay1ms  delay.o
    0x08012e40   0x00000010   Code   RO         1396    i.System72MDelay1us  delay.o
    0x08012e50   0x00000040   Code   RO         1200    i.SystemGpioConfig  systemconfig.o
    0x08012e90   0x00000060   Code   RO           27    i.SystemInit        system_stm32f10x.o
    0x08012ef0   0x000000dc   Code   RO         1154    i.TaskCreate        task.o
    0x08012fcc   0x00000072   Code   RO         1858    i.U16DataFallRank   ad.o
    0x0801303e   0x00000002   PAD
    0x08013040   0x000000c4   Code   RO         1777    i.Unpack            package.o
    0x08013104   0x00000004   Code   RO         1232    i.UsageFault_Handler  stm32f10x_it.o
    0x08013108   0x00000080   Code   RO         1155    i.UsbIdentify       task.o
    0x08013188   0x00000044   Code   RO         2048    i.Write374Block     ch374interface.o
    0x080131cc   0x00000034   Code   RO         2049    i.Write374Byte      ch374interface.o
    0x08013200   0x00000078   Code   RO         1300    i.WriteFactoryConfigParam  recorder.o
    0x08013278   0x000000b4   Code   RO         1301    i.WriteFlashDataWithCRC16  recorder.o
    0x0801332c   0x00000028   Code   RO         3109    i.__ARM_fpclassify  m_ws.l(fpclassify.o)
    0x08013354   0x0000000e   Code   RO         2936    i._is_digit         c_w.l(__printf_wp.o)
    0x08013362   0x00000002   PAD
    0x08013364   0x00001044   Code   RO         1342    i.aes_decrypt       aes.o
    0x080143a8   0x00001040   Code   RO         1343    i.aes_encrypt       aes.o
    0x080153e8   0x00000002   Code   RO         1344    i.aes_gen_tables    aes.o
    0x080153ea   0x00000002   PAD
    0x080153ec   0x000003d4   Code   RO         1345    i.aes_set_key       aes.o
    0x080157c0   0x00000022   Code   RO         1037    i.main              main.o
    0x080157e2   0x00000002   PAD
    0x080157e4   0x0000002c   Code   RO         3105    locale$$code        c_w.l(lc_numeric_c.o)
    0x08015810   0x0000002c   Code   RO         3174    locale$$code        c_w.l(lc_ctype_c.o)
    0x0801583c   0x00000062   Code   RO         2972    x$fpl$d2f           fz_ws.l(d2f.o)
    0x0801589e   0x00000002   PAD
    0x080158a0   0x000002b0   Code   RO         2975    x$fpl$ddiv          fz_ws.l(ddiv.o)
    0x08015b50   0x0000005e   Code   RO         2978    x$fpl$dfix          fz_ws.l(dfix.o)
    0x08015bae   0x00000002   PAD
    0x08015bb0   0x0000005a   Code   RO         2982    x$fpl$dfixu         fz_ws.l(dfixu.o)
    0x08015c0a   0x00000026   Code   RO         2986    x$fpl$dfltu         fz_ws.l(dflt_clz.o)
    0x08015c30   0x00000154   Code   RO         2992    x$fpl$dmul          fz_ws.l(dmul.o)
    0x08015d84   0x0000009c   Code   RO         3040    x$fpl$dnaninf       fz_ws.l(dnaninf.o)
    0x08015e20   0x0000000c   Code   RO         3042    x$fpl$dretinf       fz_ws.l(dretinf.o)
    0x08015e2c   0x00000056   Code   RO         2994    x$fpl$f2d           fz_ws.l(f2d.o)
    0x08015e82   0x00000002   PAD
    0x08015e84   0x000000c4   Code   RO         2996    x$fpl$fadd          fz_ws.l(faddsub_clz.o)
    0x08015f48   0x00000184   Code   RO         3003    x$fpl$fdiv          fz_ws.l(fdiv.o)
    0x080160cc   0x00000036   Code   RO         3006    x$fpl$ffix          fz_ws.l(ffix.o)
    0x08016102   0x00000002   PAD
    0x08016104   0x0000003e   Code   RO         3010    x$fpl$ffixu         fz_ws.l(ffixu.o)
    0x08016142   0x00000002   PAD
    0x08016144   0x00000030   Code   RO         3015    x$fpl$fflt          fz_ws.l(fflt_clz.o)
    0x08016174   0x00000026   Code   RO         3014    x$fpl$ffltu         fz_ws.l(fflt_clz.o)
    0x0801619a   0x00000002   PAD
    0x0801619c   0x00000102   Code   RO         3020    x$fpl$fmul          fz_ws.l(fmul.o)
    0x0801629e   0x0000008c   Code   RO         3044    x$fpl$fnaninf       fz_ws.l(fnaninf.o)
    0x0801632a   0x0000000a   Code   RO         3046    x$fpl$fretinf       fz_ws.l(fretinf.o)
    0x08016334   0x000000ea   Code   RO         2998    x$fpl$fsub          fz_ws.l(faddsub_clz.o)
    0x0801641e   0x00000004   Code   RO         3022    x$fpl$printf1       fz_ws.l(printf1.o)
    0x08016422   0x00000000   Code   RO         3048    x$fpl$usenofp       fz_ws.l(usenofp.o)
    0x08016422   0x00000002   PAD
    0x08016424   0x00002828   Data   RO         1347    .constdata          aes.o
    0x08018c4c   0x00000200   Data   RO         1378    .constdata          crc16.o
    0x08018e4c   0x00001bc4   Data   RO         1650    .constdata          lcdutils.o
    0x0801aa10   0x00000020   Data   RO         1983    .constdata          ch374device.o
    0x0801aa30   0x00000061   Data   RO         2008    .constdata          ch374devicehid.o
    0x0801aa91   0x00000100   Data   RO         2229    .constdata          os_core.o
    0x0801ab91   0x00000011   Data   RO         2939    .constdata          c_w.l(__printf_flags_wp.o)
    0x0801aba2   0x00000002   PAD
    0x0801aba4   0x00000094   Data   RO         3080    .constdata          c_w.l(bigflt0.o)
    0x0801ac38   0x00000020   Data   RO         3252    Region$$Table       anon$$obj.o
    0x0801ac58   0x0000001c   Data   RO         3104    locale$$data        c_w.l(lc_numeric_c.o)
    0x0801ac74   0x00000110   Data   RO         3173    locale$$data        c_w.l(lc_ctype_c.o)


    Execution Region RW_IRAM1 (Base: 0x20000000, Size: 0x00004788, Max: 0x0000c000, ABSOLUTE)

    Base Addr    Size         Type   Attr      Idx    E Section Name        Object

    0x20000000   0x00000014   Data   RW          329    .data               stm32f10x_rcc.o
    0x20000014   0x00000008   Data   RW         1157    .data               task.o
    0x2000001c   0x00000004   Data   RW         1233    .data               stm32f10x_it.o
    0x20000020   0x00000008   Data   RW         1348    .data               aes.o
    0x20000028   0x0000000c   Data   RW         1651    .data               lcdutils.o
    0x20000034   0x00000004   Data   RW         1860    .data               ad.o
    0x20000038   0x00000008   Data   RW         1984    .data               ch374device.o
    0x20000040   0x00000001   Data   RW         2009    .data               ch374devicehid.o
    0x20000041   0x00000001   PAD
    0x20000042   0x00000002   Data   RW         2121    .data               os_cpu_c.o
    0x20000044   0x0000005c   Data   RW         2230    .data               os_core.o
    0x200000a0   0x00000e41   Zero   RW         1156    .bss                task.o
    0x20000ee1   0x00000003   PAD
    0x20000ee4   0x00001000   Zero   RW         1346    .bss                aes.o
    0x20001ee4   0x00000808   Zero   RW         1438    .bss                guestrespond.o
    0x200026ec   0x00000180   Zero   RW         1649    .bss                lcdutils.o
    0x2000286c   0x00000204   Zero   RW         1778    .bss                package.o
    0x20002a70   0x00000020   Zero   RW         1859    .bss                ad.o
    0x20002a90   0x0000002c   Zero   RW         1982    .bss                ch374device.o
    0x20002abc   0x00000404   Zero   RW         2007    .bss                ch374devicehid.o
    0x20002ec0   0x00001268   Zero   RW         2228    .bss                os_core.o
    0x20004128   0x00000060   Zero   RW         3112    .bss                c_w.l(libspace.o)
    0x20004188   0x00000200   Zero   RW           18    HEAP                startup_stm32f10x_hd.o
    0x20004388   0x00000400   Zero   RW           17    STACK               startup_stm32f10x_hd.o


==============================================================================

Image component sizes


      Code (inc. data)   RO Data    RW Data    ZI Data      Debug   Object Name

      2310        194          0          4         32      13595   ad.o
      9306         92      10280          8       4096      14509   aes.o
      1304         66         32          8         44       2813   ch374device.o
       300         24         97          1       1028       3065   ch374devicehid.o
       700         50          0          0          0       4952   ch374interface.o
         0          0          0          0          0       4244   core_cm3.o
        72          8        512          0          0       1260   crc16.o
       196          8          0          0          0      17726   delay.o
      2382        126          0          0       2056       4468   guestrespond.o
       774         32          0          0          0       5071   i2c.o
       326          0          0          0          0       3394   lcd.o
       968         92       7108         12        384       8432   lcdutils.o
       108         12          0          0          0        496   led.o
        34          0          0          0          0      21897   main.o
       136         22          0          0          0       1614   misc.o
      2448        416        256         92       4712      23461   os_core.o
       164         32          0          0          0        312   os_cpu_a.o
       214         10          0          2          0      13609   os_cpu_c.o
        88         14          0          0          0        533   os_mem.o
      1080         72          0          0          0       3772   os_mutex.o
        80          8          0          0          0        559   os_q.o
       412         24          0          0          0       2378   os_sem.o
       806         68          0          0          0       5104   os_task.o
       216         30          0          0          0       1344   os_time.o
       648        138          0          0          0       3815   os_tmr.o
       416         36          0          0        516       2305   package.o
       660         60          0          0          0      19209   recorder.o
       414          0          0          0          0       2396   slip.o
        64         26        304          0       1536        788   startup_stm32f10x_hd.o
       400         10          0          0          0       8673   stm32f10x_adc.o
       200         18          0          0          0       2168   stm32f10x_exti.o
       286         36          0          0          0       4008   stm32f10x_flash.o
       508         10          0          0          0       5196   stm32f10x_gpio.o
        84          6          0          4          0       4478   stm32f10x_it.o
       308         46          0         20          0       5057   stm32f10x_rcc.o
       112          0          0          0          0       3906   stm32f10x_spi.o
       324         26          0          0          0     248349   system_stm32f10x.o
       212         18          0          0          0       1036   systemconfig.o
       564         70          0          8       3649       3947   task.o

    ----------------------------------------------------------------------
     29676       1900      18621        160      18056     473939   Object Totals
         0          0         32          0          0          0   (incl. Generated)
        52          0          0          1          3          0   (incl. Padding)

    ----------------------------------------------------------------------

      Code (inc. data)   RO Data    RW Data    ZI Data      Debug   Library Member Name

        60          8          0          0          0         84   __0sscanf.o
        44          6          0          0          0         84   __2sprintf.o
         8          0          0          0          0         68   __main.o
       316          6         17          0          0         92   __printf_flags_wp.o
        14          0          0          0          0         68   __printf_wp.o
        52          8          0          0          0          0   __scatter.o
        26          0          0          0          0          0   __scatter_copy.o
        28          0          0          0          0          0   __scatter_zi.o
        28          0          0          0          0         68   _chval.o
        48          6          0          0          0         96   _printf_char_common.o
         6          0          0          0          0          0   _printf_d.o
       120         18          0          0          0         92   _printf_dec.o
         6          0          0          0          0          0   _printf_f.o
      1056          0          0          0          0        216   _printf_fp_dec.o
       128         16          0          0          0         84   _printf_fp_infnan.o
       184          0          0          0          0         88   _printf_intcommon.o
        82          0          0          0          0        108   _printf_pad.o
         0          0          0          0          0          0   _printf_percent.o
         4          0          0          0          0          0   _printf_percent_end.o
         6          0          0          0          0          0   _printf_u.o
       880          4          0          0          0        100   _scanf.o
       336          0          0          0          0         96   _scanf_int.o
        64          0          0          0          0         84   _sgetc.o
        10          0          0          0          0         68   _sputc.o
       228          6        148          0          0         96   bigflt0.o
      1910        128          0          0          0        672   btod.o
        12          0          0          0          0         72   exit.o
         6          0          0          0          0        152   heapauxi.o
         0          0          0          0          0          0   indicate_semi.o
        18          0          0          0          0         76   isspace.o
        44         10        272          0          0         76   lc_ctype_c.o
        44         10         28          0          0         76   lc_numeric_c.o
         2          0          0          0          0          0   libinit.o
        30          0          0          0          0          0   libinit2.o
         2          0          0          0          0          0   libshutdown.o
         2          0          0          0          0          0   libshutdown2.o
         8          4          0          0         96         68   libspace.o
       138          0          0          0          0         80   lludiv10.o
        88          0          0          0          0         76   memcmp.o
        16          4          0          0          0         76   rt_ctype_table.o
         8          4          0          0          0         68   rt_locale_intlibspace.o
        68          0          0          0          0         68   rt_memclr.o
        78          0          0          0          0         80   rt_memclr_w.o
       138          0          0          0          0         68   rt_memcpy_v6.o
       100          0          0          0          0         80   rt_memcpy_w.o
         0          0          0          0          0          0   rtentry.o
        12          0          0          0          0          0   rtentry2.o
         6          0          0          0          0          0   rtentry4.o
         2          0          0          0          0          0   rtexit.o
        10          0          0          0          0          0   rtexit2.o
        44          8          0          0          0         84   scanf_char.o
       128          0          0          0          0         68   strcmpv7m.o
        72          0          0          0          0         80   strcpy.o
        86          0          0          0          0         76   strncpy.o
        12          4          0          0          0         68   sys_exit.o
        74          0          0          0          0         80   sys_stackheap_outer.o
         2          0          0          0          0         68   use_no_semi.o
        98          4          0          0          0         92   d2f.o
       688        140          0          0          0        208   ddiv.o
        94          4          0          0          0         92   dfix.o
        90          4          0          0          0         92   dfixu.o
        38          0          0          0          0         68   dflt_clz.o
       340         12          0          0          0        104   dmul.o
       156          4          0          0          0         92   dnaninf.o
        12          0          0          0          0         68   dretinf.o
        86          4          0          0          0         84   f2d.o
       430          8          0          0          0        168   faddsub_clz.o
       388         76          0          0          0         96   fdiv.o
        54          4          0          0          0         84   ffix.o
        62          4          0          0          0         84   ffixu.o
        86          0          0          0          0        136   fflt_clz.o
       258          4          0          0          0         84   fmul.o
       140          4          0          0          0         84   fnaninf.o
        10          0          0          0          0         68   fretinf.o
         4          0          0          0          0         68   printf1.o
         0          0          0          0          0          0   usenofp.o
        40          0          0          0          0         68   fpclassify.o

    ----------------------------------------------------------------------
      9992        522        467          0         96       5744   Library Totals
        24          0          2          0          0          0   (incl. Padding)

    ----------------------------------------------------------------------

      Code (inc. data)   RO Data    RW Data    ZI Data      Debug   Library Name

      6894        250        465          0         96       3904   c_w.l
      3034        272          0          0          0       1772   fz_ws.l
        40          0          0          0          0         68   m_ws.l

    ----------------------------------------------------------------------
      9992        522        467          0         96       5744   Library Totals

    ----------------------------------------------------------------------

==============================================================================


      Code (inc. data)   RO Data    RW Data    ZI Data      Debug   

     39668       2422      19088        160      18152     465851   Grand Totals
     39668       2422      19088        160      18152     465851   ELF Image Totals
     39668       2422      19088        160          0          0   ROM Totals

==============================================================================

    Total RO  Size (Code + RO Data)                58756 (  57.38kB)
    Total RW  Size (RW Data + ZI Data)             18312 (  17.88kB)
    Total ROM Size (Code + RO Data + RW Data)      58916 (  57.54kB)

==============================================================================

