<html>
<body>
<pre>
<h1>礦ision Build Log</h1>
<h2>Project:</h2>
E:\Git\wc\Alarm\报警器代码\AL_V1.0_20200831\KeilMDK\USB.uvproj
Project File Date:  09/30/2020

<h2>Output:</h2>
Build target 'ALARM'
compiling Task.c...
compiling stm32f10x_it.c...
compiling SystemConfig.c...
compiling GuestRespond.c...
compiling MidFunction.c...
compiling Recorder.c...
compiling Watchdog.c...
compiling main.c...
compiling Adc.c...
compiling CRC16.c...
compiling Delay.c...
compiling I2c.c...
compiling LcdUtils.c...
compiling Lcd.c...
compiling Led.c...
compiling Package.c...
compiling Slip.c...
compiling CH374Device.c...
compiling CH374DeviceHid.c...
compiling CH374Interface.c...
linking...
Program Size: Code=40936 RO-data=19324 RW-data=164 ZI-data=19404  
FromELF: creating hex file...
".\obj\ALARM.axf" - 0 Error(s), 0 Warning(s).
Load "E:\\Git\\wc\\Alarm\\报警器代码\\AL_V1.0_20200831\\KeilMDK\\obj\\ALARM.axf" 
Set JLink Project File to "E:\Git\wc\Alarm\报警器代码\AL_V1.0_20200831\KeilMDK\JLinkSettings.ini"
* JLink Info: Device "STM32F103RC" selected (256 KB flash, 48 KB RAM).
 
JLink info:
------------
DLL: V4.40b, compiled Dec 22 2011 10:54:45
Firmware: J-Link V9 compiled Oct 25 2018 11:46:07
Hardware: V9.60
S/N : 69613334 
Feature(s) : RDI, GDB, FlashDL, FlashBP, JFlash 
 
* JLink Info: Found SWD-DP with ID 0x1BA01477
* JLink Info: TPIU fitted.
* JLink Info: ETM fitted.
* JLink Info:   FPUnit: 6 code (BP) slots and 2 literal slots
* JLink Info: Found Cortex-M3 r1p1, Little endian.
ROMTableAddr = 0xE00FF003
* JLink Info: Found SWD-DP with ID 0x1BA01477
* JLink Info: TPIU fitted.
* JLink Info: ETM fitted.
* JLink Info:   FPUnit: 6 code (BP) slots and 2 literal slots
* JLink Info: Found Cortex-M3 r1p1, Little endian.
 
Target info:
------------
Device: STM32F103RC
VTarget = 3.204V
State of Pins: 
TCK: 0, TDI: 0, TDO: 0, TMS: 1, TRES: 1, TRST: 1
Hardware-Breakpoints: 6
Software-Breakpoints: 8192
Watchpoints:          4
JTAG speed: 500 kHz
 
Erase Done.
Programming Done.
Verify OK.
* JLink Info: Found SWD-DP with ID 0x1BA01477
* JLink Info: TPIU fitted.
* JLink Info: ETM fitted.
* JLink Info:   FPUnit: 6 code (BP) slots and 2 literal slots
* JLink Info: Found Cortex-M3 r1p1, Little endian.
Application running ...
</pre>
</body>
</html>
