<html>
<body>
<pre>
<h1>µVision Build Log</h1>
<h2>Project:</h2>
E:\Git\wc\Alarm\AL_V1.0_20200831\KeilMDK\USB.uvproj
Project File Date:  09/15/2020

<h2>Output:</h2>
Build target 'ALARM'
compiling MidFunction.c...
linking...
Program Size: Code=40960 RO-data=19256 RW-data=164 ZI-data=18172  
FromELF: creating hex file...
".\obj\ALARM.axf" - 0 Error(s), 0 Warning(s).
Load "E:\\Git\\wc\\Alarm\\AL_V1.0_20200831\\KeilMDK\\obj\\ALARM.axf" 
Set JLink Project File to "E:\Git\wc\Alarm\AL_V1.0_20200831\KeilMDK\JLinkSettings.ini"
* JLink Info: Device "STM32F103RC" selected (256 KB flash, 48 KB RAM).
 
JLink info:
------------
DLL: V4.40b, compiled Dec 22 2011 10:54:45
Firmware: J-Link V9 compiled Oct 25 2018 11:46:07
Hardware: V9.60
S/N : 69613334 
Feature(s) : RDI, GDB, FlashDL, FlashBP, JFlash 
 
Error: Flash Download failed  -  Target DLL has been cancelled
Load "E:\\Git\\wc\\Alarm\\AL_V1.0_20200831\\KeilMDK\\obj\\ALARM.axf" 
Set JLink Project File to "E:\Git\wc\Alarm\AL_V1.0_20200831\KeilMDK\JLinkSettings.ini"
* JLink Info: Device "STM32F103RC" selected (256 KB flash, 48 KB RAM).
 
JLink info:
------------
DLL: V4.40b, compiled Dec 22 2011 10:54:45
Firmware: J-Link V9 compiled Oct 25 2018 11:46:07
Hardware: V9.60
S/N : 69613334 
Feature(s) : RDI, GDB, FlashDL, FlashBP, JFlash 
 
* JLink Info: Found SWD-DP with ID 0x1BA01477
* JLink Info: TPIU fitted.
* JLink Info: ETM fitted.
* JLink Info:   FPUnit: 6 code (BP) slots and 2 literal slots
* JLink Info: Found Cortex-M3 r1p1, Little endian.
ROMTableAddr = 0xE00FF003
* JLink Info: Found SWD-DP with ID 0x1BA01477
* JLink Info: TPIU fitted.
* JLink Info: ETM fitted.
* JLink Info:   FPUnit: 6 code (BP) slots and 2 literal slots
* JLink Info: Found Cortex-M3 r1p1, Little endian.
 
Target info:
------------
Device: STM32F103RC
VTarget = 3.259V
State of Pins: 
TCK: 0, TDI: 0, TDO: 0, TMS: 1, TRES: 1, TRST: 1
Hardware-Breakpoints: 6
Software-Breakpoints: 8192
Watchpoints:          4
JTAG speed: 4000 kHz
 
Erase Done.
Programming Done.
Verify OK.
* JLink Info: Found SWD-DP with ID 0x1BA01477
* JLink Info: TPIU fitted.
* JLink Info: ETM fitted.
* JLink Info:   FPUnit: 6 code (BP) slots and 2 literal slots
* JLink Info: Found Cortex-M3 r1p1, Little endian.
Application running ...
</pre>
</body>
</html>
TM fitted.
* JLink Info:   FPUnit: 6 code (BP) slots and 2 literal slots
* JLink Info: Found Cortex-M3 r1p1, Little endian.
ROMTableAddr = 0xE00FF003
* JLink Info: Found SWD-DP with ID 0x1BA01477
* JLink Info: TPIU fitted.
* JLink Info: ETM fitted.
* JLink Info:   FPUnit: 6 code (BP) slots and 2 literal slots
* JLink Info: Found Cortex-M3 r1p1, Little endian.
 
Target info:
------------
Device: STM32F103RC
VTarget = 3.238V
State of Pins: 
TCK: 0, TDI: 0, TDO: 0, TMS: 1, TRES: 1, TRST: 1
Hardware-Breakpoints: 6
Software-Breakpoints: 8192
Watchpoints:          4
JTAG speed: 4000 kHz
 
Erase Done.
Programming Done.
Verify OK.
* JLink Info: Found SWD-DP with ID 0x1BA01477
* JLink Info: TPIU fitted.
* JLink Info: ETM fitted.
* JLink Info:   FPUnit: 6 code (BP) slots and 2 literal slots
* JLink Info: Found Cortex-M3 r1p1, Little endian.
Application running ...
