<html>
<body>
<pre>
<h1>礦ision Build Log</h1>
<h2>Project:</h2>
E:\Git\english version\新板子设计\alarm_code_demo\Bootloader\KeilMDK\BootLoader.uvproj
Project File Date:  08/31/2020

<h2>Output:</h2>
Build target 'BootLoader'
compiling UsbRespond.c...
linking...
Program Size: Code=16076 RO-data=11260 RW-data=28 ZI-data=9388  
FromELF: creating hex file...
".\obj\BootLoader.axf" - 0 Error(s), 0 Warning(s).
</pre>
</body>
</html>
compiling Led.c...
compiling UsbRespond.c...
compiling misc.c...
compiling stm32f10x_flash.c...
compiling stm32f10x_gpio.c...
compiling stm32f10x_rcc.c...
compiling stm32f10x_spi.c...
compiling stm32f10x_exti.c...
compiling system_stm32f10x.c...
compiling core_cm3.c...
compiling CH374Device.c...
compiling CH374DeviceHid.c...
compiling CH374Interface.c...
compiling CH374Process.c...
linking...
Program Size: Code=16076 RO-data=11260 RW-data=28 ZI-data=9388  
FromELF: creating hex file...
".\obj\BootLoader.axf" - 0 Error(s), 0 Warning(s).
Load "E:\\Git\\english version\\新板子设计\\alarm_code_demo\\Bootloader\\KeilMDK\\obj\\BootLoader.axf" 
Set JLink Project File to "E:\Git\english version\新板子设计\alarm_code_demo\Bootloader\KeilMDK\JLinkSettings.ini"
* JLink Info: Device "STM32F103RC" selected (256 KB flash, 48 KB RAM).
 
JLink info:
------------
DLL: V4.40b, compiled Dec 22 2011 10:54:45
Firmware: J-Link V9 compiled Oct 25 2018 11:46:07
Hardware: V9.60
S/N : 69613334 
Feature(s) : RDI, GDB, FlashDL, FlashBP, JFlash 
 
* JLink Info: Found SWD-DP with ID 0x1BA01477
* JLink Info: TPIU fitted.
* JLink Info: ETM fitted.
* JLink Info:   FPUnit: 6 code (BP) slots and 2 literal slots
* JLink Info: Found Cortex-M3 r1p1, Little endian.
ROMTableAddr = 0xE00FF003
* JLink Info: Found SWD-DP with ID 0x1BA01477
* JLink Info: TPIU fitted.
* JLink Info: ETM fitted.
* JLink Info:   FPUnit: 6 code (BP) slots and 2 literal slots
* JLink Info: Found Cortex-M3 r1p1, Little endian.
 
Target info:
------------
Device: STM32F103RC
VTarget = 3.174V
State of Pins: 
TCK: 0, TDI: 0, TDO: 0, TMS: 1, TRES: 1, TRST: 1
Hardware-Breakpoints: 6
Software-Breakpoints: 8192
Watchpoints:          4
JTAG speed: 2000 kHz
 
Erase Done.
Programming Done.
Verify OK.
* JLink Info: Found SWD-DP with ID 0x1BA01477
* JLink Info: TPIU fitted.
* JLink Info: ETM fitted.
* JLink Info:   FPUnit: 6 code (BP) slots and 2 literal slots
* JLink Info: Found Cortex-M3 r1p1, Little endian.
Application running ...
